{"state": "AUTHOR_METADATA_ONLY_STARTED", "PID": 1872, "Torch_imported": false}
loading annotations into memory...
Done (t=13.78s)
creating index...
index created!
Dataset Initialized: Fold 0, total 1000 episodes.
{"state": "AUTHOR_METADATA_FOLD_FROZEN", "fold": 0, "episodes": 1000, "elapsed_seconds": 18.81194899044931, "Query_mask_pixels_decoded": false}
loading annotations into memory...
Done (t=11.76s)
creating index...
index created!
Dataset Initialized: Fold 1, total 1000 episodes.
{"state": "AUTHOR_METADATA_FOLD_FROZEN", "fold": 1, "episodes": 2000, "elapsed_seconds": 35.189882008358836, "Query_mask_pixels_decoded": false}
loading annotations into memory...
Done (t=11.70s)
creating index...
index created!
Dataset Initialized: Fold 2, total 1000 episodes.
{"state": "AUTHOR_METADATA_FOLD_FROZEN", "fold": 2, "episodes": 3000, "elapsed_seconds": 51.172285767272115, "Query_mask_pixels_decoded": false}
loading annotations into memory...
Done (t=11.40s)
creating index...
index created!
Dataset Initialized: Fold 3, total 1000 episodes.
{"state": "AUTHOR_METADATA_FOLD_FROZEN", "fold": 3, "episodes": 4000, "elapsed_seconds": 66.96435620449483, "Query_mask_pixels_decoded": false}
{"state": "AUTHOR_METADATA_ONLY4000_PASSED_TORCH_NOT_IMPORTED", "episodes": 4000, "elapsed_seconds": 67.62194762192667}
