Error importing huggingface_hub.hf_api: No module named 'httpcore2'
load <All keys matched successfully>
CRF solver: fw
x0_weight: 0.0
FrankWolfeParams: 
	 scheme:	 fixed 
	 stepsize:	 1.0 (for the 'fixed' scheme) 
	 regularizer:	 l2
	 lambda_:	 1.0
	 lambda_learnable:	 False
	 x0_weight:	 0.0
	 x0_weight_learnable:	 False
Non-trainable lambda for Frank-Wolfe: 1.0
Non-trainable x0_weight for Frank-Wolfe: 0.0
Potts: remove random weights.
Add 3.0 to spatial_weight diagonal
Add 20.0 to bilateral_weight diagonal
Add -1.0 to compatibility diagonal
{"n": 20, "debiased": 19}
{"n": 40, "debiased": 38}
{"n": 60, "debiased": 58}
{"n": 80, "debiased": 78}
{"n": 100, "debiased": 98}
{"n": 120, "debiased": 118}
{"n": 140, "debiased": 138}
{"n": 160, "debiased": 158}
{"n": 180, "debiased": 178}
{"n": 200, "debiased": 198}
{"n": 220, "debiased": 218}
{"n": 240, "debiased": 238}
{"pool": 100}
{"pool": 200}
{"pool": 300}
{"pool": 400}
{"pool": 500}
{"pool": 600}
{"pool": 700}
{"pool": 800}
{"pool": 900}
{"pool": 1000}
{"pool": 1100}
{"pool": 1200}
{"state": "COMPLETED", "episodes": 241, "bit_identical": 241, "debiased": 239, "pool_images": 1200, "pool_patches": 512, "elapsed_s": 710.6155569199473, "pool_reuses_episode_images": false}
