Error importing huggingface_hub.hf_api: No module named 'httpcore2'
load <All keys matched successfully>
CRF solver: fw
x0_weight: 0.0
FrankWolfeParams: 
	 scheme:	 fixed 
	 stepsize:	 1.0 (for the 'fixed' scheme) 
	 regularizer:	 l2
	 lambda_:	 1.0
	 lambda_learnable:	 False
	 x0_weight:	 0.0
	 x0_weight_learnable:	 False
Non-trainable lambda for Frank-Wolfe: 1.0
Non-trainable x0_weight for Frank-Wolfe: 0.0
Potts: remove random weights.
Add 3.0 to spatial_weight diagonal
Add 20.0 to bilateral_weight diagonal
Add -1.0 to compatibility diagonal
{"state": "QK_PAIR_FROZEN_NO_QUERY_GT", "case": "0_11_0", "method_state": "READY", "seconds": 10.223985811695457}
{"state": "QK_PAIR_FROZEN_NO_QUERY_GT", "case": "1_5_1", "method_state": "READY", "seconds": 10.071881674230099}
{"state": "QK_PAIR_FROZEN_NO_QUERY_GT", "case": "2_3_2", "method_state": "READY", "seconds": 10.046802977100015}
{"state": "QK_PAIR_FROZEN_NO_QUERY_GT", "case": "3_1_3", "method_state": "READY", "seconds": 9.974906219169497}
{"state": "QK_PAIR_FROZEN_NO_QUERY_GT", "case": "0_47_4", "method_state": "READY", "seconds": 8.781449081376195}
{"state": "QK_PAIR_FROZEN_NO_QUERY_GT", "case": "1_7_5", "method_state": "READY", "seconds": 9.269632076844573}
{"state": "QK_PAIR_FROZEN_NO_QUERY_GT", "case": "2_5_6", "method_state": "READY", "seconds": 9.051248800009489}
{"state": "QK_PAIR_FROZEN_NO_QUERY_GT", "case": "3_8_7", "method_state": "READY", "seconds": 8.874715268611908}
{"state": "QK_PAIR_FROZEN_NO_QUERY_GT", "case": "0_9_8", "method_state": "NATIVE_FALLBACK", "seconds": 2.3769129812717438}
{"state": "QK_PAIR_FROZEN_NO_QUERY_GT", "case": "1_17_9", "method_state": "READY", "seconds": 9.373323611915112}
{"state": "QK_PAIR_FROZEN_NO_QUERY_GT", "case": "2_34_10", "method_state": "READY", "seconds": 8.72143835015595}
{"state": "QK_PAIR_FROZEN_NO_QUERY_GT", "case": "3_37_11", "method_state": "READY", "seconds": 9.385866796597838}
{"state": "QK_PAIR_FROZEN_NO_QUERY_GT", "case": "0_33_12", "method_state": "READY", "seconds": 9.141130251809955}
{"state": "QK_PAIR_FROZEN_NO_QUERY_GT", "case": "1_6_13", "method_state": "NATIVE_FALLBACK", "seconds": 2.4776478596031666}
{"state": "QK_PAIR_FROZEN_NO_QUERY_GT", "case": "2_1_14", "method_state": "NATIVE_FALLBACK", "seconds": 2.4793750885874033}
{"state": "QK_PAIR_FROZEN_NO_QUERY_GT", "case": "3_3_15", "method_state": "READY", "seconds": 9.384997276589274}
{"state": "QK_PAIR_FROZEN_NO_QUERY_GT", "case": "0_58_16", "method_state": "NATIVE_FALLBACK", "seconds": 2.462854517623782}
{"state": "QK_PAIR_FROZEN_NO_QUERY_GT", "case": "1_43_17", "method_state": "READY", "seconds": 10.052931630983949}
{"state": "QK_PAIR_FROZEN_NO_QUERY_GT", "case": "2_2_18", "method_state": "READY", "seconds": 9.27119354531169}
{"state": "QK_PAIR_FROZEN_NO_QUERY_GT", "case": "3_29_19", "method_state": "READY", "seconds": 8.945423381403089}
{"state": "QK_PAIR_FROZEN_NO_QUERY_GT", "case": "0_8_20", "method_state": "READY", "seconds": 10.222815597429872}
{"state": "QK_PAIR_FROZEN_NO_QUERY_GT", "case": "1_2_21", "method_state": "READY", "seconds": 9.497744800522923}
{"state": "QK_PAIR_FROZEN_NO_QUERY_GT", "case": "2_44_22", "method_state": "READY", "seconds": 8.998206302523613}
{"state": "QK_PAIR_FROZEN_NO_QUERY_GT", "case": "3_13_23", "method_state": "READY", "seconds": 9.029134798794985}
{"state": "QK_PAIR_FROZEN_NO_QUERY_GT", "case": "0_81_24", "method_state": "READY", "seconds": 8.756676781922579}
{"state": "QK_PAIR_FROZEN_NO_QUERY_GT", "case": "1_8_25", "method_state": "READY", "seconds": 8.931930409744382}
{"state": "QK_PAIR_FROZEN_NO_QUERY_GT", "case": "2_8_26", "method_state": "NATIVE_FALLBACK", "seconds": 2.336096417158842}
{"state": "QK_PAIR_FROZEN_NO_QUERY_GT", "case": "3_28_27", "method_state": "NATIVE_FALLBACK", "seconds": 2.352782526984811}
{"state": "QK_PAIR_FROZEN_NO_QUERY_GT", "case": "0_45_28", "method_state": "READY", "seconds": 8.75497753918171}
{"state": "QK_PAIR_FROZEN_NO_QUERY_GT", "case": "1_22_29", "method_state": "READY", "seconds": 8.896574767306447}
{"state": "QK_PAIR_FROZEN_NO_QUERY_GT", "case": "2_9_30", "method_state": "READY", "seconds": 9.252175115048885}
{"state": "QK_PAIR_FROZEN_NO_QUERY_GT", "case": "3_2_31", "method_state": "READY", "seconds": 8.714919377118349}
{"state": "QK_PAIR_FROZEN_NO_QUERY_GT", "case": "0_2_32", "method_state": "READY", "seconds": 8.798411395400763}
{"state": "QK_PAIR_FROZEN_NO_QUERY_GT", "case": "1_42_33", "method_state": "READY", "seconds": 8.691237358376384}
{"state": "QK_PAIR_FROZEN_NO_QUERY_GT", "case": "2_4_34", "method_state": "READY", "seconds": 9.021988276392221}
{"state": "QK_PAIR_FROZEN_NO_QUERY_GT", "case": "3_5_35", "method_state": "READY", "seconds": 9.046575106680393}
{"state": "QK_PAIR_FROZEN_NO_QUERY_GT", "case": "0_3_36", "method_state": "READY", "seconds": 9.204988641664386}
{"state": "QK_PAIR_FROZEN_NO_QUERY_GT", "case": "1_44_37", "method_state": "READY", "seconds": 8.809136394411325}
{"state": "QK_PAIR_FROZEN_NO_QUERY_GT", "case": "2_25_38", "method_state": "READY", "seconds": 9.403297496959567}
{"state": "QK_PAIR_FROZEN_NO_QUERY_GT", "case": "3_15_39", "method_state": "NATIVE_FALLBACK", "seconds": 2.434421455487609}
