Error importing huggingface_hub.hf_api: No module named 'httpcore2'
load <All keys matched successfully>
CRF solver: fw
x0_weight: 0.0
FrankWolfeParams: 
	 scheme:	 fixed 
	 stepsize:	 1.0 (for the 'fixed' scheme) 
	 regularizer:	 l2
	 lambda_:	 1.0
	 lambda_learnable:	 False
	 x0_weight:	 0.0
	 x0_weight_learnable:	 False
Non-trainable lambda for Frank-Wolfe: 1.0
Non-trainable x0_weight for Frank-Wolfe: 0.0
Potts: remove random weights.
Add 3.0 to spatial_weight diagonal
Add 20.0 to bilateral_weight diagonal
Add -1.0 to compatibility diagonal
{"completed": 1, "fold": 0, "c": 0, "inference_s": 4.06925655156374, "native_IU": [139618, 157732], "paired_IU": [142783, 157903]}
{"completed": 2, "fold": 0, "c": 4, "inference_s": 3.1059299893677235, "native_IU": [15354, 22039], "paired_IU": [15059, 21588]}
{"completed": 3, "fold": 0, "c": 8, "inference_s": 3.1317677292972803, "native_IU": [52483, 69785], "paired_IU": [60777, 77079]}
{"completed": 4, "fold": 0, "c": 12, "inference_s": 3.3927220329642296, "native_IU": [13807, 98054], "paired_IU": [13594, 90184]}
{"completed": 5, "fold": 0, "c": 16, "inference_s": 3.289519391953945, "native_IU": [6422, 8851], "paired_IU": [6469, 8879]}
{"completed": 6, "fold": 0, "c": 20, "inference_s": 4.184687161818147, "native_IU": [168448, 203103], "paired_IU": [168671, 203033]}
{"completed": 7, "fold": 0, "c": 24, "inference_s": 3.0281861275434494, "native_IU": [10634, 18729], "paired_IU": [10654, 18754]}
{"completed": 8, "fold": 0, "c": 28, "inference_s": 3.057555790990591, "native_IU": [18308, 22352], "paired_IU": [18292, 22357]}
{"completed": 9, "fold": 0, "c": 32, "inference_s": 3.1064716670662165, "native_IU": [2842, 2996], "paired_IU": [2858, 2998]}
{"completed": 10, "fold": 0, "c": 36, "inference_s": 3.1711674574762583, "native_IU": [4132, 30753], "paired_IU": [4272, 32149]}
{"completed": 11, "fold": 1, "c": 1, "inference_s": 3.6209842171519995, "native_IU": [32505, 58845], "paired_IU": [32480, 58236]}
{"completed": 12, "fold": 1, "c": 5, "inference_s": 3.371438432484865, "native_IU": [29003, 82586], "paired_IU": [29023, 79336]}
{"completed": 13, "fold": 1, "c": 9, "inference_s": 3.1412635054439306, "native_IU": [3390, 8007], "paired_IU": [3457, 11855]}
{"completed": 14, "fold": 1, "c": 13, "inference_s": 3.308606034144759, "native_IU": [48876, 169946], "paired_IU": [32378, 162980]}
{"completed": 15, "fold": 1, "c": 17, "inference_s": 4.059289837256074, "native_IU": [4827, 6232], "paired_IU": [4850, 6252]}
{"completed": 16, "fold": 1, "c": 21, "inference_s": 3.5281303990632296, "native_IU": [89329, 94337], "paired_IU": [89437, 94396]}
{"completed": 17, "fold": 1, "c": 25, "inference_s": 3.1952314283698797, "native_IU": [13553, 16261], "paired_IU": [13542, 16224]}
{"completed": 18, "fold": 1, "c": 29, "inference_s": 3.0710921976715326, "native_IU": [2650, 3029], "paired_IU": [2658, 3037]}
{"completed": 19, "fold": 1, "c": 33, "inference_s": 3.1157511733472347, "native_IU": [1785, 2942], "paired_IU": [2009, 3254]}
{"completed": 20, "fold": 1, "c": 37, "inference_s": 3.1294296234846115, "native_IU": [2575, 3442], "paired_IU": [2588, 3828]}
{"completed": 21, "fold": 2, "c": 2, "inference_s": 3.0794621519744396, "native_IU": [5029, 8419], "paired_IU": [5024, 8471]}
{"completed": 22, "fold": 2, "c": 6, "inference_s": 3.271501714363694, "native_IU": [79507, 95959], "paired_IU": [79674, 96695]}
{"completed": 23, "fold": 2, "c": 10, "inference_s": 3.111374970525503, "native_IU": [56141, 64684], "paired_IU": [56214, 64732]}
{"completed": 24, "fold": 2, "c": 14, "inference_s": 3.4302571322768927, "native_IU": [62618, 91046], "paired_IU": [59739, 91559]}
{"completed": 25, "fold": 2, "c": 18, "inference_s": 3.286597639322281, "native_IU": [26680, 29626], "paired_IU": [26749, 29714]}
{"completed": 26, "fold": 2, "c": 22, "inference_s": 3.207680182531476, "native_IU": [100686, 110539], "paired_IU": [103802, 111369]}
{"completed": 27, "fold": 2, "c": 26, "inference_s": 3.0864851474761963, "native_IU": [6943, 58427], "paired_IU": [6947, 59413]}
{"completed": 28, "fold": 2, "c": 30, "inference_s": 3.269234923645854, "native_IU": [7131, 12931], "paired_IU": [7104, 14941]}
{"completed": 29, "fold": 2, "c": 34, "inference_s": 3.216694224625826, "native_IU": [2456, 7209], "paired_IU": [2538, 8767]}
{"completed": 30, "fold": 2, "c": 38, "inference_s": 3.211444975808263, "native_IU": [7852, 9998], "paired_IU": [7857, 9837]}
{"completed": 31, "fold": 3, "c": 3, "inference_s": 3.7560823261737823, "native_IU": [113975, 155280], "paired_IU": [112272, 155379]}
{"completed": 32, "fold": 3, "c": 7, "inference_s": 3.200735853984952, "native_IU": [8593, 28015], "paired_IU": [8573, 15376]}
{"completed": 33, "fold": 3, "c": 11, "inference_s": 3.281348282471299, "native_IU": [62856, 67095], "paired_IU": [62935, 67130]}
{"completed": 34, "fold": 3, "c": 15, "inference_s": 3.266859870404005, "native_IU": [12795, 13576], "paired_IU": [12840, 13636]}
{"completed": 35, "fold": 3, "c": 19, "inference_s": 3.3177202828228474, "native_IU": [50553, 57751], "paired_IU": [51029, 57852]}
{"completed": 36, "fold": 3, "c": 23, "inference_s": 3.309710832312703, "native_IU": [59055, 71813], "paired_IU": [59010, 71932]}
{"completed": 37, "fold": 3, "c": 27, "inference_s": 3.0661523323506117, "native_IU": [2482, 6910], "paired_IU": [2485, 8654]}
{"completed": 38, "fold": 3, "c": 31, "inference_s": 2.9443021565675735, "native_IU": [1194, 9410], "paired_IU": [1106, 9798]}
{"completed": 39, "fold": 3, "c": 35, "inference_s": 3.1793061774224043, "native_IU": [2319, 2575], "paired_IU": [2329, 2584]}
{"completed": 40, "fold": 3, "c": 39, "inference_s": 3.1339444164186716, "native_IU": [1450, 6560], "paired_IU": [1621, 6545]}
