START mb=8 round=1 arm=dense_phase_associated
/root/miniconda3/lib/python3.12/site-packages/torch/_inductor/fx_passes/fuse_attention.py:851: UserWarning: TensorFloat32 tensor cores for float32 matrix multiplication available but not enabled. Skipping pattern matching to fused flash-attention. Consider setting `torch.set_float32_matmul_precision('high')` for better performance.
  warnings.warn(
DONE mb=8 round=1 arm=dense_phase_associated numeric=PASSED_RANDOM_FIXTURE_ONLY warm_ms=50.64436513930559
START mb=8 round=1 arm=dense_phase_projected
DONE mb=8 round=1 arm=dense_phase_projected numeric=PASSED_RANDOM_FIXTURE_ONLY warm_ms=49.848576076328754
START mb=8 round=1 arm=cached_merged_phase_explicit
/root/miniconda3/lib/python3.12/site-packages/torch/_inductor/compile_fx.py:320: UserWarning: TensorFloat32 tensor cores for float32 matrix multiplication available but not enabled. Consider setting `torch.set_float32_matmul_precision('high')` for better performance.
  warnings.warn(
DONE mb=8 round=1 arm=cached_merged_phase_explicit numeric=PASSED_RANDOM_FIXTURE_ONLY warm_ms=47.42037318646908
START mb=8 round=1 arm=cached_merged_phase_sdpa
DONE mb=8 round=1 arm=cached_merged_phase_sdpa numeric=PASSED_RANDOM_FIXTURE_ONLY warm_ms=54.40210923552513
START mb=8 round=1 arm=factor_merged_phase
DONE mb=8 round=1 arm=factor_merged_phase numeric=PASSED_RANDOM_FIXTURE_ONLY warm_ms=56.43116030842066
START mb=8 round=1 arm=factor_implicit_phase
DONE mb=8 round=1 arm=factor_implicit_phase numeric=PASSED_RANDOM_FIXTURE_ONLY warm_ms=64.26368933171034
START mb=8 round=1 arm=factor_phase
DONE mb=8 round=1 arm=factor_phase numeric=PASSED_RANDOM_FIXTURE_ONLY warm_ms=62.191229313611984
START mb=8 round=1 arm=cached_merged_control
DONE mb=8 round=1 arm=cached_merged_control numeric=PASSED_RANDOM_FIXTURE_ONLY warm_ms=51.35183874517679
START mb=8 round=2 arm=cached_merged_control
DONE mb=8 round=2 arm=cached_merged_control numeric=PASSED_RANDOM_FIXTURE_ONLY warm_ms=52.526930347085
START mb=8 round=2 arm=factor_phase
DONE mb=8 round=2 arm=factor_phase numeric=PASSED_RANDOM_FIXTURE_ONLY warm_ms=56.83318991214037
START mb=8 round=2 arm=factor_implicit_phase
DONE mb=8 round=2 arm=factor_implicit_phase numeric=PASSED_RANDOM_FIXTURE_ONLY warm_ms=63.55377193540335
START mb=8 round=2 arm=factor_merged_phase
DONE mb=8 round=2 arm=factor_merged_phase numeric=PASSED_RANDOM_FIXTURE_ONLY warm_ms=57.20073822885752
START mb=8 round=2 arm=cached_merged_phase_sdpa
DONE mb=8 round=2 arm=cached_merged_phase_sdpa numeric=PASSED_RANDOM_FIXTURE_ONLY warm_ms=54.58286963403225
START mb=8 round=2 arm=cached_merged_phase_explicit
DONE mb=8 round=2 arm=cached_merged_phase_explicit numeric=PASSED_RANDOM_FIXTURE_ONLY warm_ms=47.1353055909276
START mb=8 round=2 arm=dense_phase_projected
DONE mb=8 round=2 arm=dense_phase_projected numeric=PASSED_RANDOM_FIXTURE_ONLY warm_ms=50.05338601768017
START mb=8 round=2 arm=dense_phase_associated
DONE mb=8 round=2 arm=dense_phase_associated numeric=PASSED_RANDOM_FIXTURE_ONLY warm_ms=51.65822058916092
START mb=128 round=1 arm=dense_phase_associated
DONE mb=128 round=1 arm=dense_phase_associated numeric=PASSED_RANDOM_FIXTURE_ONLY warm_ms=35.92641185969114
START mb=128 round=1 arm=dense_phase_projected
DONE mb=128 round=1 arm=dense_phase_projected numeric=PASSED_RANDOM_FIXTURE_ONLY warm_ms=45.927117578685284
START mb=128 round=1 arm=cached_merged_phase_explicit
DONE mb=128 round=1 arm=cached_merged_phase_explicit numeric=PASSED_RANDOM_FIXTURE_ONLY warm_ms=45.62387429177761
START mb=128 round=1 arm=cached_merged_phase_sdpa
DONE mb=128 round=1 arm=cached_merged_phase_sdpa numeric=PASSED_RANDOM_FIXTURE_ONLY warm_ms=50.35759322345257
START mb=128 round=1 arm=factor_merged_phase
DONE mb=128 round=1 arm=factor_merged_phase numeric=PASSED_RANDOM_FIXTURE_ONLY warm_ms=40.50601925700903
START mb=128 round=1 arm=factor_implicit_phase
DONE mb=128 round=1 arm=factor_implicit_phase numeric=PASSED_RANDOM_FIXTURE_ONLY warm_ms=33.56816340237856
START mb=128 round=1 arm=factor_phase
DONE mb=128 round=1 arm=factor_phase numeric=PASSED_RANDOM_FIXTURE_ONLY warm_ms=37.38823998719454
START mb=128 round=1 arm=cached_merged_control
DONE mb=128 round=1 arm=cached_merged_control numeric=PASSED_RANDOM_FIXTURE_ONLY warm_ms=51.004862412810326
START mb=128 round=2 arm=cached_merged_control
DONE mb=128 round=2 arm=cached_merged_control numeric=PASSED_RANDOM_FIXTURE_ONLY warm_ms=51.11524369567633
START mb=128 round=2 arm=factor_phase
DONE mb=128 round=2 arm=factor_phase numeric=PASSED_RANDOM_FIXTURE_ONLY warm_ms=37.41058520972729
START mb=128 round=2 arm=factor_implicit_phase
DONE mb=128 round=2 arm=factor_implicit_phase numeric=PASSED_RANDOM_FIXTURE_ONLY warm_ms=33.61788112670183
START mb=128 round=2 arm=factor_merged_phase
DONE mb=128 round=2 arm=factor_merged_phase numeric=PASSED_RANDOM_FIXTURE_ONLY warm_ms=40.49871489405632
START mb=128 round=2 arm=cached_merged_phase_sdpa
DONE mb=128 round=2 arm=cached_merged_phase_sdpa numeric=PASSED_RANDOM_FIXTURE_ONLY warm_ms=50.73440168052912
START mb=128 round=2 arm=cached_merged_phase_explicit
DONE mb=128 round=2 arm=cached_merged_phase_explicit numeric=PASSED_RANDOM_FIXTURE_ONLY warm_ms=46.50046303868294
START mb=128 round=2 arm=dense_phase_projected
DONE mb=128 round=2 arm=dense_phase_projected numeric=PASSED_RANDOM_FIXTURE_ONLY warm_ms=45.965731143951416
START mb=128 round=2 arm=dense_phase_associated
DONE mb=128 round=2 arm=dense_phase_associated numeric=PASSED_RANDOM_FIXTURE_ONLY warm_ms=35.94320546835661
