central dense_phase_associated 2.7853275241795927e-12 True
central dense_phase_projected 2.0747847884194925e-12 True
central cached_merged_phase_explicit 2.0747847884194925e-12 True
central cached_merged_phase_sdpa 3.510081114654895e-12 True
central factor_merged_phase 2.9700686354772188e-12 True
central factor_implicit_phase 2.1600499167107046e-12 True
central factor_phase 2.9700686354772188e-12 True
central cached_merged_control 2.0889956431346945e-12 True
near_boundary dense_phase_associated 1.1581846592889633e-12 True
near_boundary dense_phase_projected 1.1723955140041653e-12 True
near_boundary cached_merged_phase_explicit 1.1723955140041653e-12 True
near_boundary cached_merged_phase_sdpa 1.7763568394002505e-12 True
near_boundary factor_merged_phase 1.7337242752546445e-12 True
near_boundary factor_implicit_phase 1.8474111129762605e-12 True
near_boundary factor_phase 1.7337242752546445e-12 True
near_boundary cached_merged_control 1.1795009413617663e-12 True
box dense_phase_associated 6.679101716144942e-13 True
box dense_phase_projected 7.318590178329032e-13 True
box cached_merged_phase_explicit 7.318590178329032e-13 True
box cached_merged_phase_sdpa 9.698908343125368e-13 True
box factor_merged_phase 1.149302875091962e-12 True
box factor_implicit_phase 8.313350008393172e-13 True
box factor_phase 1.149302875091962e-12 True
box cached_merged_control 7.354117315117037e-13 True
