concurrent.futures.process._RemoteTraceback: 
"""
Traceback (most recent call last):
  File "/root/miniconda3/lib/python3.12/concurrent/futures/process.py", line 263, in _process_worker
    r = call_item.fn(*call_item.args, **call_item.kwargs)
        ^^^^^^^^^^^^^^^^^^^^^^^^^^^^^^^^^^^^^^^^^^^^^^^^^
  File "/root/miniconda3/lib/python3.12/concurrent/futures/process.py", line 212, in _process_chunk
    return [fn(*args) for args in chunk]
            ^^^^^^^^^
  File "/root/autodl-tmp/cvpr_single_ref_20261005_01a10ba9/launch/region_prototypes_raw241_v1/snapshot/scripts/diagnose_region_prototypes_dev241.py", line 205, in one
    raise ValueError("Projected comparison requires a recorded debiased cache")
ValueError: Projected comparison requires a recorded debiased cache
"""

The above exception was the direct cause of the following exception:

Traceback (most recent call last):
  File "/root/autodl-tmp/cvpr_single_ref_20261005_01a10ba9/launch/region_prototypes_raw241_v1/snapshot/scripts/diagnose_region_prototypes_dev241.py", line 463, in <module>
    main()
  File "/root/autodl-tmp/cvpr_single_ref_20261005_01a10ba9/launch/region_prototypes_raw241_v1/snapshot/scripts/diagnose_region_prototypes_dev241.py", line 414, in main
    for n, result in enumerate(pool.map(one, jobs, chunksize=1), 1):
  File "/root/miniconda3/lib/python3.12/concurrent/futures/process.py", line 642, in _chain_from_iterable_of_lists
    for element in iterable:
  File "/root/miniconda3/lib/python3.12/concurrent/futures/_base.py", line 619, in result_iterator
    yield _result_or_cancel(fs.pop())
          ^^^^^^^^^^^^^^^^^^^^^^^^^^^
  File "/root/miniconda3/lib/python3.12/concurrent/futures/_base.py", line 317, in _result_or_cancel
    return fut.result(timeout)
           ^^^^^^^^^^^^^^^^^^^
  File "/root/miniconda3/lib/python3.12/concurrent/futures/_base.py", line 449, in result
    return self.__get_result()
           ^^^^^^^^^^^^^^^^^^^
  File "/root/miniconda3/lib/python3.12/concurrent/futures/_base.py", line 401, in __get_result
    raise self._exception
ValueError: Projected comparison requires a recorded debiased cache
