Error importing huggingface_hub.hf_api: No module named 'httpcore2'
load <All keys matched successfully>
CRF solver: fw
x0_weight: 0.0
FrankWolfeParams: 
	 scheme:	 fixed 
	 stepsize:	 1.0 (for the 'fixed' scheme) 
	 regularizer:	 l2
	 lambda_:	 1.0
	 lambda_learnable:	 False
	 x0_weight:	 0.0
	 x0_weight_learnable:	 False
Non-trainable lambda for Frank-Wolfe: 1.0
Non-trainable x0_weight for Frank-Wolfe: 0.0
Potts: remove random weights.
Add 3.0 to spatial_weight diagonal
Add 20.0 to bilateral_weight diagonal
Add -1.0 to compatibility diagonal
{"count": 1, "scores": {"foris_crf_brightness075": 88.20796513604337}, "elapsed_s": 8.560738110914826}
{"count": 2, "scores": {"foris_crf_brightness075": 78.99767870230583}, "elapsed_s": 9.915376637130976}
{"count": 3, "scores": {"foris_crf_brightness075": 78.1100210333046}, "elapsed_s": 11.282056113705039}
{"count": 4, "scores": {"foris_crf_brightness075": 62.129194469516335}, "elapsed_s": 12.673711560666561}
{"count": 5, "scores": {"foris_crf_brightness075": 64.36812170379383}, "elapsed_s": 14.0781283788383}
{"count": 6, "scores": {"foris_crf_brightness075": 67.42350597887241}, "elapsed_s": 15.580203717574477}
{"count": 7, "scores": {"foris_crf_brightness075": 65.2495686076614}, "elapsed_s": 16.90482784435153}
{"count": 8, "scores": {"foris_crf_brightness075": 67.30881989874864}, "elapsed_s": 18.27659036964178}
{"count": 9, "scores": {"foris_crf_brightness075": 70.38523161720288}, "elapsed_s": 19.614324416965246}
{"count": 10, "scores": {"foris_crf_brightness075": 64.6876937698931}, "elapsed_s": 21.02249246276915}
