fit {"arm": "score_only", "model_fold": 0, "train_episodes": 3, "epochs": 2, "seeds": 1, "heads": ["dense"]}
fit {"arm": "score_only", "model_fold": 1, "train_episodes": 3, "epochs": 2, "seeds": 1, "heads": ["dense"]}
fit {"arm": "score_only", "model_fold": 2, "train_episodes": 3, "epochs": 2, "seeds": 1, "heads": ["dense"]}
fit {"arm": "score_only", "model_fold": 3, "train_episodes": 3, "epochs": 2, "seeds": 1, "heads": ["dense"]}
fit {"arm": "relations", "model_fold": 0, "train_episodes": 3, "epochs": 2, "seeds": 1, "heads": ["dense"]}
fit {"arm": "relations", "model_fold": 1, "train_episodes": 3, "epochs": 2, "seeds": 1, "heads": ["dense"]}
fit {"arm": "relations", "model_fold": 2, "train_episodes": 3, "epochs": 2, "seeds": 1, "heads": ["dense"]}
fit {"arm": "relations", "model_fold": 3, "train_episodes": 3, "epochs": 2, "seeds": 1, "heads": ["dense"]}
curve 1 {"score_only": {"gain": -72.3313954597202, "ci95": [-73.74301675977654, -70.91977415966386], "training_fit": -72.3313954597202}, "relations": {"gain": -72.3313954597202, "ci95": [-73.74301675977654, -70.91977415966386], "training_fit": -72.3313954597202}, "fit_counts": {"0": 3, "1": 3, "2": 3, "3": 3}, "independently_initialized": true}
fit {"arm": "score_only", "model_fold": 0, "train_episodes": 3, "epochs": 2, "seeds": 1, "heads": ["dense", "size", "quality"]}
fit {"arm": "score_only", "model_fold": 1, "train_episodes": 3, "epochs": 2, "seeds": 1, "heads": ["dense", "size", "quality"]}
fit {"arm": "score_only", "model_fold": 2, "train_episodes": 3, "epochs": 2, "seeds": 1, "heads": ["dense", "size", "quality"]}
fit {"arm": "score_only", "model_fold": 3, "train_episodes": 3, "epochs": 2, "seeds": 1, "heads": ["dense", "size", "quality"]}
fit {"arm": "relations", "model_fold": 0, "train_episodes": 3, "epochs": 2, "seeds": 1, "heads": ["dense", "size", "quality"]}
fit {"arm": "relations", "model_fold": 1, "train_episodes": 3, "epochs": 2, "seeds": 1, "heads": ["dense", "size", "quality"]}
fit {"arm": "relations", "model_fold": 2, "train_episodes": 3, "epochs": 2, "seeds": 1, "heads": ["dense", "size", "quality"]}
fit {"arm": "relations", "model_fold": 3, "train_episodes": 3, "epochs": 2, "seeds": 1, "heads": ["dense", "size", "quality"]}
fit {"arm": "relations_pca", "model_fold": 0, "train_episodes": 3, "epochs": 2, "seeds": 1, "heads": ["dense"]}
fit {"arm": "relations_pca", "model_fold": 1, "train_episodes": 3, "epochs": 2, "seeds": 1, "heads": ["dense"]}
fit {"arm": "relations_pca", "model_fold": 2, "train_episodes": 3, "epochs": 2, "seeds": 1, "heads": ["dense"]}
fit {"arm": "relations_pca", "model_fold": 3, "train_episodes": 3, "epochs": 2, "seeds": 1, "heads": ["dense"]}
score_only {"dense": {"patch_miou": 0.0, "gain": -72.33, "ci95": [-73.74301675977654, -70.91977415966386], "folds_up": 0}, "dense_area": {"patch_miou": 13.88, "gain": -58.45, "ci95": [-59.66487437935385, -57.23082265693162], "folds_up": 0, "log_error_std": 0.02, "log_error_bias": 1.97, "log_error_median_abs": 1.98}, "training_fit_gain_mean_iou": -72.3313954597202, "inputs": 32, "size": {"patch_miou": 4.74, "gain": -67.59, "ci95": [-69.00224971432199, -66.17403319086254], "folds_up": 0, "log_error_std": 0.01, "log_error_bias": 3.05, "log_error_median_abs": 3.05}, "quality": {"patch_miou": 34.25, "gain": -38.08, "ci95": [-50.93896270572249, -25.223687447952152], "folds_up": 0, "rank_correlation_with_true_iou": -0.41}, "dense_removal": {"patch_miou": 0.0, "gain": -72.33, "ci95": [-73.74301675977654, -70.91977415966386], "folds_up": 0}, "dense_area_removal": {"patch_miou": 72.33, "gain": 0.0, "ci95": [0.0, 0.0], "folds_up": 0}, "size_removal": {"patch_miou": 72.33, "gain": 0.0, "ci95": [0.0, 0.0], "folds_up": 0}, "quality_removal": {"patch_miou": 72.33, "gain": 0.0, "ci95": [0.0, 0.0], "folds_up": 0}}
relations {"dense": {"patch_miou": 0.0, "gain": -72.33, "ci95": [-73.74301675977654, -70.91977415966386], "folds_up": 0}, "dense_area": {"patch_miou": 14.11, "gain": -58.22, "ci95": [-59.55332625666743, -56.87972387230754], "folds_up": 0, "log_error_std": 0.02, "log_error_bias": 1.96, "log_error_median_abs": 1.96}, "training_fit_gain_mean_iou": -72.3313954597202, "inputs": 32, "size": {"patch_miou": 4.82, "gain": -67.51, "ci95": [-68.90741589929308, -66.118686490779], "folds_up": 0, "log_error_std": 0.01, "log_error_bias": 3.03, "log_error_median_abs": 3.03}, "quality": {"patch_miou": 46.23, "gain": -26.11, "ci95": [-50.693168800813396, -1.5169540379249469], "folds_up": 0, "rank_correlation_with_true_iou": -0.02}, "dense_removal": {"patch_miou": 0.0, "gain": -72.33, "ci95": [-73.74301675977654, -70.91977415966386], "folds_up": 0}, "dense_area_removal": {"patch_miou": 72.33, "gain": 0.0, "ci95": [0.0, 0.0], "folds_up": 0}, "size_removal": {"patch_miou": 72.33, "gain": 0.0, "ci95": [0.0, 0.0], "folds_up": 0}, "quality_removal": {"patch_miou": 71.57, "gain": -0.76, "ci95": [-1.5169540379249469, 0.0], "folds_up": 0}, "dense_over_score_only": {"patch_miou": 0.0, "gain": 0.0, "ci95": [0.0, 0.0], "folds_up": 0}}
relations_pca {"dense": {"patch_miou": 0.0, "gain": -72.33, "ci95": [-73.74301675977654, -70.91977415966386], "folds_up": 0}, "dense_area": {"patch_miou": 14.3, "gain": -58.03, "ci95": [-59.1782846169194, -56.87972387230754], "folds_up": 0, "log_error_std": 0.03, "log_error_bias": 1.94, "log_error_median_abs": 1.95}, "training_fit_gain_mean_iou": -72.3313954597202, "inputs": 32, "dense_removal": {"patch_miou": 0.0, "gain": -72.33, "ci95": [-73.74301675977654, -70.91977415966386], "folds_up": 0}, "dense_area_removal": {"patch_miou": 72.33, "gain": 0.0, "ci95": [0.0, 0.0], "folds_up": 0}, "dense_over_score_only": {"patch_miou": 0.0, "gain": 0.0, "ci95": [0.0, 0.0], "folds_up": 0}}
{"state": "DEVELOPMENT_SELECTED_CONFIRM_SEALED", "selected": {"input_arm": "relations", "head": "dense_area_removal", "variant": "removal"}, "selection": "/root/autodl-tmp/demo9_transductive_ics/results/extent_head_t1_preparation/fixture_fit/development/selection.json"}
