Traceback (most recent call last):
  File "/root/autodl-tmp/cvpr_single_ref_20261005_01a10ba9/launch/direct_mean_graft_identity_bound_v1/snapshot/scripts/diagnose_direct_mean_graft_bound_v1.py", line 186, in <module>
    if __name__=="__main__":main()
                            ^^^^^^
  File "/root/autodl-tmp/cvpr_single_ref_20261005_01a10ba9/launch/direct_mean_graft_identity_bound_v1/snapshot/scripts/diagnose_direct_mean_graft_bound_v1.py", line 154, in main
    val={r["key"]:r for r in validation};write(a.out/"validation1200.json",dict(state="ALL1200_IDENTITY_FIELD_BOUND_AND_MASK_XOR_VALIDATED",rows=validation,
                                         ^^^^^^^^^^^^^^^^^^^^^^^^^^^^^^^^^^^^^^^^^^^^^^^^^^^^^^^^^^^^^^^^^^^^^^^^^^^^^^^^^^^^^^^^^^^^^^^^^^^^^^^^^^^^^^^^^^^
  File "/root/autodl-tmp/cvpr_single_ref_20261005_01a10ba9/launch/direct_mean_graft_identity_bound_v1/snapshot/scripts/diagnose_direct_mean_graft_bound_v1.py", line 28, in write
    def write(p,v):Path(p).write_text(json.dumps(v,indent=2,allow_nan=False)+"\n")
                                      ^^^^^^^^^^^^^^^^^^^^^^^^^^^^^^^^^^^^^^
  File "/root/miniconda3/lib/python3.12/json/__init__.py", line 238, in dumps
    **kw).encode(obj)
          ^^^^^^^^^^^
  File "/root/miniconda3/lib/python3.12/json/encoder.py", line 202, in encode
    chunks = list(chunks)
             ^^^^^^^^^^^^
  File "/root/miniconda3/lib/python3.12/json/encoder.py", line 432, in _iterencode
    yield from _iterencode_dict(o, _current_indent_level)
  File "/root/miniconda3/lib/python3.12/json/encoder.py", line 406, in _iterencode_dict
    yield from chunks
  File "/root/miniconda3/lib/python3.12/json/encoder.py", line 326, in _iterencode_list
    yield from chunks
  File "/root/miniconda3/lib/python3.12/json/encoder.py", line 406, in _iterencode_dict
    yield from chunks
  File "/root/miniconda3/lib/python3.12/json/encoder.py", line 439, in _iterencode
    o = _default(o)
        ^^^^^^^^^^^
  File "/root/miniconda3/lib/python3.12/json/encoder.py", line 180, in default
    raise TypeError(f'Object of type {o.__class__.__name__} '
TypeError: Object of type float32 is not JSON serializable
