/root/autodl-tmp/demo1_sam/runs/takeover_20261001_v1/tools/takeover_train_rank.py:61: UserWarning: Converting a tensor with requires_grad=True to a scalar may lead to unexpected behavior.
Consider using tensor.detach() first. (Triggered internally at /pytorch/torch/csrc/autograd/generated/python_variable_methods.cpp:838.)
  optimizer.zero_grad(set_to_none=True);loss=nn.functional.cross_entropy(model(tx[indices]),ty[indices]);loss.backward();nn.utils.clip_grad_norm_(model.parameters(),1);optimizer.step();total+=float(loss)*len(indices)
{"variant": "geometry_distilled", "seed": 2027, "best_epoch": 25, "epoch": 25, "train_cross_entropy": 0.521569518502531, "validation_cross_entropy": 0.5634355545043945, "validation_target_agreement": 0.7818351984024048, "validation_mean_iou": 0.714541112927341}
{"variant": "geometry_distilled", "seed": 2027, "best_epoch": 40, "epoch": 50, "train_cross_entropy": 0.4784009783859271, "validation_cross_entropy": 0.5594764351844788, "validation_target_agreement": 0.7874531745910645, "validation_mean_iou": 0.7120218439094632}
{"variant": "geometry_distilled", "seed": 2027, "best_epoch": 40, "epoch": 75, "train_cross_entropy": 0.4485674206494055, "validation_cross_entropy": 0.5813466310501099, "validation_target_agreement": 0.7743445634841919, "validation_mean_iou": 0.7105935345163739}
{"variant": "geometry_distilled", "seed": 2027, "best_epoch": 40, "epoch": 100, "train_cross_entropy": 0.42367006805487434, "validation_cross_entropy": 0.5938705205917358, "validation_target_agreement": 0.7827715277671814, "validation_mean_iou": 0.70682788802937}
{"status": "COMPLETED", "variant": "geometry_distilled", "seed": 2027, "epochs": 100, "selected_epoch": 40, "selection_criterion": "teacher CE", "parameter_count": 4481, "wall_seconds": 5.236446600407362}
{"variant": "geometry_distilled", "seed": 2028, "best_epoch": 25, "epoch": 25, "train_cross_entropy": 0.5149740582891769, "validation_cross_entropy": 0.5588760375976562, "validation_target_agreement": 0.7780898809432983, "validation_mean_iou": 0.7152885297797569}
{"variant": "geometry_distilled", "seed": 2028, "best_epoch": 47, "epoch": 50, "train_cross_entropy": 0.47814971420947117, "validation_cross_entropy": 0.550523042678833, "validation_target_agreement": 0.7865168452262878, "validation_mean_iou": 0.7157907437102637}
{"variant": "geometry_distilled", "seed": 2028, "best_epoch": 53, "epoch": 75, "train_cross_entropy": 0.4512071226244514, "validation_cross_entropy": 0.5601149201393127, "validation_target_agreement": 0.7780898809432983, "validation_mean_iou": 0.7170211465661864}
{"variant": "geometry_distilled", "seed": 2028, "best_epoch": 53, "epoch": 100, "train_cross_entropy": 0.4258446257493332, "validation_cross_entropy": 0.577019989490509, "validation_target_agreement": 0.7818351984024048, "validation_mean_iou": 0.7160386436562582}
{"status": "COMPLETED", "variant": "geometry_distilled", "seed": 2028, "epochs": 103, "selected_epoch": 53, "selection_criterion": "teacher CE", "parameter_count": 4481, "wall_seconds": 5.088777426630259}
{"variant": "geometry_distilled", "seed": 2029, "best_epoch": 25, "epoch": 25, "train_cross_entropy": 0.5174665352127891, "validation_cross_entropy": 0.5685158371925354, "validation_target_agreement": 0.7734082341194153, "validation_mean_iou": 0.7134374208049414}
{"variant": "geometry_distilled", "seed": 2029, "best_epoch": 44, "epoch": 50, "train_cross_entropy": 0.47268995962621346, "validation_cross_entropy": 0.5637037754058838, "validation_target_agreement": 0.7808988690376282, "validation_mean_iou": 0.7166891905881106}
{"variant": "geometry_distilled", "seed": 2029, "best_epoch": 55, "epoch": 75, "train_cross_entropy": 0.4523506216945863, "validation_cross_entropy": 0.5743120312690735, "validation_target_agreement": 0.7799625396728516, "validation_mean_iou": 0.7152118067522427}
{"variant": "geometry_distilled", "seed": 2029, "best_epoch": 55, "epoch": 100, "train_cross_entropy": 0.4294073692353969, "validation_cross_entropy": 0.5841208696365356, "validation_target_agreement": 0.7846441864967346, "validation_mean_iou": 0.7118840283230773}
{"status": "COMPLETED", "variant": "geometry_distilled", "seed": 2029, "epochs": 105, "selected_epoch": 55, "selection_criterion": "teacher CE", "parameter_count": 4481, "wall_seconds": 5.110678555443883}
{"variant": "latent_distilled", "seed": 2027, "best_epoch": 4, "epoch": 25, "train_cross_entropy": 0.06283973557354976, "validation_cross_entropy": 1.1856505870819092, "validation_target_agreement": 0.7415730357170105, "validation_mean_iou": 0.6984466471777369}
{"variant": "latent_distilled", "seed": 2027, "best_epoch": 4, "epoch": 50, "train_cross_entropy": 0.018939844862262353, "validation_cross_entropy": 1.5804466009140015, "validation_target_agreement": 0.7518726587295532, "validation_mean_iou": 0.7005252971422657}
{"variant": "latent_distilled", "seed": 2027, "best_epoch": 4, "epoch": 75, "train_cross_entropy": 0.015450525274382362, "validation_cross_entropy": 1.819446086883545, "validation_target_agreement": 0.7350187301635742, "validation_mean_iou": 0.7047951435808497}
{"variant": "latent_distilled", "seed": 2027, "best_epoch": 4, "epoch": 100, "train_cross_entropy": 0.011937523625295066, "validation_cross_entropy": 1.9203282594680786, "validation_target_agreement": 0.7256554365158081, "validation_mean_iou": 0.7029811357913712}
{"status": "COMPLETED", "variant": "latent_distilled", "seed": 2027, "epochs": 100, "selected_epoch": 4, "selection_criterion": "teacher CE", "parameter_count": 53633, "wall_seconds": 4.930326707661152}
{"variant": "latent_distilled", "seed": 2028, "best_epoch": 3, "epoch": 25, "train_cross_entropy": 0.051296497108759706, "validation_cross_entropy": 1.2016890048980713, "validation_target_agreement": 0.7406367063522339, "validation_mean_iou": 0.7006865750696372}
{"variant": "latent_distilled", "seed": 2028, "best_epoch": 3, "epoch": 50, "train_cross_entropy": 0.037603225545024176, "validation_cross_entropy": 1.716232419013977, "validation_target_agreement": 0.7443820238113403, "validation_mean_iou": 0.7056379910210405}
{"variant": "latent_distilled", "seed": 2028, "best_epoch": 3, "epoch": 75, "train_cross_entropy": 0.01120649971285345, "validation_cross_entropy": 1.8538318872451782, "validation_target_agreement": 0.7415730357170105, "validation_mean_iou": 0.701236187728723}
{"variant": "latent_distilled", "seed": 2028, "best_epoch": 3, "epoch": 100, "train_cross_entropy": 0.010093711414389693, "validation_cross_entropy": 2.0213019847869873, "validation_target_agreement": 0.7490636706352234, "validation_mean_iou": 0.7007869072509871}
{"status": "COMPLETED", "variant": "latent_distilled", "seed": 2028, "epochs": 100, "selected_epoch": 3, "selection_criterion": "teacher CE", "parameter_count": 53633, "wall_seconds": 4.983061112463474}
{"variant": "latent_distilled", "seed": 2029, "best_epoch": 4, "epoch": 25, "train_cross_entropy": 0.056051157889961914, "validation_cross_entropy": 1.1689550876617432, "validation_target_agreement": 0.7406367063522339, "validation_mean_iou": 0.6905112064097475}
{"variant": "latent_distilled", "seed": 2029, "best_epoch": 4, "epoch": 50, "train_cross_entropy": 0.019137656847971234, "validation_cross_entropy": 1.6246323585510254, "validation_target_agreement": 0.7453183531761169, "validation_mean_iou": 0.6990990031227409}
{"variant": "latent_distilled", "seed": 2029, "best_epoch": 4, "epoch": 75, "train_cross_entropy": 0.01708689060645502, "validation_cross_entropy": 1.854805588722229, "validation_target_agreement": 0.7425093650817871, "validation_mean_iou": 0.6993385540594745}
{"variant": "latent_distilled", "seed": 2029, "best_epoch": 4, "epoch": 100, "train_cross_entropy": 0.01159280584568391, "validation_cross_entropy": 2.041485071182251, "validation_target_agreement": 0.7434456944465637, "validation_mean_iou": 0.6949018699440903}
{"status": "COMPLETED", "variant": "latent_distilled", "seed": 2029, "epochs": 100, "selected_epoch": 4, "selection_criterion": "teacher CE", "parameter_count": 53633, "wall_seconds": 4.796910654753447}
{"variant": "geometry_supervised", "seed": 2027, "best_epoch": 9, "epoch": 25, "train_cross_entropy": 0.7117667714866517, "validation_cross_entropy": 0.7606621384620667, "validation_target_agreement": 0.6507490873336792, "validation_mean_iou": 0.725582329230571}
{"variant": "geometry_supervised", "seed": 2027, "best_epoch": 28, "epoch": 50, "train_cross_entropy": 0.6748918291553331, "validation_cross_entropy": 0.7772833704948425, "validation_target_agreement": 0.6526217460632324, "validation_mean_iou": 0.7162794052146652}
{"variant": "geometry_supervised", "seed": 2027, "best_epoch": 28, "epoch": 75, "train_cross_entropy": 0.6472548198319912, "validation_cross_entropy": 0.7936587929725647, "validation_target_agreement": 0.6582397222518921, "validation_mean_iou": 0.7206337975093492}
{"variant": "geometry_supervised", "seed": 2027, "best_epoch": 28, "epoch": 100, "train_cross_entropy": 0.6113405070336168, "validation_cross_entropy": 0.8294386267662048, "validation_target_agreement": 0.6666666865348816, "validation_mean_iou": 0.718822607835224}
{"status": "COMPLETED", "variant": "geometry_supervised", "seed": 2027, "epochs": 100, "selected_epoch": 28, "selection_criterion": "validation meanIoU", "parameter_count": 4481, "wall_seconds": 4.7018712013959885}
{"variant": "geometry_supervised", "seed": 2028, "best_epoch": 6, "epoch": 25, "train_cross_entropy": 0.7085323814098342, "validation_cross_entropy": 0.7664715051651001, "validation_target_agreement": 0.653558075428009, "validation_mean_iou": 0.7217594211755458}
{"variant": "geometry_supervised", "seed": 2028, "best_epoch": 6, "epoch": 50, "train_cross_entropy": 0.6652719075278503, "validation_cross_entropy": 0.7845028042793274, "validation_target_agreement": 0.6619850397109985, "validation_mean_iou": 0.7216201680314802}
{"variant": "geometry_supervised", "seed": 2028, "best_epoch": 6, "epoch": 75, "train_cross_entropy": 0.6305445763520439, "validation_cross_entropy": 0.8127435445785522, "validation_target_agreement": 0.6647940278053284, "validation_mean_iou": 0.7212921079787947}
{"variant": "geometry_supervised", "seed": 2028, "best_epoch": 6, "epoch": 100, "train_cross_entropy": 0.6009418888937069, "validation_cross_entropy": 0.8529555797576904, "validation_target_agreement": 0.665730357170105, "validation_mean_iou": 0.7202172137523564}
{"status": "COMPLETED", "variant": "geometry_supervised", "seed": 2028, "epochs": 100, "selected_epoch": 6, "selection_criterion": "validation meanIoU", "parameter_count": 4481, "wall_seconds": 4.7809944953769445}
{"variant": "geometry_supervised", "seed": 2029, "best_epoch": 16, "epoch": 25, "train_cross_entropy": 0.7084200077922033, "validation_cross_entropy": 0.7610691785812378, "validation_target_agreement": 0.6582397222518921, "validation_mean_iou": 0.7268941190292524}
{"variant": "geometry_supervised", "seed": 2029, "best_epoch": 16, "epoch": 50, "train_cross_entropy": 0.6605589846686136, "validation_cross_entropy": 0.779427170753479, "validation_target_agreement": 0.6741573214530945, "validation_mean_iou": 0.720491812749596}
{"variant": "geometry_supervised", "seed": 2029, "best_epoch": 16, "epoch": 75, "train_cross_entropy": 0.6315787584358015, "validation_cross_entropy": 0.812308669090271, "validation_target_agreement": 0.6573033928871155, "validation_mean_iou": 0.7133404719790072}
{"variant": "geometry_supervised", "seed": 2029, "best_epoch": 16, "epoch": 100, "train_cross_entropy": 0.6016322137378384, "validation_cross_entropy": 0.8442251086235046, "validation_target_agreement": 0.653558075428009, "validation_mean_iou": 0.715011220412208}
{"status": "COMPLETED", "variant": "geometry_supervised", "seed": 2029, "epochs": 100, "selected_epoch": 16, "selection_criterion": "validation meanIoU", "parameter_count": 4481, "wall_seconds": 4.595981040969491}
{"variant": "latent_supervised", "seed": 2027, "best_epoch": 16, "epoch": 25, "train_cross_entropy": 0.08651076618056312, "validation_cross_entropy": 1.4543673992156982, "validation_target_agreement": 0.6348314881324768, "validation_mean_iou": 0.7223977972096076}
{"variant": "latent_supervised", "seed": 2027, "best_epoch": 16, "epoch": 50, "train_cross_entropy": 0.03581886466433618, "validation_cross_entropy": 2.044576644897461, "validation_target_agreement": 0.6254681944847107, "validation_mean_iou": 0.7202868419164135}
{"variant": "latent_supervised", "seed": 2027, "best_epoch": 16, "epoch": 75, "train_cross_entropy": 0.030845158182842544, "validation_cross_entropy": 2.2283780574798584, "validation_target_agreement": 0.6357678174972534, "validation_mean_iou": 0.7221873893249448}
{"variant": "latent_supervised", "seed": 2027, "best_epoch": 16, "epoch": 100, "train_cross_entropy": 0.012764177984609132, "validation_cross_entropy": 2.5621068477630615, "validation_target_agreement": 0.6207865476608276, "validation_mean_iou": 0.7228791863292848}
{"status": "COMPLETED", "variant": "latent_supervised", "seed": 2027, "epochs": 100, "selected_epoch": 16, "selection_criterion": "validation meanIoU", "parameter_count": 53633, "wall_seconds": 4.8647686038166285}
{"variant": "latent_supervised", "seed": 2028, "best_epoch": 11, "epoch": 25, "train_cross_entropy": 0.08878004116403962, "validation_cross_entropy": 1.4100672006607056, "validation_target_agreement": 0.6385768055915833, "validation_mean_iou": 0.7234840193614164}
{"variant": "latent_supervised", "seed": 2028, "best_epoch": 11, "epoch": 50, "train_cross_entropy": 0.044046275729843556, "validation_cross_entropy": 2.097898244857788, "validation_target_agreement": 0.6441947817802429, "validation_mean_iou": 0.7266506234876201}
{"variant": "latent_supervised", "seed": 2028, "best_epoch": 11, "epoch": 75, "train_cross_entropy": 0.028821627966154922, "validation_cross_entropy": 2.2622928619384766, "validation_target_agreement": 0.6423221230506897, "validation_mean_iou": 0.7226047389547192}
{"variant": "latent_supervised", "seed": 2028, "best_epoch": 11, "epoch": 100, "train_cross_entropy": 0.017492750102450633, "validation_cross_entropy": 2.575108528137207, "validation_target_agreement": 0.6357678174972534, "validation_mean_iou": 0.722464898711316}
{"status": "COMPLETED", "variant": "latent_supervised", "seed": 2028, "epochs": 100, "selected_epoch": 11, "selection_criterion": "validation meanIoU", "parameter_count": 53633, "wall_seconds": 4.966016033664346}
{"variant": "latent_supervised", "seed": 2029, "best_epoch": 16, "epoch": 25, "train_cross_entropy": 0.06992478728944071, "validation_cross_entropy": 1.4970952272415161, "validation_target_agreement": 0.6329588294029236, "validation_mean_iou": 0.7204418279170447}
{"variant": "latent_supervised", "seed": 2029, "best_epoch": 16, "epoch": 50, "train_cross_entropy": 0.03125643769721861, "validation_cross_entropy": 1.9529261589050293, "validation_target_agreement": 0.6582397222518921, "validation_mean_iou": 0.7266813022643688}
{"variant": "latent_supervised", "seed": 2029, "best_epoch": 16, "epoch": 75, "train_cross_entropy": 0.01949517648410361, "validation_cross_entropy": 2.1124885082244873, "validation_target_agreement": 0.6329588294029236, "validation_mean_iou": 0.7193123866463567}
{"variant": "latent_supervised", "seed": 2029, "best_epoch": 16, "epoch": 100, "train_cross_entropy": 0.015986854985069906, "validation_cross_entropy": 2.368997097015381, "validation_target_agreement": 0.6385768055915833, "validation_mean_iou": 0.7188084130821564}
{"status": "COMPLETED", "variant": "latent_supervised", "seed": 2029, "epochs": 100, "selected_epoch": 16, "selection_criterion": "validation meanIoU", "parameter_count": 53633, "wall_seconds": 4.889277318492532}
