CRF solver: fw
x0_weight: 0.0
FrankWolfeParams: 
	 scheme:	 fixed 
	 stepsize:	 1.0 (for the 'fixed' scheme) 
	 regularizer:	 l2
	 lambda_:	 1.0
	 lambda_learnable:	 False
	 x0_weight:	 0.0
	 x0_weight_learnable:	 False
Non-trainable lambda for Frank-Wolfe: 1.0
Non-trainable x0_weight for Frank-Wolfe: 0.0
Potts: remove random weights.
Add 3.0 to spatial_weight diagonal
Add 20.0 to bilateral_weight diagonal
Add -1.0 to compatibility diagonal
{"pair": "1_5_1", "episodes": 2, "joint_flip_IU": [31479, 57928], "native_IU": [32426, 58426], "same_count_IU": [32090, 56096], "seconds": 17.60626929998398}
{"pair": "2_3_2", "episodes": 3, "joint_flip_IU": [4838, 8298], "native_IU": [5071, 8419], "same_count_IU": [4896, 8262], "seconds": 14.040603006258607}
{"pair": "3_1_3", "episodes": 4, "joint_flip_IU": [116149, 155908], "native_IU": [116417, 155960], "same_count_IU": [116049, 155785], "seconds": 18.068981684744358}
{"pair": "0_47_4", "episodes": 5, "joint_flip_IU": [17163, 21863], "native_IU": [17940, 21927], "same_count_IU": [17899, 21897], "seconds": 14.395283579826355}
{"pair": "1_7_5", "episodes": 6, "joint_flip_IU": [27807, 77712], "native_IU": [28968, 79597], "same_count_IU": [28968, 77157], "seconds": 16.23197566345334}
{"pair": "2_5_6", "episodes": 7, "joint_flip_IU": [78054, 95785], "native_IU": [79613, 95841], "same_count_IU": [79005, 95138], "seconds": 17.704174429178238}
{"pair": "3_8_7", "episodes": 8, "joint_flip_IU": [8506, 27229], "native_IU": [8595, 27439], "same_count_IU": [8595, 27166], "seconds": 14.673480544239283}
{"pair": "0_9_8", "episodes": 9, "joint_flip_IU": [52678, 69781], "native_IU": [52882, 69817], "same_count_IU": [52177, 69768], "seconds": 15.292724877595901}
{"pair": "1_17_9", "episodes": 10, "joint_flip_IU": [3385, 7775], "native_IU": [3394, 8023], "same_count_IU": [3385, 7958], "seconds": 14.683989096432924}
