{"id": "m01", "role": "naive", "state": "PASSED", "elapsed_s": 0.010081160813570023, "actual_full_source_native_exact": true, "encoder_B2_calls": 1}
{"id": "m01", "role": "method", "state": "PASSED", "elapsed_s": 0.00565854087471962, "actual_full_source_native_exact": true, "encoder_B2_calls": 1}
{"id": "m02", "role": "naive", "state": "PASSED", "elapsed_s": 0.1671486422419548, "actual_full_source_native_exact": true, "encoder_B2_calls": 1}
{"id": "m02", "role": "method", "state": "PASSED", "elapsed_s": 0.011125972494482994, "actual_full_source_native_exact": true, "encoder_B2_calls": 1}
{"id": "m02", "role": "refund_only", "state": "PASSED", "elapsed_s": 0.007819600403308868, "actual_full_source_native_exact": true, "encoder_B2_calls": 1}
{"id": "m03", "role": "naive", "state": "PASSED", "elapsed_s": 0.011161260306835175, "actual_full_source_native_exact": true, "encoder_B2_calls": 1}
{"id": "m03", "role": "method", "state": "PASSED", "elapsed_s": 0.09561307355761528, "actual_full_source_native_exact": true, "encoder_B2_calls": 1}
{"id": "m04", "role": "naive", "state": "PASSED", "elapsed_s": 1.6946924570947886, "actual_full_source_native_exact": true, "encoder_B2_calls": 1}
{"id": "m04", "role": "method", "state": "PASSED", "elapsed_s": 0.0055945925414562225, "actual_full_source_native_exact": true, "encoder_B2_calls": 1}
{"id": "m05", "role": "naive", "state": "PASSED", "elapsed_s": 0.0943937860429287, "actual_full_source_native_exact": true, "encoder_B2_calls": 2}
{"id": "m05", "role": "method", "state": "PASSED", "elapsed_s": 1.0771676898002625e-05, "actual_full_source_native_exact": true, "encoder_B2_calls": 2}
{"id": "m06", "role": "naive", "state": "PASSED", "elapsed_s": 0.006625309586524963, "actual_full_source_native_exact": true, "encoder_B2_calls": 2}
{"id": "m06", "role": "method", "state": "PASSED", "elapsed_s": 0.06275437586009502, "actual_full_source_native_exact": true, "encoder_B2_calls": 2}
{"id": "m06", "role": "K1_native_identity", "state": "PASSED", "elapsed_s": 0.011748850345611572, "actual_full_source_native_exact": true, "encoder_B2_calls": 2}
{"id": "m07", "role": "naive", "state": "PASSED", "elapsed_s": 0.017411433160305023, "actual_full_source_native_exact": true, "encoder_B2_calls": 2}
{"id": "m07", "role": "method", "state": "PASSED", "elapsed_s": 0.0715135745704174, "actual_full_source_native_exact": true, "encoder_B2_calls": 2}
{"id": "m08", "role": "naive", "state": "PASSED", "elapsed_s": 0.013950861990451813, "actual_full_source_native_exact": true, "encoder_B2_calls": 2}
{"id": "m08", "role": "method", "state": "PASSED", "elapsed_s": 0.00857982225716114, "actual_full_source_native_exact": true, "encoder_B2_calls": 2}
{"id": "m08", "role": "concat", "state": "PASSED", "elapsed_s": 0.006897671148180962, "actual_full_source_native_exact": true, "encoder_B2_calls": 2}
{"id": "m09", "role": "naive", "state": "PASSED", "elapsed_s": 0.08748950436711311, "actual_full_source_native_exact": true, "encoder_B2_calls": 2}
{"id": "m09", "role": "method", "state": "PASSED", "elapsed_s": 0.08139176294207573, "actual_full_source_native_exact": true, "encoder_B2_calls": 2}
{"id": "m09", "role": "mean_bg_modes", "state": "PASSED", "elapsed_s": 0.030702365562319756, "actual_full_source_native_exact": true, "encoder_B2_calls": 2}
{"id": "m10", "role": "naive", "state": "PASSED", "elapsed_s": 0.05920827016234398, "actual_full_source_native_exact": true, "encoder_B2_calls": 2}
{"id": "m10", "role": "method", "state": "PASSED", "elapsed_s": 1.788325607776642e-05, "actual_full_source_native_exact": true, "encoder_B2_calls": 2}
