CRF solver: fw
x0_weight: 0.0
FrankWolfeParams: 
	 scheme:	 fixed 
	 stepsize:	 1.0 (for the 'fixed' scheme) 
	 regularizer:	 l2
	 lambda_:	 1.0
	 lambda_learnable:	 False
	 x0_weight:	 0.0
	 x0_weight_learnable:	 False
Non-trainable lambda for Frank-Wolfe: 1.0
Non-trainable x0_weight for Frank-Wolfe: 0.0
Potts: remove random weights.
Add 3.0 to spatial_weight diagonal
Add 20.0 to bilateral_weight diagonal
Add -1.0 to compatibility diagonal
{"pair": "0_11_0", "episodes": 1, "original_IU": {"native": [138500, 156085], "v1": [137989, 156066], "fullFG": [138234, 156082], "random_thinning": [138393, 156074], "score_same_count": [138464, 156045]}, "remaining_patch_count": 5}
{"pair": "1_5_1", "episodes": 2, "original_IU": {"native": [32426, 58426], "v1": [31479, 57928], "fullFG": [32292, 58407], "random_thinning": [32399, 58358], "score_same_count": [32425, 58083]}, "remaining_patch_count": 11}
{"pair": "2_3_2", "episodes": 3, "original_IU": {"native": [5071, 8419], "v1": [4838, 8298], "fullFG": [5001, 8311], "random_thinning": [4920, 8418], "score_same_count": [5040, 8399]}, "remaining_patch_count": 5}
{"pair": "3_1_3", "episodes": 4, "original_IU": {"native": [116417, 155960], "v1": [116149, 155908], "fullFG": [116374, 155934], "random_thinning": [116369, 155960], "score_same_count": [116292, 155960]}, "remaining_patch_count": 3}
{"pair": "0_47_4", "episodes": 5, "original_IU": {"native": [17940, 21927], "v1": [17163, 21863], "fullFG": [17771, 21926], "random_thinning": [17778, 21925], "score_same_count": [17940, 21927]}, "remaining_patch_count": 3}
{"pair": "1_7_5", "episodes": 6, "original_IU": {"native": [28968, 79597], "v1": [27807, 77712], "fullFG": [28579, 79568], "random_thinning": [28878, 79554], "score_same_count": [28968, 79217]}, "remaining_patch_count": 8}
{"pair": "2_5_6", "episodes": 7, "original_IU": {"native": [79613, 95841], "v1": [78054, 95785], "fullFG": [79594, 95821], "random_thinning": [79589, 95841], "score_same_count": [79598, 95840]}, "remaining_patch_count": 2}
{"pair": "3_8_7", "episodes": 8, "original_IU": {"native": [8595, 27439], "v1": [8506, 27229], "fullFG": [8595, 27439], "random_thinning": [8595, 27439], "score_same_count": [8595, 27439]}, "remaining_patch_count": 0}
{"pair": "0_9_8", "episodes": 9, "original_IU": {"native": [52882, 69817], "v1": [52678, 69781], "fullFG": [52782, 69797], "random_thinning": [52786, 69797], "score_same_count": [52430, 69788]}, "remaining_patch_count": 8}
{"pair": "1_17_9", "episodes": 10, "original_IU": {"native": [3394, 8023], "v1": [3385, 7775], "fullFG": [3390, 7867], "random_thinning": [3389, 7894], "score_same_count": [3385, 7985]}, "remaining_patch_count": 2}
