{"completed_images": 1, "image_id": 529105}
{"completed_images": 2, "image_id": 400367}
{"completed_images": 3, "image_id": 170116}
{"completed_images": 4, "image_id": 326627}
{"completed_images": 5, "image_id": 403385}
{"completed_images": 6, "image_id": 288882}
{"completed_images": 7, "image_id": 430056}
{"completed_images": 8, "image_id": 512403}
{"completed_images": 9, "image_id": 476810}
{"completed_images": 10, "image_id": 129135}
{"completed_images": 11, "image_id": 363188}
{"completed_images": 12, "image_id": 97278}
{"completed_images": 13, "image_id": 546325}
{"completed_images": 14, "image_id": 270908}
{"completed_images": 15, "image_id": 289594}
{"completed_images": 16, "image_id": 516677}
{"completed_images": 17, "image_id": 11699}
{"completed_images": 18, "image_id": 133819}
{"completed_images": 19, "image_id": 364166}
{"completed_images": 20, "image_id": 416885}
{"completed_images": 21, "image_id": 88848}
{"completed_images": 22, "image_id": 349152}
{"completed_images": 23, "image_id": 60363}
{"completed_images": 24, "image_id": 380203}
{"completed_images": 25, "image_id": 309467}
{"completed_images": 26, "image_id": 179765}
{"completed_images": 27, "image_id": 58705}
{"completed_images": 28, "image_id": 6894}
{"completed_images": 29, "image_id": 216516}
{"completed_images": 30, "image_id": 235252}
{"completed_images": 31, "image_id": 4495}
{"completed_images": 32, "image_id": 359937}
{"completed_images": 33, "image_id": 471450}
{"completed_images": 34, "image_id": 90003}
{"completed_images": 35, "image_id": 164602}
{"completed_images": 36, "image_id": 113589}
{"completed_images": 37, "image_id": 559842}
{"completed_images": 38, "image_id": 111086}
{"completed_images": 39, "image_id": 292488}
{"completed_images": 40, "image_id": 439522}
{"completed_images": 41, "image_id": 60090}
{"completed_images": 42, "image_id": 522940}
{"completed_images": 43, "image_id": 407524}
{"completed_images": 44, "image_id": 566282}
{"completed_images": 45, "image_id": 161008}
{"completed_images": 46, "image_id": 273493}
{"completed_images": 47, "image_id": 459195}
{"completed_images": 48, "image_id": 555009}
{"completed_images": 49, "image_id": 327592}
{"completed_images": 50, "image_id": 154705}
{"completed_images": 51, "image_id": 530162}
{"completed_images": 52, "image_id": 300039}
{"completed_images": 53, "image_id": 507042}
{"completed_images": 54, "image_id": 481582}
{"completed_images": 55, "image_id": 345397}
{"completed_images": 56, "image_id": 221754}
{"completed_images": 57, "image_id": 474786}
{"completed_images": 58, "image_id": 184384}
{"completed_images": 59, "image_id": 78266}
{"completed_images": 60, "image_id": 13201}
{"completed_images": 61, "image_id": 206271}
{"completed_images": 62, "image_id": 27768}
{"completed_images": 63, "image_id": 537827}
{"completed_images": 64, "image_id": 113403}
{"completed_images": 65, "image_id": 416991}
{"completed_images": 66, "image_id": 478136}
{"completed_images": 67, "image_id": 520009}
{"completed_images": 68, "image_id": 411774}
{"completed_images": 69, "image_id": 336265}
{"completed_images": 70, "image_id": 99182}
{"completed_images": 71, "image_id": 133343}
{"completed_images": 72, "image_id": 170670}
{"completed_images": 73, "image_id": 273232}
{"completed_images": 74, "image_id": 574520}
{"completed_images": 75, "image_id": 338532}
{"completed_images": 76, "image_id": 64495}
{"completed_images": 77, "image_id": 311883}
{"completed_images": 78, "image_id": 221693}
{"completed_images": 79, "image_id": 252332}
{"completed_images": 80, "image_id": 203488}
{"completed_images": 81, "image_id": 323202}
{"completed_images": 82, "image_id": 98287}
{"completed_images": 83, "image_id": 186282}
{"completed_images": 84, "image_id": 372307}
{"completed_images": 85, "image_id": 293858}
{"completed_images": 86, "image_id": 252294}
{"completed_images": 87, "image_id": 56288}
{"completed_images": 88, "image_id": 214192}
{"completed_images": 89, "image_id": 249180}
{"completed_images": 90, "image_id": 169356}
{"completed_images": 91, "image_id": 190007}
{"completed_images": 92, "image_id": 328683}
{"completed_images": 93, "image_id": 355905}
{"completed_images": 94, "image_id": 468925}
{"completed_images": 95, "image_id": 306893}
{"completed_images": 96, "image_id": 378605}
{"completed_images": 97, "image_id": 438774}
{"completed_images": 98, "image_id": 544565}
{"completed_images": 99, "image_id": 179265}
{"completed_images": 100, "image_id": 409475}
{"completed_images": 101, "image_id": 139871}
{"completed_images": 102, "image_id": 396729}
{"completed_images": 103, "image_id": 119445}
{"completed_images": 104, "image_id": 577932}
{"completed_images": 105, "image_id": 196141}
{"completed_images": 106, "image_id": 384468}
{"completed_images": 107, "image_id": 127955}
{"completed_images": 108, "image_id": 160666}
{"completed_images": 109, "image_id": 58384}
{"completed_images": 110, "image_id": 113051}
{"completed_images": 111, "image_id": 204186}
{"completed_images": 112, "image_id": 245311}
{"completed_images": 113, "image_id": 76625}
{"completed_images": 114, "image_id": 87470}
{"completed_images": 115, "image_id": 166563}
{"completed_images": 116, "image_id": 535094}
{"completed_images": 117, "image_id": 171611}
{"completed_images": 118, "image_id": 235784}
{"completed_images": 119, "image_id": 7108}
{"completed_images": 120, "image_id": 44699}
{"completed_images": 121, "image_id": 65455}
{"completed_images": 122, "image_id": 306136}
{"completed_images": 123, "image_id": 509735}
{"completed_images": 124, "image_id": 560178}
{"completed_images": 125, "image_id": 235064}
{"completed_images": 126, "image_id": 408830}
{"completed_images": 127, "image_id": 462576}
{"completed_images": 128, "image_id": 426836}
{
  "central": {
    "prompts": 356,
    "policies": {
      "original_iou_head": {
        "mean_iou": 0.5233711170779893,
        "mean_boundary_iou": 0.4268374490892119,
        "mean_delta_iou": 0.0,
        "image_cluster_delta_iou_95": [
          0.0,
          0.0
        ],
        "mean_delta_vs_consistency": -0.044964212117985305,
        "image_cluster_delta_vs_consistency_95": [
          -0.06783925029787273,
          -0.023016878418573906
        ],
        "image_cluster_boundary_delta_95": [
          0.0,
          0.0
        ]
      },
      "flip_consistency_original": {
        "mean_iou": 0.5683353291959746,
        "mean_boundary_iou": 0.4670932885052916,
        "mean_delta_iou": 0.044964212117985305,
        "image_cluster_delta_iou_95": [
          0.02301687841857389,
          0.06783925029787273
        ],
        "mean_delta_vs_consistency": 0.0,
        "image_cluster_delta_vs_consistency_95": [
          0.0,
          0.0
        ],
        "image_cluster_boundary_delta_95": [
          0.01938597840705031,
          0.06149370994016284
        ]
      },
      "original_iou_head_fused": {
        "mean_iou": 0.5236143843301488,
        "mean_boundary_iou": 0.42790244095021646,
        "mean_delta_iou": 0.00024326725215954807,
        "image_cluster_delta_iou_95": [
          -0.0016367636468963445,
          0.0020924501500427547
        ],
        "mean_delta_vs_consistency": -0.044720944865825764,
        "image_cluster_delta_vs_consistency_95": [
          -0.06732850949970008,
          -0.022540358670226118
        ],
        "image_cluster_boundary_delta_95": [
          -0.0009151235571735402,
          0.003003184592504241
        ]
      },
      "flip_consistency_fused": {
        "mean_iou": 0.5692325579134986,
        "mean_boundary_iou": 0.4683130842040378,
        "mean_delta_iou": 0.045861440835509255,
        "image_cluster_delta_iou_95": [
          0.02399817904457449,
          0.06899300135332767
        ],
        "mean_delta_vs_consistency": 0.0008972287175239555,
        "image_cluster_delta_vs_consistency_95": [
          0.00013216792407080825,
          0.0017586684693701705
        ],
        "image_cluster_boundary_delta_95": [
          0.02056596612763702,
          0.06289959128536754
        ]
      }
    }
  },
  "near_boundary": {
    "prompts": 356,
    "policies": {
      "original_iou_head": {
        "mean_iou": 0.322278037775127,
        "mean_boundary_iou": 0.2957717868817334,
        "mean_delta_iou": 0.0,
        "image_cluster_delta_iou_95": [
          0.0,
          0.0
        ],
        "mean_delta_vs_consistency": -0.023785235909306264,
        "image_cluster_delta_vs_consistency_95": [
          -0.045068046300137735,
          -0.0032190031918922874
        ],
        "image_cluster_boundary_delta_95": [
          0.0,
          0.0
        ]
      },
      "flip_consistency_original": {
        "mean_iou": 0.34606327368443324,
        "mean_boundary_iou": 0.30957547621092574,
        "mean_delta_iou": 0.023785235909306264,
        "image_cluster_delta_iou_95": [
          0.0032190031918922723,
          0.04506804630013771
        ],
        "mean_delta_vs_consistency": 0.0,
        "image_cluster_delta_vs_consistency_95": [
          0.0,
          0.0
        ],
        "image_cluster_boundary_delta_95": [
          -0.005024400200616838,
          0.032834057971736504
        ]
      },
      "original_iou_head_fused": {
        "mean_iou": 0.32290026043160386,
        "mean_boundary_iou": 0.296882085805283,
        "mean_delta_iou": 0.0006222226564768541,
        "image_cluster_delta_iou_95": [
          -0.002976288639846332,
          0.004916618476454844
        ],
        "mean_delta_vs_consistency": -0.023163013252829413,
        "image_cluster_delta_vs_consistency_95": [
          -0.04424311125528529,
          -0.0029009875853345203
        ],
        "image_cluster_boundary_delta_95": [
          -0.0029449900648796886,
          0.005856981068099504
        ]
      },
      "flip_consistency_fused": {
        "mean_iou": 0.3470601802692127,
        "mean_boundary_iou": 0.3119119941474485,
        "mean_delta_iou": 0.024782142494085772,
        "image_cluster_delta_iou_95": [
          0.003681024645738196,
          0.046532546829699234
        ],
        "mean_delta_vs_consistency": 0.0009969065847795042,
        "image_cluster_delta_vs_consistency_95": [
          -0.0004549809532565175,
          0.002593292493516865
        ],
        "image_cluster_boundary_delta_95": [
          -0.003044527270712965,
          0.03559728328933336
        ]
      }
    }
  },
  "box": {
    "prompts": 356,
    "policies": {
      "original_iou_head": {
        "mean_iou": 0.825884886412005,
        "mean_boundary_iou": 0.7022993335280111,
        "mean_delta_iou": 0.0,
        "image_cluster_delta_iou_95": [
          0.0,
          0.0
        ],
        "mean_delta_vs_consistency": 0.0026761899909698112,
        "image_cluster_delta_vs_consistency_95": [
          -0.003698350915297943,
          0.01024444998718188
        ],
        "image_cluster_boundary_delta_95": [
          0.0,
          0.0
        ]
      },
      "flip_consistency_original": {
        "mean_iou": 0.8232086964210352,
        "mean_boundary_iou": 0.7014004369604034,
        "mean_delta_iou": -0.0026761899909698112,
        "image_cluster_delta_iou_95": [
          -0.01024444998718189,
          0.0036983509152979386
        ],
        "mean_delta_vs_consistency": 0.0,
        "image_cluster_delta_vs_consistency_95": [
          0.0,
          0.0
        ],
        "image_cluster_boundary_delta_95": [
          -0.005712202424148126,
          0.003899445837720853
        ]
      },
      "original_iou_head_fused": {
        "mean_iou": 0.8279995998555294,
        "mean_boundary_iou": 0.7053169158585535,
        "mean_delta_iou": 0.0021147134435245338,
        "image_cluster_delta_iou_95": [
          0.0002809486134691544,
          0.004013131711804653
        ],
        "mean_delta_vs_consistency": 0.004790903434494346,
        "image_cluster_delta_vs_consistency_95": [
          -0.0021987510116220623,
          0.01261295937240425
        ],
        "image_cluster_boundary_delta_95": [
          0.0010824813562173275,
          0.005091382031824842
        ]
      },
      "flip_consistency_fused": {
        "mean_iou": 0.8253542809492223,
        "mean_boundary_iou": 0.705073916867614,
        "mean_delta_iou": -0.0005306054627826931,
        "image_cluster_delta_iou_95": [
          -0.008225713380734946,
          0.005936580696337973
        ],
        "mean_delta_vs_consistency": 0.002145584528187119,
        "image_cluster_delta_vs_consistency_95": [
          0.0009491856722351742,
          0.0035011875640288876
        ],
        "image_cluster_boundary_delta_95": [
          -0.0025292116597198386,
          0.007858918775958096
        ]
      }
    }
  }
}
