{"completed_images": 1, "image_id": 517687}
{"completed_images": 2, "image_id": 373382}
{"completed_images": 3, "image_id": 393282}
{"completed_images": 4, "image_id": 428562}
{"completed_images": 5, "image_id": 534605}
{"completed_images": 6, "image_id": 263796}
{"completed_images": 7, "image_id": 297562}
{"completed_images": 8, "image_id": 275791}
{"completed_images": 9, "image_id": 410650}
{"completed_images": 10, "image_id": 64718}
{"completed_images": 11, "image_id": 558421}
{"completed_images": 12, "image_id": 513181}
{"completed_images": 13, "image_id": 541123}
{"completed_images": 14, "image_id": 389812}
{"completed_images": 15, "image_id": 513484}
{"completed_images": 16, "image_id": 384616}
{"completed_images": 17, "image_id": 530836}
{"completed_images": 18, "image_id": 533493}
{"completed_images": 19, "image_id": 462904}
{"completed_images": 20, "image_id": 165351}
{"completed_images": 21, "image_id": 66886}
{"completed_images": 22, "image_id": 529528}
{"completed_images": 23, "image_id": 569976}
{"completed_images": 24, "image_id": 572388}
{
  "central": {
    "prompts": 70,
    "policies": {
      "original_iou_head": {
        "mean_iou": 0.5380498524994987,
        "mean_boundary_iou": 0.4249112833969351,
        "mean_delta_iou": 0.0,
        "image_cluster_delta_iou_95": [
          0.0,
          0.0
        ],
        "improved": 0,
        "worsened": 0
      },
      "perturb_consistency": {
        "mean_iou": 0.6365904538970457,
        "mean_boundary_iou": 0.5227941994107186,
        "mean_delta_iou": 0.09854060139754704,
        "image_cluster_delta_iou_95": [
          0.04392316454568951,
          0.1515232838682292
        ],
        "improved": 25,
        "worsened": 6
      },
      "perturb_mean_iou_head": {
        "mean_iou": 0.5650861603960744,
        "mean_boundary_iou": 0.45298887942999333,
        "mean_delta_iou": 0.02703630789657571,
        "image_cluster_delta_iou_95": [
          0.011814247168779334,
          0.04252793036515443
        ],
        "improved": 10,
        "worsened": 0
      },
      "largest_original_mask": {
        "mean_iou": 0.6532485205060193,
        "mean_boundary_iou": 0.5317308163051332,
        "mean_delta_iou": 0.11519866800652047,
        "image_cluster_delta_iou_95": [
          0.014045801295717489,
          0.21023693600172988
        ],
        "improved": 40,
        "worsened": 19
      },
      "original_logit_stability": {
        "mean_iou": 0.5548194664073303,
        "mean_boundary_iou": 0.4581739121701926,
        "mean_delta_iou": 0.016769613907831615,
        "image_cluster_delta_iou_95": [
          -0.032063045132115366,
          0.0625334441890063
        ],
        "improved": 16,
        "worsened": 7
      }
    }
  },
  "near_boundary": {
    "prompts": 70,
    "policies": {
      "original_iou_head": {
        "mean_iou": 0.3187264276755651,
        "mean_boundary_iou": 0.28103584020607136,
        "mean_delta_iou": 0.0,
        "image_cluster_delta_iou_95": [
          0.0,
          0.0
        ],
        "improved": 0,
        "worsened": 0
      },
      "perturb_consistency": {
        "mean_iou": 0.4297313225341192,
        "mean_boundary_iou": 0.3654854919768399,
        "mean_delta_iou": 0.11100489485855408,
        "image_cluster_delta_iou_95": [
          0.042808450523010695,
          0.17809992990675783
        ],
        "improved": 28,
        "worsened": 8
      },
      "perturb_mean_iou_head": {
        "mean_iou": 0.3250001863103426,
        "mean_boundary_iou": 0.28544102546593725,
        "mean_delta_iou": 0.006273758634777423,
        "image_cluster_delta_iou_95": [
          -0.0031757972603991083,
          0.016835154194143515
        ],
        "improved": 7,
        "worsened": 8
      },
      "largest_original_mask": {
        "mean_iou": 0.47221258425419094,
        "mean_boundary_iou": 0.40742870285161786,
        "mean_delta_iou": 0.15348615657862577,
        "image_cluster_delta_iou_95": [
          0.060318162456581434,
          0.24013598847088688
        ],
        "improved": 39,
        "worsened": 20
      },
      "original_logit_stability": {
        "mean_iou": 0.26232258728348806,
        "mean_boundary_iou": 0.23154604625734457,
        "mean_delta_iou": -0.056403840392077055,
        "image_cluster_delta_iou_95": [
          -0.12326060179086681,
          -0.010377999015420192
        ],
        "improved": 6,
        "worsened": 13
      }
    }
  },
  "box": {
    "prompts": 70,
    "policies": {
      "original_iou_head": {
        "mean_iou": 0.8054071051450357,
        "mean_boundary_iou": 0.6896878866805294,
        "mean_delta_iou": 0.0,
        "image_cluster_delta_iou_95": [
          0.0,
          0.0
        ],
        "improved": 0,
        "worsened": 0
      },
      "perturb_consistency": {
        "mean_iou": 0.8022648483829772,
        "mean_boundary_iou": 0.689050221962138,
        "mean_delta_iou": -0.0031422567620585326,
        "image_cluster_delta_iou_95": [
          -0.0119226891295981,
          0.005090008349271355
        ],
        "improved": 13,
        "worsened": 9
      },
      "perturb_mean_iou_head": {
        "mean_iou": 0.8067875587056804,
        "mean_boundary_iou": 0.6910982048733407,
        "mean_delta_iou": 0.0013804535606447503,
        "image_cluster_delta_iou_95": [
          0.0,
          0.003600345913354686
        ],
        "improved": 3,
        "worsened": 0
      },
      "largest_original_mask": {
        "mean_iou": 0.7946354966942563,
        "mean_boundary_iou": 0.6790169939198247,
        "mean_delta_iou": -0.010771608450779537,
        "image_cluster_delta_iou_95": [
          -0.03631948265439537,
          0.017060933448348345
        ],
        "improved": 15,
        "worsened": 12
      },
      "original_logit_stability": {
        "mean_iou": 0.8068730588189229,
        "mean_boundary_iou": 0.6926544180810607,
        "mean_delta_iou": 0.0014659536738871612,
        "image_cluster_delta_iou_95": [
          -0.006942231731009105,
          0.008160127794537966
        ],
        "improved": 15,
        "worsened": 11
      }
    }
  }
}
