{"image_id": 517687, "prompts": 3, "arm": "original_head", "prepared_image_with_encoder": false, "round": 1, "samples_ms": [12.042343616485596, 11.85864768922329, 6.428033113479614, 6.3594914972782135, 6.373990327119827], "median_ms": 6.428033113479614}
{"image_id": 517687, "prompts": 3, "arm": "perturb_one", "prepared_image_with_encoder": false, "round": 1, "samples_ms": [21.00060135126114, 20.145811140537262, 20.650267601013184, 20.471151918172836, 29.794463887810707], "median_ms": 20.650267601013184}
{"image_id": 517687, "prompts": 3, "arm": "perturb_two", "prepared_image_with_encoder": false, "round": 1, "samples_ms": [45.16330361366272, 51.31680890917778, 43.42334903776646, 49.39761385321617, 45.034777373075485], "median_ms": 45.16330361366272}
{"image_id": 517687, "prompts": 3, "arm": "perturb_four", "prepared_image_with_encoder": false, "round": 1, "samples_ms": [83.20917934179306, 85.43395437300205, 88.19450624287128, 78.54491658508778, 88.14735896885395], "median_ms": 85.43395437300205}
{"image_id": 517687, "prompts": 3, "arm": "perturb_four_gpu", "prepared_image_with_encoder": false, "round": 1, "samples_ms": [29.47850525379181, 21.557895466685295, 21.39325812458992, 21.39010839164257, 31.730469316244125], "median_ms": 21.557895466685295}
{"image_id": 517687, "prompts": 3, "arm": "virtual_flip", "prepared_image_with_encoder": false, "round": 1, "samples_ms": [26.965215802192688, 23.41817505657673, 23.647522553801537, 28.906330466270447, 25.248194113373756], "median_ms": 25.248194113373756}
{"image_id": 517687, "prompts": 3, "arm": "RGB_flip", "prepared_image_with_encoder": false, "round": 1, "samples_ms": [111.53222806751728, 118.34684759378433, 117.88043938577175, 111.83853261172771, 111.72384582459927], "median_ms": 111.83853261172771}
{"image_id": 517687, "prompts": 3, "arm": "RGB_flip", "prepared_image_with_encoder": false, "round": 2, "samples_ms": [126.39435194432735, 111.90228536725044, 111.8365041911602, 112.11608164012432, 111.97597905993462], "median_ms": 111.97597905993462}
{"image_id": 517687, "prompts": 3, "arm": "virtual_flip", "prepared_image_with_encoder": false, "round": 2, "samples_ms": [23.890651762485504, 23.59832264482975, 33.56879763305187, 23.524528369307518, 23.927154019474983], "median_ms": 23.890651762485504}
{"image_id": 517687, "prompts": 3, "arm": "perturb_four_gpu", "prepared_image_with_encoder": false, "round": 2, "samples_ms": [21.00617252290249, 21.142618730664253, 29.320428147912025, 21.117448806762695, 20.97354084253311], "median_ms": 21.117448806762695}
{"image_id": 517687, "prompts": 3, "arm": "perturb_four", "prepared_image_with_encoder": false, "round": 2, "samples_ms": [85.99538542330265, 89.37015198171139, 90.89763090014458, 92.08141826093197, 84.849514067173], "median_ms": 89.37015198171139}
{"image_id": 517687, "prompts": 3, "arm": "perturb_two", "prepared_image_with_encoder": false, "round": 2, "samples_ms": [47.21755161881447, 53.36008407175541, 46.76355607807636, 52.42012068629265, 46.90571129322052], "median_ms": 47.21755161881447}
{"image_id": 517687, "prompts": 3, "arm": "perturb_one", "prepared_image_with_encoder": false, "round": 2, "samples_ms": [20.883709192276, 23.884551599621773, 27.180975303053856, 21.613525226712227, 20.87264135479927], "median_ms": 21.613525226712227}
{"image_id": 517687, "prompts": 3, "arm": "original_head", "prepared_image_with_encoder": false, "round": 2, "samples_ms": [6.890760734677315, 6.805354729294777, 7.126398384571075, 7.803654298186302, 6.803447380661964], "median_ms": 6.890760734677315}
{"image_id": 517687, "prompts": 3, "arm": "original_head", "prepared_image_with_encoder": true, "round": 1, "samples_ms": [94.91773508489132, 95.16342543065548, 95.4559464007616, 95.66626325249672, 95.3996516764164], "median_ms": 95.3996516764164}
{"image_id": 517687, "prompts": 3, "arm": "perturb_one", "prepared_image_with_encoder": true, "round": 1, "samples_ms": [109.45467464625835, 115.98818190395832, 117.94650368392467, 110.80062761902809, 109.05616916716099], "median_ms": 110.80062761902809}
{"image_id": 517687, "prompts": 3, "arm": "perturb_two", "prepared_image_with_encoder": true, "round": 1, "samples_ms": [136.07651181519032, 146.39094658195972, 140.70101641118526, 140.6248640269041, 144.45670880377293], "median_ms": 140.70101641118526}
{"image_id": 517687, "prompts": 3, "arm": "perturb_four", "prepared_image_with_encoder": true, "round": 1, "samples_ms": [177.37268283963203, 173.33468049764633, 173.5800988972187, 176.25684291124344, 179.16417308151722], "median_ms": 176.25684291124344}
{"image_id": 517687, "prompts": 3, "arm": "perturb_four_gpu", "prepared_image_with_encoder": true, "round": 1, "samples_ms": [109.14705321192741, 109.96502824127674, 115.35461060702801, 113.0470521748066, 109.39602367579937], "median_ms": 109.96502824127674}
{"image_id": 517687, "prompts": 3, "arm": "virtual_flip", "prepared_image_with_encoder": true, "round": 1, "samples_ms": [115.56553654372692, 121.19504995644093, 114.48257602751255, 111.88225075602531, 111.79064959287643], "median_ms": 114.48257602751255}
{"image_id": 517687, "prompts": 3, "arm": "RGB_flip", "prepared_image_with_encoder": true, "round": 1, "samples_ms": [200.33887587487698, 200.64230635762215, 201.1874672025442, 200.03756321966648, 200.40788687765598], "median_ms": 200.40788687765598}
{"image_id": 517687, "prompts": 3, "arm": "RGB_flip", "prepared_image_with_encoder": true, "round": 2, "samples_ms": [201.1878602206707, 200.87510719895363, 201.03198289871216, 203.534297645092, 200.83901658654213], "median_ms": 201.03198289871216}
{"image_id": 517687, "prompts": 3, "arm": "virtual_flip", "prepared_image_with_encoder": true, "round": 2, "samples_ms": [118.49109269678593, 112.46891506016254, 112.69462294876575, 112.75746859610081, 112.27324791252613], "median_ms": 112.69462294876575}
{"image_id": 517687, "prompts": 3, "arm": "perturb_four_gpu", "prepared_image_with_encoder": true, "round": 2, "samples_ms": [109.74764078855515, 109.66561734676361, 110.09061709046364, 109.5157153904438, 110.01196317374706], "median_ms": 109.74764078855515}
{"image_id": 517687, "prompts": 3, "arm": "perturb_four", "prepared_image_with_encoder": true, "round": 2, "samples_ms": [179.90664020180702, 184.64309722185135, 175.4524391144514, 180.06033264100552, 178.15733142197132], "median_ms": 179.90664020180702}
{"image_id": 517687, "prompts": 3, "arm": "perturb_two", "prepared_image_with_encoder": true, "round": 2, "samples_ms": [136.73926889896393, 144.64860409498215, 135.24711690843105, 144.0228410065174, 138.30669596791267], "median_ms": 138.30669596791267}
{"image_id": 517687, "prompts": 3, "arm": "perturb_one", "prepared_image_with_encoder": true, "round": 2, "samples_ms": [111.7780115455389, 109.33689773082733, 109.16467197239399, 109.70292240381241, 109.45970192551613], "median_ms": 109.45970192551613}
{"image_id": 517687, "prompts": 3, "arm": "original_head", "prepared_image_with_encoder": true, "round": 2, "samples_ms": [95.44025175273418, 95.4740159213543, 95.6697016954422, 95.76971642673016, 95.67022509872913], "median_ms": 95.6697016954422}
{"image_id": 373382, "prompts": 4, "arm": "original_head", "prepared_image_with_encoder": false, "round": 1, "samples_ms": [8.392008021473885, 8.426699787378311, 8.098294958472252, 8.095445111393929, 6.990492343902588], "median_ms": 8.098294958472252}
{"image_id": 373382, "prompts": 4, "arm": "perturb_one", "prepared_image_with_encoder": false, "round": 1, "samples_ms": [28.842119500041008, 38.526998832821846, 29.81809712946415, 27.99329161643982, 36.59607656300068], "median_ms": 29.81809712946415}
{"image_id": 373382, "prompts": 4, "arm": "perturb_two", "prepared_image_with_encoder": false, "round": 1, "samples_ms": [61.422036960721016, 58.2133736461401, 70.90554386377335, 61.245521530508995, 45.452143996953964], "median_ms": 61.245521530508995}
{"image_id": 373382, "prompts": 4, "arm": "perturb_four", "prepared_image_with_encoder": false, "round": 1, "samples_ms": [129.3467078357935, 107.8891959041357, 123.9221952855587, 110.82657799124718, 136.65253669023514], "median_ms": 123.9221952855587}
{"image_id": 373382, "prompts": 4, "arm": "perturb_four_gpu", "prepared_image_with_encoder": false, "round": 1, "samples_ms": [26.71809121966362, 26.60984918475151, 26.82906575500965, 37.17203624546528, 26.58996731042862], "median_ms": 26.71809121966362}
{"image_id": 373382, "prompts": 4, "arm": "virtual_flip", "prepared_image_with_encoder": false, "round": 1, "samples_ms": [36.62775829434395, 40.39725102484226, 33.480508252978325, 39.447324350476265, 32.637694850564], "median_ms": 36.62775829434395}
{"image_id": 373382, "prompts": 4, "arm": "RGB_flip", "prepared_image_with_encoder": false, "round": 1, "samples_ms": [126.70026160776615, 121.59664742648602, 127.74172984063625, 122.58058413863182, 122.22255952656269], "median_ms": 122.58058413863182}
{"image_id": 373382, "prompts": 4, "arm": "RGB_flip", "prepared_image_with_encoder": false, "round": 2, "samples_ms": [122.55186401307583, 122.86714650690556, 126.74204260110855, 129.96227480471134, 122.018001973629], "median_ms": 122.86714650690556}
{"image_id": 373382, "prompts": 4, "arm": "virtual_flip", "prepared_image_with_encoder": false, "round": 2, "samples_ms": [32.26004354655743, 41.974760591983795, 35.29936820268631, 35.521846264600754, 40.571777150034904], "median_ms": 35.521846264600754}
{"image_id": 373382, "prompts": 4, "arm": "perturb_four_gpu", "prepared_image_with_encoder": false, "round": 2, "samples_ms": [26.73371136188507, 26.819515973329544, 27.298755943775177, 31.207341700792313, 26.669353246688843], "median_ms": 26.819515973329544}
{"image_id": 373382, "prompts": 4, "arm": "perturb_four", "prepared_image_with_encoder": false, "round": 2, "samples_ms": [105.49135692417622, 110.87501235306263, 109.55383069813251, 106.99724406003952, 112.13058046996593], "median_ms": 109.55383069813251}
{"image_id": 373382, "prompts": 4, "arm": "perturb_two", "prepared_image_with_encoder": false, "round": 2, "samples_ms": [45.4690046608448, 49.01726730167866, 45.64090073108673, 54.45687286555767, 45.057447627186775], "median_ms": 45.64090073108673}
{"image_id": 373382, "prompts": 4, "arm": "perturb_one", "prepared_image_with_encoder": false, "round": 2, "samples_ms": [29.333138838410378, 36.24056279659271, 29.266180470585823, 30.170053243637085, 35.10465286672115], "median_ms": 30.170053243637085}
{"image_id": 373382, "prompts": 4, "arm": "original_head", "prepared_image_with_encoder": false, "round": 2, "samples_ms": [7.150750607252121, 10.221956297755241, 7.195962592959404, 7.061567157506943, 8.30138474702835], "median_ms": 7.195962592959404}
{"image_id": 373382, "prompts": 4, "arm": "original_head", "prepared_image_with_encoder": true, "round": 1, "samples_ms": [96.18153609335423, 98.73701445758343, 98.54535758495331, 100.12341663241386, 99.25738535821438], "median_ms": 98.73701445758343}
{"image_id": 373382, "prompts": 4, "arm": "perturb_one", "prepared_image_with_encoder": true, "round": 1, "samples_ms": [116.54375866055489, 125.97534619271755, 120.6857431679964, 116.64612405002117, 116.84778146445751], "median_ms": 116.84778146445751}
{"image_id": 373382, "prompts": 4, "arm": "perturb_two", "prepared_image_with_encoder": true, "round": 1, "samples_ms": [155.07603995501995, 139.517430216074, 144.05237883329391, 155.45609593391418, 143.7862440943718], "median_ms": 144.05237883329391}
{"image_id": 373382, "prompts": 4, "arm": "perturb_four", "prepared_image_with_encoder": true, "round": 1, "samples_ms": [204.49821650981903, 210.79614758491516, 201.02075673639774, 203.01415212452412, 211.29518374800682], "median_ms": 204.49821650981903}
{"image_id": 373382, "prompts": 4, "arm": "perturb_four_gpu", "prepared_image_with_encoder": true, "round": 1, "samples_ms": [115.74467271566391, 115.00229313969612, 116.08251370489597, 120.46127952635288, 119.48710307478905], "median_ms": 116.08251370489597}
{"image_id": 373382, "prompts": 4, "arm": "virtual_flip", "prepared_image_with_encoder": true, "round": 1, "samples_ms": [127.3474432528019, 121.92251905798912, 120.74879370629787, 127.2623110562563, 128.63768078386784], "median_ms": 127.2623110562563}
{"image_id": 373382, "prompts": 4, "arm": "RGB_flip", "prepared_image_with_encoder": true, "round": 1, "samples_ms": [210.97903698682785, 216.91635251045227, 220.91631591320038, 215.7704196870327, 211.74232847988605], "median_ms": 215.7704196870327}
{"image_id": 373382, "prompts": 4, "arm": "RGB_flip", "prepared_image_with_encoder": true, "round": 2, "samples_ms": [209.69751849770546, 210.78800223767757, 210.46043187379837, 209.70937237143517, 211.1619170755148], "median_ms": 210.46043187379837}
{"image_id": 373382, "prompts": 4, "arm": "virtual_flip", "prepared_image_with_encoder": true, "round": 2, "samples_ms": [125.09911879897118, 131.46743178367615, 122.1328154206276, 120.78518606722355, 127.65711732208729], "median_ms": 125.09911879897118}
{"image_id": 373382, "prompts": 4, "arm": "perturb_four_gpu", "prepared_image_with_encoder": true, "round": 2, "samples_ms": [115.4877357184887, 115.69273471832275, 116.97118356823921, 123.40376526117325, 115.44596403837204], "median_ms": 115.69273471832275}
{"image_id": 373382, "prompts": 4, "arm": "perturb_four", "prepared_image_with_encoder": true, "round": 2, "samples_ms": [223.51408936083317, 212.01078407466412, 217.81851537525654, 206.0683872550726, 216.82506799697876], "median_ms": 216.82506799697876}
{"image_id": 373382, "prompts": 4, "arm": "perturb_two", "prepared_image_with_encoder": true, "round": 2, "samples_ms": [165.69123417139053, 156.7444633692503, 143.88353563845158, 164.96390849351883, 148.3629085123539], "median_ms": 156.7444633692503}
{"image_id": 373382, "prompts": 4, "arm": "perturb_one", "prepared_image_with_encoder": true, "round": 2, "samples_ms": [116.2768080830574, 116.10287427902222, 123.77622351050377, 123.19247983396053, 120.22887915372849], "median_ms": 120.22887915372849}
{"image_id": 373382, "prompts": 4, "arm": "original_head", "prepared_image_with_encoder": true, "round": 2, "samples_ms": [96.95136360824108, 95.89984640479088, 96.61869332194328, 96.19533456861973, 95.50868906080723], "median_ms": 96.19533456861973}
{"image_id": 393282, "prompts": 2, "arm": "original_head", "prepared_image_with_encoder": false, "round": 1, "samples_ms": [5.573201924562454, 6.107263267040253, 5.571180954575539, 5.536511540412903, 5.510600283741951], "median_ms": 5.571180954575539}
{"image_id": 393282, "prompts": 2, "arm": "perturb_one", "prepared_image_with_encoder": false, "round": 1, "samples_ms": [19.46992054581642, 20.06785199046135, 19.09889653325081, 29.68667820096016, 21.699637174606323], "median_ms": 20.06785199046135}
{"image_id": 393282, "prompts": 2, "arm": "perturb_two", "prepared_image_with_encoder": false, "round": 1, "samples_ms": [29.642608016729355, 30.41713871061802, 39.73760083317757, 30.888725072145462, 30.697567388415337], "median_ms": 30.697567388415337}
{"image_id": 393282, "prompts": 2, "arm": "perturb_four", "prepared_image_with_encoder": false, "round": 1, "samples_ms": [75.62933675944805, 77.12721265852451, 69.93995793163776, 77.12689973413944, 74.37126897275448], "median_ms": 75.62933675944805}
{"image_id": 393282, "prompts": 2, "arm": "perturb_four_gpu", "prepared_image_with_encoder": false, "round": 1, "samples_ms": [25.01039206981659, 18.11515912413597, 17.794838175177574, 17.866507172584534, 18.546106293797493], "median_ms": 18.11515912413597}
{"image_id": 393282, "prompts": 2, "arm": "virtual_flip", "prepared_image_with_encoder": false, "round": 1, "samples_ms": [28.95876206457615, 28.933459892868996, 24.595513939857483, 23.431992158293724, 33.528346568346024], "median_ms": 28.933459892868996}
{"image_id": 393282, "prompts": 2, "arm": "RGB_flip", "prepared_image_with_encoder": false, "round": 1, "samples_ms": [114.27918635308743, 113.63063007593155, 126.20296888053417, 113.60101960599422, 112.99974471330643], "median_ms": 113.63063007593155}
{"image_id": 393282, "prompts": 2, "arm": "RGB_flip", "prepared_image_with_encoder": false, "round": 2, "samples_ms": [127.14420445263386, 114.11756835877895, 112.64107562601566, 113.6808842420578, 114.41335827112198], "median_ms": 114.11756835877895}
{"image_id": 393282, "prompts": 2, "arm": "virtual_flip", "prepared_image_with_encoder": false, "round": 2, "samples_ms": [25.12173354625702, 30.45920841395855, 24.674568325281143, 24.830244481563568, 23.70460145175457], "median_ms": 24.830244481563568}
{"image_id": 393282, "prompts": 2, "arm": "perturb_four_gpu", "prepared_image_with_encoder": false, "round": 2, "samples_ms": [17.92530156672001, 17.88255013525486, 19.233250990509987, 23.624397814273834, 18.005164340138435], "median_ms": 18.005164340138435}
{"image_id": 393282, "prompts": 2, "arm": "perturb_four", "prepared_image_with_encoder": false, "round": 2, "samples_ms": [72.49858789145947, 79.75143566727638, 60.14512851834297, 74.75934363901615, 57.6937235891819], "median_ms": 72.49858789145947}
{"image_id": 393282, "prompts": 2, "arm": "perturb_two", "prepared_image_with_encoder": false, "round": 2, "samples_ms": [31.33269213140011, 39.63756747543812, 31.40091337263584, 32.9535324126482, 37.89058141410351], "median_ms": 32.9535324126482}
{"image_id": 393282, "prompts": 2, "arm": "perturb_one", "prepared_image_with_encoder": false, "round": 2, "samples_ms": [22.16421067714691, 20.59459313750267, 19.208772107958794, 21.064279600977898, 30.907055363059044], "median_ms": 21.064279600977898}
{"image_id": 393282, "prompts": 2, "arm": "original_head", "prepared_image_with_encoder": false, "round": 2, "samples_ms": [6.012819707393646, 5.532987415790558, 5.517939105629921, 6.02789968252182, 5.782740190625191], "median_ms": 5.782740190625191}
{"image_id": 393282, "prompts": 2, "arm": "original_head", "prepared_image_with_encoder": true, "round": 1, "samples_ms": [94.25528533756733, 94.52074579894543, 94.53814849257469, 94.02136877179146, 93.93827244639397], "median_ms": 94.25528533756733}
{"image_id": 393282, "prompts": 2, "arm": "perturb_one", "prepared_image_with_encoder": true, "round": 1, "samples_ms": [109.60700176656246, 108.5477415472269, 109.24599505960941, 108.6729746311903, 108.58587175607681], "median_ms": 108.6729746311903}
{"image_id": 393282, "prompts": 2, "arm": "perturb_two", "prepared_image_with_encoder": true, "round": 1, "samples_ms": [118.35990287363529, 118.67083609104156, 118.602205067873, 121.77791260182858, 130.63521310687065], "median_ms": 118.67083609104156}
{"image_id": 393282, "prompts": 2, "arm": "perturb_four", "prepared_image_with_encoder": true, "round": 1, "samples_ms": [164.83005322515965, 163.92342932522297, 170.21488025784492, 163.86473923921585, 163.12498040497303], "median_ms": 163.92342932522297}
{"image_id": 393282, "prompts": 2, "arm": "perturb_four_gpu", "prepared_image_with_encoder": true, "round": 1, "samples_ms": [106.98143392801285, 106.9954838603735, 106.95078037679195, 106.73805139958858, 108.04115422070026], "median_ms": 106.98143392801285}
{"image_id": 393282, "prompts": 2, "arm": "virtual_flip", "prepared_image_with_encoder": true, "round": 1, "samples_ms": [113.4787704795599, 113.56406472623348, 112.3958807438612, 119.66575682163239, 118.57625469565392], "median_ms": 113.56406472623348}
{"image_id": 393282, "prompts": 2, "arm": "RGB_flip", "prepared_image_with_encoder": true, "round": 1, "samples_ms": [204.48031648993492, 202.50586234033108, 201.9323706626892, 201.4660034328699, 201.59324817359447], "median_ms": 201.9323706626892}
{"image_id": 393282, "prompts": 2, "arm": "RGB_flip", "prepared_image_with_encoder": true, "round": 2, "samples_ms": [202.65144854784012, 203.13157886266708, 201.3800200074911, 202.52495631575584, 202.83455774188042], "median_ms": 202.65144854784012}
{"image_id": 393282, "prompts": 2, "arm": "virtual_flip", "prepared_image_with_encoder": true, "round": 2, "samples_ms": [113.967539742589, 112.94818297028542, 113.3961696177721, 113.19198086857796, 113.914730027318], "median_ms": 113.3961696177721}
{"image_id": 393282, "prompts": 2, "arm": "perturb_four_gpu", "prepared_image_with_encoder": true, "round": 2, "samples_ms": [106.63548298180103, 107.24030621349812, 106.86281323432922, 106.6026333719492, 107.10632242262363], "median_ms": 106.86281323432922}
{"image_id": 393282, "prompts": 2, "arm": "perturb_four", "prepared_image_with_encoder": true, "round": 2, "samples_ms": [160.9423402696848, 168.04158315062523, 167.97634027898312, 158.9114163070917, 163.9667395502329], "median_ms": 163.9667395502329}
{"image_id": 393282, "prompts": 2, "arm": "perturb_two", "prepared_image_with_encoder": true, "round": 2, "samples_ms": [118.82753856480122, 123.58642928302288, 127.3934468626976, 118.84323880076408, 118.40548366308212], "median_ms": 118.84323880076408}
{"image_id": 393282, "prompts": 2, "arm": "perturb_one", "prepared_image_with_encoder": true, "round": 2, "samples_ms": [117.83443205058575, 107.94639401137829, 109.337218105793, 108.91089215874672, 109.18486304581165], "median_ms": 109.18486304581165}
{"image_id": 393282, "prompts": 2, "arm": "original_head", "prepared_image_with_encoder": true, "round": 2, "samples_ms": [94.36317533254623, 94.56430561840534, 94.5151038467884, 94.78256292641163, 94.68037076294422], "median_ms": 94.56430561840534}
