{"completed_images": 1, "image_id": 529105}
{"completed_images": 2, "image_id": 400367}
{"completed_images": 3, "image_id": 170116}
{"completed_images": 4, "image_id": 326627}
{"completed_images": 5, "image_id": 403385}
{"completed_images": 6, "image_id": 288882}
{"completed_images": 7, "image_id": 430056}
{"completed_images": 8, "image_id": 512403}
{"completed_images": 9, "image_id": 476810}
{"completed_images": 10, "image_id": 129135}
{"completed_images": 11, "image_id": 363188}
{"completed_images": 12, "image_id": 97278}
{"completed_images": 13, "image_id": 546325}
{"completed_images": 14, "image_id": 270908}
{"completed_images": 15, "image_id": 289594}
{"completed_images": 16, "image_id": 516677}
{"completed_images": 17, "image_id": 11699}
{"completed_images": 18, "image_id": 133819}
{"completed_images": 19, "image_id": 364166}
{"completed_images": 20, "image_id": 416885}
{"completed_images": 21, "image_id": 88848}
{"completed_images": 22, "image_id": 349152}
{"completed_images": 23, "image_id": 60363}
{"completed_images": 24, "image_id": 380203}
{"completed_images": 25, "image_id": 309467}
{"completed_images": 26, "image_id": 179765}
{"completed_images": 27, "image_id": 58705}
{"completed_images": 28, "image_id": 6894}
{"completed_images": 29, "image_id": 216516}
{"completed_images": 30, "image_id": 235252}
{"completed_images": 31, "image_id": 4495}
{"completed_images": 32, "image_id": 359937}
{"completed_images": 33, "image_id": 471450}
{"completed_images": 34, "image_id": 90003}
{"completed_images": 35, "image_id": 164602}
{"completed_images": 36, "image_id": 113589}
{"completed_images": 37, "image_id": 559842}
{"completed_images": 38, "image_id": 111086}
{"completed_images": 39, "image_id": 292488}
{"completed_images": 40, "image_id": 439522}
{"completed_images": 41, "image_id": 60090}
{"completed_images": 42, "image_id": 522940}
{"completed_images": 43, "image_id": 407524}
{"completed_images": 44, "image_id": 566282}
{"completed_images": 45, "image_id": 161008}
{"completed_images": 46, "image_id": 273493}
{"completed_images": 47, "image_id": 459195}
{"completed_images": 48, "image_id": 555009}
{"completed_images": 49, "image_id": 327592}
{"completed_images": 50, "image_id": 154705}
{"completed_images": 51, "image_id": 530162}
{"completed_images": 52, "image_id": 300039}
{"completed_images": 53, "image_id": 507042}
{"completed_images": 54, "image_id": 481582}
{"completed_images": 55, "image_id": 345397}
{"completed_images": 56, "image_id": 221754}
{"completed_images": 57, "image_id": 474786}
{"completed_images": 58, "image_id": 184384}
{"completed_images": 59, "image_id": 78266}
{"completed_images": 60, "image_id": 13201}
{"completed_images": 61, "image_id": 206271}
{"completed_images": 62, "image_id": 27768}
{"completed_images": 63, "image_id": 537827}
{"completed_images": 64, "image_id": 113403}
{"completed_images": 65, "image_id": 416991}
{"completed_images": 66, "image_id": 478136}
{"completed_images": 67, "image_id": 520009}
{"completed_images": 68, "image_id": 411774}
{"completed_images": 69, "image_id": 336265}
{"completed_images": 70, "image_id": 99182}
{"completed_images": 71, "image_id": 133343}
{"completed_images": 72, "image_id": 170670}
{"completed_images": 73, "image_id": 273232}
{"completed_images": 74, "image_id": 574520}
{"completed_images": 75, "image_id": 338532}
{"completed_images": 76, "image_id": 64495}
{"completed_images": 77, "image_id": 311883}
{"completed_images": 78, "image_id": 221693}
{"completed_images": 79, "image_id": 252332}
{"completed_images": 80, "image_id": 203488}
{"completed_images": 81, "image_id": 323202}
{"completed_images": 82, "image_id": 98287}
{"completed_images": 83, "image_id": 186282}
{"completed_images": 84, "image_id": 372307}
{"completed_images": 85, "image_id": 293858}
{"completed_images": 86, "image_id": 252294}
{"completed_images": 87, "image_id": 56288}
{"completed_images": 88, "image_id": 214192}
{"completed_images": 89, "image_id": 249180}
{"completed_images": 90, "image_id": 169356}
{"completed_images": 91, "image_id": 190007}
{"completed_images": 92, "image_id": 328683}
{"completed_images": 93, "image_id": 355905}
{"completed_images": 94, "image_id": 468925}
{"completed_images": 95, "image_id": 306893}
{"completed_images": 96, "image_id": 378605}
{"completed_images": 97, "image_id": 438774}
{"completed_images": 98, "image_id": 544565}
{"completed_images": 99, "image_id": 179265}
{"completed_images": 100, "image_id": 409475}
{"completed_images": 101, "image_id": 139871}
{"completed_images": 102, "image_id": 396729}
{"completed_images": 103, "image_id": 119445}
{"completed_images": 104, "image_id": 577932}
{"completed_images": 105, "image_id": 196141}
{"completed_images": 106, "image_id": 384468}
{"completed_images": 107, "image_id": 127955}
{"completed_images": 108, "image_id": 160666}
{"completed_images": 109, "image_id": 58384}
{"completed_images": 110, "image_id": 113051}
{"completed_images": 111, "image_id": 204186}
{"completed_images": 112, "image_id": 245311}
{"completed_images": 113, "image_id": 76625}
{"completed_images": 114, "image_id": 87470}
{"completed_images": 115, "image_id": 166563}
{"completed_images": 116, "image_id": 535094}
{"completed_images": 117, "image_id": 171611}
{"completed_images": 118, "image_id": 235784}
{"completed_images": 119, "image_id": 7108}
{"completed_images": 120, "image_id": 44699}
{"completed_images": 121, "image_id": 65455}
{"completed_images": 122, "image_id": 306136}
{"completed_images": 123, "image_id": 509735}
{"completed_images": 124, "image_id": 560178}
{"completed_images": 125, "image_id": 235064}
{"completed_images": 126, "image_id": 408830}
{"completed_images": 127, "image_id": 462576}
{"completed_images": 128, "image_id": 426836}
{
  "central": {
    "prompts": 356,
    "policies": {
      "original_iou_head": {
        "mean_iou": 0.5233711170779893,
        "mean_boundary_iou": 0.4268374490892119,
        "mean_delta_iou": 0.0,
        "image_cluster_delta_iou_95": [
          0.0,
          0.0
        ],
        "mean_delta_vs_largest": -0.07834497194521362,
        "image_cluster_delta_vs_largest_95": [
          -0.12927554484483766,
          -0.02740179376692671
        ],
        "image_cluster_boundary_delta_95": [
          0.0,
          0.0
        ]
      },
      "largest_original_mask": {
        "mean_iou": 0.6017160890232028,
        "mean_boundary_iou": 0.47996212665784627,
        "mean_delta_iou": 0.07834497194521362,
        "image_cluster_delta_iou_95": [
          0.027401793766926707,
          0.12927554484483766
        ],
        "mean_delta_vs_largest": 0.0,
        "image_cluster_delta_vs_largest_95": [
          0.0,
          0.0
        ],
        "image_cluster_boundary_delta_95": [
          0.005284090973836164,
          0.10092197070330414
        ]
      },
      "head_feedback_token0": {
        "mean_iou": 0.4848661272686081,
        "mean_boundary_iou": 0.3890087633829022,
        "mean_delta_iou": -0.03850498980938116,
        "image_cluster_delta_iou_95": [
          -0.0559997804646528,
          -0.021385943882309064
        ],
        "mean_delta_vs_largest": -0.11684996175459479,
        "image_cluster_delta_vs_largest_95": [
          -0.16929627691824817,
          -0.06444072848892818
        ],
        "image_cluster_boundary_delta_95": [
          -0.054835945925520935,
          -0.021849794115340132
        ]
      },
      "head_feedback_multimask_head": {
        "mean_iou": 0.5577616505780985,
        "mean_boundary_iou": 0.45969641793255606,
        "mean_delta_iou": 0.03439053350010922,
        "image_cluster_delta_iou_95": [
          0.018170289528084544,
          0.05299215145394569
        ],
        "mean_delta_vs_largest": -0.04395443844510441,
        "image_cluster_delta_vs_largest_95": [
          -0.09223670845776252,
          0.004282010087632765
        ],
        "image_cluster_boundary_delta_95": [
          0.016674943165269164,
          0.05135057407540547
        ]
      },
      "largest_feedback_token0": {
        "mean_iou": 0.48716750254469354,
        "mean_boundary_iou": 0.3907022490452396,
        "mean_delta_iou": -0.03620361453329574,
        "image_cluster_delta_iou_95": [
          -0.055095554728445725,
          -0.018013617028753096
        ],
        "mean_delta_vs_largest": -0.11454858647850936,
        "image_cluster_delta_vs_largest_95": [
          -0.16700758609879512,
          -0.061755552004547604
        ],
        "image_cluster_boundary_delta_95": [
          -0.05518671743670312,
          -0.01906287628362358
        ]
      },
      "largest_feedback_multimask_head": {
        "mean_iou": 0.5533706837906971,
        "mean_boundary_iou": 0.4494203778181939,
        "mean_delta_iou": 0.029999566712707752,
        "image_cluster_delta_iou_95": [
          0.008067060923804055,
          0.05230827894638329
        ],
        "mean_delta_vs_largest": -0.048345405232505884,
        "image_cluster_delta_vs_largest_95": [
          -0.09304865895281167,
          -0.0026970099349032917
        ],
        "image_cluster_boundary_delta_95": [
          0.0033574481190162477,
          0.041909537341643675
        ]
      }
    }
  },
  "near_boundary": {
    "prompts": 356,
    "policies": {
      "original_iou_head": {
        "mean_iou": 0.322278037775127,
        "mean_boundary_iou": 0.2957717868817334,
        "mean_delta_iou": 0.0,
        "image_cluster_delta_iou_95": [
          0.0,
          0.0
        ],
        "mean_delta_vs_largest": -0.0667669188616494,
        "image_cluster_delta_vs_largest_95": [
          -0.11602967897268436,
          -0.018581520008987926
        ],
        "image_cluster_boundary_delta_95": [
          0.0,
          0.0
        ]
      },
      "largest_original_mask": {
        "mean_iou": 0.3890449566367763,
        "mean_boundary_iou": 0.3259900132234258,
        "mean_delta_iou": 0.0667669188616494,
        "image_cluster_delta_iou_95": [
          0.01858152000898781,
          0.11602967897268435
        ],
        "mean_delta_vs_largest": 0.0,
        "image_cluster_delta_vs_largest_95": [
          0.0,
          0.0
        ],
        "image_cluster_boundary_delta_95": [
          -0.014757976786887216,
          0.07596219866064276
        ]
      },
      "head_feedback_token0": {
        "mean_iou": 0.28481132182796265,
        "mean_boundary_iou": 0.2616011332151864,
        "mean_delta_iou": -0.03746671594716427,
        "image_cluster_delta_iou_95": [
          -0.05444756454560832,
          -0.02297294274937519
        ],
        "mean_delta_vs_largest": -0.10423363480881369,
        "image_cluster_delta_vs_largest_95": [
          -0.1568592506150709,
          -0.0536911295192179
        ],
        "image_cluster_boundary_delta_95": [
          -0.04948524659531917,
          -0.02161035365826812
        ]
      },
      "head_feedback_multimask_head": {
        "mean_iou": 0.33920385037860135,
        "mean_boundary_iou": 0.3078947499287777,
        "mean_delta_iou": 0.016925812603474442,
        "image_cluster_delta_iou_95": [
          0.002762436578418248,
          0.030727357833928333
        ],
        "mean_delta_vs_largest": -0.04984110625817496,
        "image_cluster_delta_vs_largest_95": [
          -0.10049229131253322,
          -0.0012825778023755501
        ],
        "image_cluster_boundary_delta_95": [
          -0.0007008153305764812,
          0.02414360393267796
        ]
      },
      "largest_feedback_token0": {
        "mean_iou": 0.2742652203604406,
        "mean_boundary_iou": 0.25224315637430905,
        "mean_delta_iou": -0.048012817414686326,
        "image_cluster_delta_iou_95": [
          -0.06696952406461294,
          -0.0312864370134271
        ],
        "mean_delta_vs_largest": -0.11477973627633573,
        "image_cluster_delta_vs_largest_95": [
          -0.1628179923270702,
          -0.06805255888262236
        ],
        "image_cluster_boundary_delta_95": [
          -0.06076002581500315,
          -0.028942351130653403
        ]
      },
      "largest_feedback_multimask_head": {
        "mean_iou": 0.3369553227061066,
        "mean_boundary_iou": 0.301937879063244,
        "mean_delta_iou": 0.014677284930979716,
        "image_cluster_delta_iou_95": [
          -0.009127645814601813,
          0.03809025384488006
        ],
        "mean_delta_vs_largest": -0.05208963393066967,
        "image_cluster_delta_vs_largest_95": [
          -0.09347033208404311,
          -0.011545494292039396
        ],
        "image_cluster_boundary_delta_95": [
          -0.015552210017753256,
          0.027726399221929373
        ]
      }
    }
  },
  "box": {
    "prompts": 356,
    "policies": {
      "original_iou_head": {
        "mean_iou": 0.825884886412005,
        "mean_boundary_iou": 0.7022993335280111,
        "mean_delta_iou": 0.0,
        "image_cluster_delta_iou_95": [
          0.0,
          0.0
        ],
        "mean_delta_vs_largest": 0.00586003803347619,
        "image_cluster_delta_vs_largest_95": [
          -0.0032374575276359896,
          0.01629093244367621
        ],
        "image_cluster_boundary_delta_95": [
          0.0,
          0.0
        ]
      },
      "largest_original_mask": {
        "mean_iou": 0.8200248483785288,
        "mean_boundary_iou": 0.6964658425440147,
        "mean_delta_iou": -0.00586003803347619,
        "image_cluster_delta_iou_95": [
          -0.01629093244367621,
          0.0032374575276359883
        ],
        "mean_delta_vs_largest": 0.0,
        "image_cluster_delta_vs_largest_95": [
          0.0,
          0.0
        ],
        "image_cluster_boundary_delta_95": [
          -0.014540595938614231,
          0.001958249901579154
        ]
      },
      "head_feedback_token0": {
        "mean_iou": 0.8163533741127763,
        "mean_boundary_iou": 0.6988293220375851,
        "mean_delta_iou": -0.00953151229922867,
        "image_cluster_delta_iou_95": [
          -0.018863152200259747,
          -0.0011984835594091511
        ],
        "mean_delta_vs_largest": -0.0036714742657524796,
        "image_cluster_delta_vs_largest_95": [
          -0.017966933317422898,
          0.010235259920656185
        ],
        "image_cluster_boundary_delta_95": [
          -0.009802522574468578,
          0.0022062412660631024
        ]
      },
      "head_feedback_multimask_head": {
        "mean_iou": 0.8289285325837888,
        "mean_boundary_iou": 0.7100353526539221,
        "mean_delta_iou": 0.003043646171783791,
        "image_cluster_delta_iou_95": [
          0.0009730657989969275,
          0.004990140258316384
        ],
        "mean_delta_vs_largest": 0.008903684205259983,
        "image_cluster_delta_vs_largest_95": [
          -6.510318916448077e-06,
          0.019000871810762494
        ],
        "image_cluster_boundary_delta_95": [
          0.004287020060117127,
          0.01116470243917706
        ]
      },
      "largest_feedback_token0": {
        "mean_iou": 0.8154970670043691,
        "mean_boundary_iou": 0.6991903798562784,
        "mean_delta_iou": -0.01038781940763595,
        "image_cluster_delta_iou_95": [
          -0.019855182919952037,
          -0.00152237680062649
        ],
        "mean_delta_vs_largest": -0.004527781374159761,
        "image_cluster_delta_vs_largest_95": [
          -0.017821148622465678,
          0.008955477677622035
        ],
        "image_cluster_boundary_delta_95": [
          -0.009655117688025402,
          0.002557482840957311
        ]
      },
      "largest_feedback_multimask_head": {
        "mean_iou": 0.8272947431419898,
        "mean_boundary_iou": 0.7095448099451253,
        "mean_delta_iou": 0.001409856729984966,
        "image_cluster_delta_iou_95": [
          -0.005697690903139072,
          0.007339942607668499
        ],
        "mean_delta_vs_largest": 0.007269894763461156,
        "image_cluster_delta_vs_largest_95": [
          -3.457063390111475e-05,
          0.016080942988340174
        ],
        "image_cluster_boundary_delta_95": [
          0.000793085841770762,
          0.012970327473171872
        ]
      }
    }
  }
}
