{
  "central": {
    "prompts": 356,
    "oracle_1to3_mean_iou": 0.7534240879735501,
    "policies": {
      "original_iou_head": {
        "mean_iou": 0.5233711170779893,
        "mean_boundary_iou": 0.4268374490892119,
        "mean_delta_iou": 0.0,
        "image_cluster_delta_iou_95": [
          0.0,
          0.0
        ],
        "image_cluster_delta_boundary_iou_95": [
          0.0,
          0.0
        ],
        "improved": 0,
        "worsened": 0
      },
      "matched_mean_iou_head": {
        "mean_iou": 0.5289422023067134,
        "mean_boundary_iou": 0.43064211639274286,
        "mean_delta_iou": 0.005571085228724074,
        "image_cluster_delta_iou_95": [
          -0.0075513913478513755,
          0.018387432021573773
        ],
        "image_cluster_delta_boundary_iou_95": [
          -0.008183272218801364,
          0.016247234660373127
        ],
        "improved": 32,
        "worsened": 28
      },
      "matched_consistency_only": {
        "mean_iou": 0.592517495817337,
        "mean_boundary_iou": 0.47479000646618796,
        "mean_delta_iou": 0.06914637873934769,
        "image_cluster_delta_iou_95": [
          0.03615345939146569,
          0.10435369144085187
        ],
        "image_cluster_delta_boundary_iou_95": [
          0.018086433174474625,
          0.07943839300620108
        ],
        "improved": 108,
        "worsened": 71
      }
    }
  },
  "near_boundary": {
    "prompts": 356,
    "oracle_1to3_mean_iou": 0.5254218281905808,
    "policies": {
      "original_iou_head": {
        "mean_iou": 0.322278037775127,
        "mean_boundary_iou": 0.2957717868817334,
        "mean_delta_iou": 0.0,
        "image_cluster_delta_iou_95": [
          0.0,
          0.0
        ],
        "image_cluster_delta_boundary_iou_95": [
          0.0,
          0.0
        ],
        "improved": 0,
        "worsened": 0
      },
      "matched_mean_iou_head": {
        "mean_iou": 0.3189787817197137,
        "mean_boundary_iou": 0.2905214657299181,
        "mean_delta_iou": -0.0032992560554132235,
        "image_cluster_delta_iou_95": [
          -0.021029177594631025,
          0.014318649435782755
        ],
        "image_cluster_delta_boundary_iou_95": [
          -0.021254770212937757,
          0.010899485991710646
        ],
        "improved": 35,
        "worsened": 41
      },
      "matched_consistency_only": {
        "mean_iou": 0.3158596354238006,
        "mean_boundary_iou": 0.27997771894839985,
        "mean_delta_iou": -0.00641840235132639,
        "image_cluster_delta_iou_95": [
          -0.038568269899696445,
          0.026617517235660484
        ],
        "image_cluster_delta_boundary_iou_95": [
          -0.044124518086677056,
          0.01271242268276039
        ],
        "improved": 80,
        "worsened": 93
      }
    }
  },
  "box": {
    "prompts": 356,
    "oracle_1to3_mean_iou": 0.8457888624740963,
    "policies": {
      "original_iou_head": {
        "mean_iou": 0.825884886412005,
        "mean_boundary_iou": 0.7022993335280111,
        "mean_delta_iou": 0.0,
        "image_cluster_delta_iou_95": [
          0.0,
          0.0
        ],
        "image_cluster_delta_boundary_iou_95": [
          0.0,
          0.0
        ],
        "improved": 0,
        "worsened": 0
      },
      "matched_mean_iou_head": {
        "mean_iou": 0.8233121027210789,
        "mean_boundary_iou": 0.6995953128759044,
        "mean_delta_iou": -0.002572783690926169,
        "image_cluster_delta_iou_95": [
          -0.007719709324102274,
          0.0022854480725041397
        ],
        "image_cluster_delta_boundary_iou_95": [
          -0.0072178151852230615,
          0.0015240918906242026
        ],
        "improved": 65,
        "worsened": 60
      },
      "matched_consistency_only": {
        "mean_iou": 0.8126132054231316,
        "mean_boundary_iou": 0.6889347941133037,
        "mean_delta_iou": -0.013271680988873349,
        "image_cluster_delta_iou_95": [
          -0.022682832185165563,
          -0.0045988643023962975
        ],
        "image_cluster_delta_boundary_iou_95": [
          -0.020776923907277683,
          -0.0064794979285740925
        ],
        "improved": 63,
        "worsened": 102
      }
    }
  }
}
