Error importing huggingface_hub.hf_api: No module named 'httpcore2'
load <All keys matched successfully>
50 44s insid3 56.5 clus_major 81.5 grid 92.1
100 75s insid3 57.5 clus_major 80.1 grid 91.3
150 107s insid3 58.3 clus_major 80.0 grid 92.4
200 138s insid3 58.3 clus_major 80.2 grid 92.5
250 168s insid3 56.1 clus_major 80.3 grid 92.8
300 199s insid3 55.2 clus_major 80.6 grid 92.9
350 229s insid3 54.9 clus_major 81.1 grid 93.1
400 259s insid3 54.8 clus_major 81.4 grid 93.2
450 289s insid3 55.0 clus_major 81.6 grid 93.3
500 319s insid3 54.5 clus_major 81.2 grid 93.2
550 350s insid3 55.3 clus_major 81.4 grid 93.2
600 380s insid3 55.0 clus_major 81.6 grid 93.2
650 410s insid3 55.1 clus_major 81.5 grid 93.3
700 440s insid3 55.5 clus_major 81.8 grid 93.4
750 470s insid3 55.9 clus_major 81.6 grid 93.4
800 501s insid3 56.3 clus_major 82.0 grid 93.4
850 531s insid3 55.7 clus_major 81.9 grid 93.5
900 561s insid3 55.4 clus_major 81.9 grid 93.5
950 591s insid3 55.2 clus_major 82.1 grid 93.5
1000 622s insid3 55.6 clus_major 82.2 grid 93.5
{
 "fold": 0,
 "n": 1000,
 "tau": 0.6,
 "miou": {
  "insid3": 55.63,
  "grid": 93.46,
  "clus_major": 82.15,
  "clus_best": 80.68,
  "seed_only": 40.63,
  "oracle_seed": 61.69,
  "drop_fp": 64.47,
  "add_fn": 71.21,
  "thr_0.1": 53.46,
  "thr_0.15": 55.64,
  "thr_0.3": 49.66,
  "thr_0.4": 43.07
 },
 "seconds": 622,
 "seed_is_fg": 0.807,
 "empty": 0.009,
 "mean_K": 26.872
}
