{"completed_images": 1, "image_id": 529105}
{"completed_images": 2, "image_id": 400367}
{"completed_images": 3, "image_id": 170116}
{"completed_images": 4, "image_id": 326627}
{"completed_images": 5, "image_id": 403385}
{"completed_images": 6, "image_id": 288882}
{"completed_images": 7, "image_id": 430056}
{"completed_images": 8, "image_id": 512403}
{"completed_images": 9, "image_id": 476810}
{"completed_images": 10, "image_id": 129135}
{"completed_images": 11, "image_id": 363188}
{"completed_images": 12, "image_id": 97278}
{"completed_images": 13, "image_id": 546325}
{"completed_images": 14, "image_id": 270908}
{"completed_images": 15, "image_id": 289594}
{"completed_images": 16, "image_id": 516677}
{"completed_images": 17, "image_id": 11699}
{"completed_images": 18, "image_id": 133819}
{"completed_images": 19, "image_id": 364166}
{"completed_images": 20, "image_id": 416885}
{"completed_images": 21, "image_id": 88848}
{"completed_images": 22, "image_id": 349152}
{"completed_images": 23, "image_id": 60363}
{"completed_images": 24, "image_id": 380203}
{"completed_images": 25, "image_id": 309467}
{"completed_images": 26, "image_id": 179765}
{"completed_images": 27, "image_id": 58705}
{"completed_images": 28, "image_id": 6894}
{"completed_images": 29, "image_id": 216516}
{"completed_images": 30, "image_id": 235252}
{"completed_images": 31, "image_id": 4495}
{"completed_images": 32, "image_id": 359937}
{"completed_images": 33, "image_id": 471450}
{"completed_images": 34, "image_id": 90003}
{"completed_images": 35, "image_id": 164602}
{"completed_images": 36, "image_id": 113589}
{"completed_images": 37, "image_id": 559842}
{"completed_images": 38, "image_id": 111086}
{"completed_images": 39, "image_id": 292488}
{"completed_images": 40, "image_id": 439522}
{"completed_images": 41, "image_id": 60090}
{"completed_images": 42, "image_id": 522940}
{"completed_images": 43, "image_id": 407524}
{"completed_images": 44, "image_id": 566282}
{"completed_images": 45, "image_id": 161008}
{"completed_images": 46, "image_id": 273493}
{"completed_images": 47, "image_id": 459195}
{"completed_images": 48, "image_id": 555009}
{"completed_images": 49, "image_id": 327592}
{"completed_images": 50, "image_id": 154705}
{"completed_images": 51, "image_id": 530162}
{"completed_images": 52, "image_id": 300039}
{"completed_images": 53, "image_id": 507042}
{"completed_images": 54, "image_id": 481582}
{"completed_images": 55, "image_id": 345397}
{"completed_images": 56, "image_id": 221754}
{"completed_images": 57, "image_id": 474786}
{"completed_images": 58, "image_id": 184384}
{"completed_images": 59, "image_id": 78266}
{"completed_images": 60, "image_id": 13201}
{"completed_images": 61, "image_id": 206271}
{"completed_images": 62, "image_id": 27768}
{"completed_images": 63, "image_id": 537827}
{"completed_images": 64, "image_id": 113403}
{"completed_images": 65, "image_id": 416991}
{"completed_images": 66, "image_id": 478136}
{"completed_images": 67, "image_id": 520009}
{"completed_images": 68, "image_id": 411774}
{"completed_images": 69, "image_id": 336265}
{"completed_images": 70, "image_id": 99182}
{"completed_images": 71, "image_id": 133343}
{"completed_images": 72, "image_id": 170670}
{"completed_images": 73, "image_id": 273232}
{"completed_images": 74, "image_id": 574520}
{"completed_images": 75, "image_id": 338532}
{"completed_images": 76, "image_id": 64495}
{"completed_images": 77, "image_id": 311883}
{"completed_images": 78, "image_id": 221693}
{"completed_images": 79, "image_id": 252332}
{"completed_images": 80, "image_id": 203488}
{"completed_images": 81, "image_id": 323202}
{"completed_images": 82, "image_id": 98287}
{"completed_images": 83, "image_id": 186282}
{"completed_images": 84, "image_id": 372307}
{"completed_images": 85, "image_id": 293858}
{"completed_images": 86, "image_id": 252294}
{"completed_images": 87, "image_id": 56288}
{"completed_images": 88, "image_id": 214192}
{"completed_images": 89, "image_id": 249180}
{"completed_images": 90, "image_id": 169356}
{"completed_images": 91, "image_id": 190007}
{"completed_images": 92, "image_id": 328683}
{"completed_images": 93, "image_id": 355905}
{"completed_images": 94, "image_id": 468925}
{"completed_images": 95, "image_id": 306893}
{"completed_images": 96, "image_id": 378605}
{"completed_images": 97, "image_id": 438774}
{"completed_images": 98, "image_id": 544565}
{"completed_images": 99, "image_id": 179265}
{"completed_images": 100, "image_id": 409475}
{"completed_images": 101, "image_id": 139871}
{"completed_images": 102, "image_id": 396729}
{"completed_images": 103, "image_id": 119445}
{"completed_images": 104, "image_id": 577932}
{"completed_images": 105, "image_id": 196141}
{"completed_images": 106, "image_id": 384468}
{"completed_images": 107, "image_id": 127955}
{"completed_images": 108, "image_id": 160666}
{"completed_images": 109, "image_id": 58384}
{"completed_images": 110, "image_id": 113051}
{"completed_images": 111, "image_id": 204186}
{"completed_images": 112, "image_id": 245311}
{"completed_images": 113, "image_id": 76625}
{"completed_images": 114, "image_id": 87470}
{"completed_images": 115, "image_id": 166563}
{"completed_images": 116, "image_id": 535094}
{"completed_images": 117, "image_id": 171611}
{"completed_images": 118, "image_id": 235784}
{"completed_images": 119, "image_id": 7108}
{"completed_images": 120, "image_id": 44699}
{"completed_images": 121, "image_id": 65455}
{"completed_images": 122, "image_id": 306136}
{"completed_images": 123, "image_id": 509735}
{"completed_images": 124, "image_id": 560178}
{"completed_images": 125, "image_id": 235064}
{"completed_images": 126, "image_id": 408830}
{"completed_images": 127, "image_id": 462576}
{"completed_images": 128, "image_id": 426836}
{
  "central": {
    "prompts": 356,
    "policies": {
      "original_iou_head": {
        "mean_iou": 0.5233711170779893,
        "mean_boundary_iou": 0.4268374490892119,
        "mean_delta_iou": 0.0,
        "image_cluster_delta_iou_95": [
          0.0,
          0.0
        ],
        "improved": 0,
        "worsened": 0
      },
      "perturb_consistency": {
        "mean_iou": 0.6351687926172982,
        "mean_boundary_iou": 0.5218588873777135,
        "mean_delta_iou": 0.1117976755393089,
        "image_cluster_delta_iou_95": [
          0.08479787835852054,
          0.14212775803909783
        ],
        "improved": 112,
        "worsened": 24
      },
      "perturb_mean_iou_head": {
        "mean_iou": 0.5307363629638384,
        "mean_boundary_iou": 0.43641484888130794,
        "mean_delta_iou": 0.0073652458858491495,
        "image_cluster_delta_iou_95": [
          -0.006371155428254754,
          0.02060434521324076
        ],
        "improved": 22,
        "worsened": 15
      },
      "largest_original_mask": {
        "mean_iou": 0.6017160890232028,
        "mean_boundary_iou": 0.47996212665784627,
        "mean_delta_iou": 0.07834497194521362,
        "image_cluster_delta_iou_95": [
          0.027401793766926707,
          0.12927554484483766
        ],
        "improved": 184,
        "worsened": 117
      },
      "original_logit_stability": {
        "mean_iou": 0.5171224354958939,
        "mean_boundary_iou": 0.42819512974801943,
        "mean_delta_iou": -0.0062486815820954065,
        "image_cluster_delta_iou_95": [
          -0.024436923039076967,
          0.012798543019610156
        ],
        "improved": 47,
        "worsened": 48
      }
    }
  },
  "near_boundary": {
    "prompts": 356,
    "policies": {
      "original_iou_head": {
        "mean_iou": 0.322278037775127,
        "mean_boundary_iou": 0.2957717868817334,
        "mean_delta_iou": 0.0,
        "image_cluster_delta_iou_95": [
          0.0,
          0.0
        ],
        "improved": 0,
        "worsened": 0
      },
      "perturb_consistency": {
        "mean_iou": 0.37177440244669757,
        "mean_boundary_iou": 0.32926108215431743,
        "mean_delta_iou": 0.04949636467157064,
        "image_cluster_delta_iou_95": [
          0.01983174062257443,
          0.08270248975097153
        ],
        "improved": 91,
        "worsened": 60
      },
      "perturb_mean_iou_head": {
        "mean_iou": 0.3325685189531981,
        "mean_boundary_iou": 0.30225558592875174,
        "mean_delta_iou": 0.010290481178071161,
        "image_cluster_delta_iou_95": [
          -0.007416415685171462,
          0.027927700380603267
        ],
        "improved": 40,
        "worsened": 38
      },
      "largest_original_mask": {
        "mean_iou": 0.3890449566367763,
        "mean_boundary_iou": 0.3259900132234258,
        "mean_delta_iou": 0.0667669188616494,
        "image_cluster_delta_iou_95": [
          0.01858152000898781,
          0.11602967897268435
        ],
        "improved": 173,
        "worsened": 127
      },
      "original_logit_stability": {
        "mean_iou": 0.3086844504409914,
        "mean_boundary_iou": 0.2811883435223169,
        "mean_delta_iou": -0.013593587334135503,
        "image_cluster_delta_iou_95": [
          -0.03161479748289853,
          0.004439914202458024
        ],
        "improved": 44,
        "worsened": 54
      }
    }
  },
  "box": {
    "prompts": 356,
    "policies": {
      "original_iou_head": {
        "mean_iou": 0.825884886412005,
        "mean_boundary_iou": 0.7022993335280111,
        "mean_delta_iou": 0.0,
        "image_cluster_delta_iou_95": [
          0.0,
          0.0
        ],
        "improved": 0,
        "worsened": 0
      },
      "perturb_consistency": {
        "mean_iou": 0.8199836489231787,
        "mean_boundary_iou": 0.6967705326042958,
        "mean_delta_iou": -0.0059012374888262956,
        "image_cluster_delta_iou_95": [
          -0.015262929678993599,
          0.002058644064768335
        ],
        "improved": 56,
        "worsened": 60
      },
      "perturb_mean_iou_head": {
        "mean_iou": 0.824947963330722,
        "mean_boundary_iou": 0.7017773577353287,
        "mean_delta_iou": -0.0009369230812830773,
        "image_cluster_delta_iou_95": [
          -0.00368642799018633,
          0.0008789045597319137
        ],
        "improved": 14,
        "worsened": 10
      },
      "largest_original_mask": {
        "mean_iou": 0.8200248483785288,
        "mean_boundary_iou": 0.6964658425440147,
        "mean_delta_iou": -0.00586003803347619,
        "image_cluster_delta_iou_95": [
          -0.01629093244367621,
          0.0032374575276359883
        ],
        "improved": 81,
        "worsened": 45
      },
      "original_logit_stability": {
        "mean_iou": 0.8214931403148299,
        "mean_boundary_iou": 0.7016059594770803,
        "mean_delta_iou": -0.00439174609717516,
        "image_cluster_delta_iou_95": [
          -0.013373911036245925,
          0.0032811884946221193
        ],
        "improved": 58,
        "worsened": 58
      }
    }
  }
}
