{"completed_images": 1, "image_id": 517687}
{"completed_images": 2, "image_id": 373382}
{"completed_images": 3, "image_id": 393282}
{"completed_images": 4, "image_id": 428562}
{"completed_images": 5, "image_id": 534605}
{"completed_images": 6, "image_id": 263796}
{"completed_images": 7, "image_id": 297562}
{"completed_images": 8, "image_id": 275791}
{"completed_images": 9, "image_id": 410650}
{"completed_images": 10, "image_id": 64718}
{"completed_images": 11, "image_id": 558421}
{"completed_images": 12, "image_id": 513181}
{"completed_images": 13, "image_id": 541123}
{"completed_images": 14, "image_id": 389812}
{"completed_images": 15, "image_id": 513484}
{"completed_images": 16, "image_id": 384616}
{"completed_images": 17, "image_id": 530836}
{"completed_images": 18, "image_id": 533493}
{"completed_images": 19, "image_id": 462904}
{"completed_images": 20, "image_id": 165351}
{"completed_images": 21, "image_id": 66886}
{"completed_images": 22, "image_id": 529528}
{"completed_images": 23, "image_id": 569976}
{"completed_images": 24, "image_id": 572388}
{
  "central": {
    "prompts": 70,
    "policies": {
      "original_iou_head": {
        "mean_iou": 0.5380498524994987,
        "mean_boundary_iou": 0.4249112833969351,
        "mean_delta_iou": 0.0,
        "image_cluster_delta_iou_95": [
          0.0,
          0.0
        ],
        "mean_delta_vs_largest": -0.11519866800652047,
        "image_cluster_delta_vs_largest_95": [
          -0.21023693600172996,
          -0.014045801295717574
        ],
        "image_cluster_boundary_delta_95": [
          0.0,
          0.0
        ]
      },
      "largest_original_mask": {
        "mean_iou": 0.6532485205060193,
        "mean_boundary_iou": 0.5317308163051332,
        "mean_delta_iou": 0.11519866800652047,
        "image_cluster_delta_iou_95": [
          0.014045801295717489,
          0.21023693600172988
        ],
        "mean_delta_vs_largest": 0.0,
        "image_cluster_delta_vs_largest_95": [
          0.0,
          0.0
        ],
        "image_cluster_boundary_delta_95": [
          0.016174093909722364,
          0.1941472112609541
        ]
      },
      "head_feedback_token0": {
        "mean_iou": 0.5024003388417917,
        "mean_boundary_iou": 0.3988302444872666,
        "mean_delta_iou": -0.035649513657707035,
        "image_cluster_delta_iou_95": [
          -0.07155861347197319,
          -0.008518582964115172
        ],
        "mean_delta_vs_largest": -0.1508481816642275,
        "image_cluster_delta_vs_largest_95": [
          -0.25243410549120276,
          -0.04620943851710199
        ],
        "image_cluster_boundary_delta_95": [
          -0.050956219898966156,
          -0.004320017070815759
        ]
      },
      "head_feedback_multimask_head": {
        "mean_iou": 0.5789550796713783,
        "mean_boundary_iou": 0.4624854306833657,
        "mean_delta_iou": 0.04090522717187959,
        "image_cluster_delta_iou_95": [
          0.006175919164379998,
          0.08128072446362196
        ],
        "mean_delta_vs_largest": -0.0742934408346409,
        "image_cluster_delta_vs_largest_95": [
          -0.16604005124830717,
          0.014462295058210178
        ],
        "image_cluster_boundary_delta_95": [
          0.005557351947860861,
          0.07739448129911951
        ]
      },
      "largest_feedback_token0": {
        "mean_iou": 0.5141027349842626,
        "mean_boundary_iou": 0.40728436067584795,
        "mean_delta_iou": -0.02394711751523605,
        "image_cluster_delta_iou_95": [
          -0.06355780032515415,
          0.008871050106270938
        ],
        "mean_delta_vs_largest": -0.1391457855217565,
        "image_cluster_delta_vs_largest_95": [
          -0.23705021842217597,
          -0.03931683357342939
        ],
        "image_cluster_boundary_delta_95": [
          -0.04696080005776501,
          0.009752235737875953
        ]
      },
      "largest_feedback_multimask_head": {
        "mean_iou": 0.5924122666922812,
        "mean_boundary_iou": 0.4795869993386886,
        "mean_delta_iou": 0.054362414192782545,
        "image_cluster_delta_iou_95": [
          0.023951698018534147,
          0.08484973797317816
        ],
        "mean_delta_vs_largest": -0.06083625381373791,
        "image_cluster_delta_vs_largest_95": [
          -0.15948219874667033,
          0.035086535560597876
        ],
        "image_cluster_boundary_delta_95": [
          0.025970515112849757,
          0.08261661752791091
        ]
      }
    }
  },
  "near_boundary": {
    "prompts": 70,
    "policies": {
      "original_iou_head": {
        "mean_iou": 0.3187264276755651,
        "mean_boundary_iou": 0.28103584020607136,
        "mean_delta_iou": 0.0,
        "image_cluster_delta_iou_95": [
          0.0,
          0.0
        ],
        "mean_delta_vs_largest": -0.15348615657862577,
        "image_cluster_delta_vs_largest_95": [
          -0.24013598847088688,
          -0.060318162456581496
        ],
        "image_cluster_boundary_delta_95": [
          0.0,
          0.0
        ]
      },
      "largest_original_mask": {
        "mean_iou": 0.47221258425419094,
        "mean_boundary_iou": 0.40742870285161786,
        "mean_delta_iou": 0.15348615657862577,
        "image_cluster_delta_iou_95": [
          0.060318162456581434,
          0.24013598847088688
        ],
        "mean_delta_vs_largest": 0.0,
        "image_cluster_delta_vs_largest_95": [
          0.0,
          0.0
        ],
        "image_cluster_boundary_delta_95": [
          0.034817211508673465,
          0.20985033695692726
        ]
      },
      "head_feedback_token0": {
        "mean_iou": 0.2719719746660614,
        "mean_boundary_iou": 0.23195801743991362,
        "mean_delta_iou": -0.046754453009503885,
        "image_cluster_delta_iou_95": [
          -0.09758225091795975,
          -0.011181577363091845
        ],
        "mean_delta_vs_largest": -0.20024060958812967,
        "image_cluster_delta_vs_largest_95": [
          -0.28678187494490326,
          -0.11294757625869946
        ],
        "image_cluster_boundary_delta_95": [
          -0.10082834121980602,
          -0.01264680202680644
        ]
      },
      "head_feedback_multimask_head": {
        "mean_iou": 0.3374832156441605,
        "mean_boundary_iou": 0.28603042934641565,
        "mean_delta_iou": 0.01875678796859542,
        "image_cluster_delta_iou_95": [
          -0.02608683541550573,
          0.06256686064234672
        ],
        "mean_delta_vs_largest": -0.13472936861003038,
        "image_cluster_delta_vs_largest_95": [
          -0.22046277026716685,
          -0.04682375686695029
        ],
        "image_cluster_boundary_delta_95": [
          -0.038726496724113796,
          0.04978336677572971
        ]
      },
      "largest_feedback_token0": {
        "mean_iou": 0.24997689138666418,
        "mean_boundary_iou": 0.21046004914747637,
        "mean_delta_iou": -0.06874953628890092,
        "image_cluster_delta_iou_95": [
          -0.12676049235747183,
          -0.022672026894986274
        ],
        "mean_delta_vs_largest": -0.22223569286752667,
        "image_cluster_delta_vs_largest_95": [
          -0.29462293180732313,
          -0.1590581581643531
        ],
        "image_cluster_boundary_delta_95": [
          -0.12650334660171125,
          -0.024788857601172155
        ]
      },
      "largest_feedback_multimask_head": {
        "mean_iou": 0.3387185530223274,
        "mean_boundary_iou": 0.28832200319712564,
        "mean_delta_iou": 0.01999212534676224,
        "image_cluster_delta_iou_95": [
          -0.03219240190914602,
          0.07249033707293459
        ],
        "mean_delta_vs_largest": -0.13349403123186349,
        "image_cluster_delta_vs_largest_95": [
          -0.2143062000415618,
          -0.05475954687519038
        ],
        "image_cluster_boundary_delta_95": [
          -0.04445559526432108,
          0.0587444281014707
        ]
      }
    }
  },
  "box": {
    "prompts": 70,
    "policies": {
      "original_iou_head": {
        "mean_iou": 0.8054071051450357,
        "mean_boundary_iou": 0.6896878866805294,
        "mean_delta_iou": 0.0,
        "image_cluster_delta_iou_95": [
          0.0,
          0.0
        ],
        "mean_delta_vs_largest": 0.010771608450779537,
        "image_cluster_delta_vs_largest_95": [
          -0.017060933448348366,
          0.03631948265439537
        ],
        "image_cluster_boundary_delta_95": [
          0.0,
          0.0
        ]
      },
      "largest_original_mask": {
        "mean_iou": 0.7946354966942563,
        "mean_boundary_iou": 0.6790169939198247,
        "mean_delta_iou": -0.010771608450779537,
        "image_cluster_delta_iou_95": [
          -0.03631948265439537,
          0.017060933448348345
        ],
        "mean_delta_vs_largest": 0.0,
        "image_cluster_delta_vs_largest_95": [
          0.0,
          0.0
        ],
        "image_cluster_boundary_delta_95": [
          -0.0326961490350994,
          0.010001963781263556
        ]
      },
      "head_feedback_token0": {
        "mean_iou": 0.8120226980292548,
        "mean_boundary_iou": 0.6946651189517691,
        "mean_delta_iou": 0.006615592884219059,
        "image_cluster_delta_iou_95": [
          -0.00011660649157234223,
          0.013060988834235784
        ],
        "mean_delta_vs_largest": 0.017387201334998593,
        "image_cluster_delta_vs_largest_95": [
          -0.012648069422398671,
          0.04426852128039928
        ],
        "image_cluster_boundary_delta_95": [
          -0.0049457726599967935,
          0.014954505146429202
        ]
      },
      "head_feedback_multimask_head": {
        "mean_iou": 0.8100923438334494,
        "mean_boundary_iou": 0.6967974005163495,
        "mean_delta_iou": 0.004685238688413879,
        "image_cluster_delta_iou_95": [
          0.0021659829598225065,
          0.007081250200302221
        ],
        "mean_delta_vs_largest": 0.01545684713919342,
        "image_cluster_delta_vs_largest_95": [
          -0.012961931346361852,
          0.04075377795507487
        ],
        "image_cluster_boundary_delta_95": [
          0.0026878437758958056,
          0.011820284467396051
        ]
      },
      "largest_feedback_token0": {
        "mean_iou": 0.8090521498013492,
        "mean_boundary_iou": 0.6925403457419331,
        "mean_delta_iou": 0.003645044656313566,
        "image_cluster_delta_iou_95": [
          -0.010876682794657993,
          0.014111636316616286
        ],
        "mean_delta_vs_largest": 0.014416653107093103,
        "image_cluster_delta_vs_largest_95": [
          -0.011708605392445273,
          0.03739065025465249
        ],
        "image_cluster_boundary_delta_95": [
          -0.012838720792862832,
          0.015901842659681937
        ]
      },
      "largest_feedback_multimask_head": {
        "mean_iou": 0.8126429527210429,
        "mean_boundary_iou": 0.6971738319507795,
        "mean_delta_iou": 0.007235847576007244,
        "image_cluster_delta_iou_95": [
          -0.01471087026168382,
          0.03131777621890955
        ],
        "mean_delta_vs_largest": 0.018007456026786783,
        "image_cluster_delta_vs_largest_95": [
          0.006022448520362306,
          0.033072422334725515
        ],
        "image_cluster_boundary_delta_95": [
          -0.010492657402842994,
          0.024779357630457306
        ]
      }
    }
  }
}
