Error importing huggingface_hub.hf_api: No module named 'httpcore2'
load <All keys matched successfully>
50 42s insid3 59.1 clus_major 75.1 grid 89.9
100 72s insid3 61.1 clus_major 78.4 grid 92.1
150 103s insid3 60.6 clus_major 82.8 grid 92.9
200 134s insid3 59.1 clus_major 83.4 grid 93.1
250 176s insid3 59.9 clus_major 84.3 grid 93.8
300 206s insid3 58.5 clus_major 83.7 grid 93.5
350 235s insid3 58.0 clus_major 83.1 grid 93.4
400 264s insid3 57.8 clus_major 83.4 grid 93.3
450 293s insid3 57.9 clus_major 83.3 grid 93.2
500 333s insid3 58.8 clus_major 83.4 grid 93.5
550 375s insid3 59.1 clus_major 83.7 grid 93.7
600 413s insid3 59.3 clus_major 83.5 grid 93.6
650 453s insid3 59.4 clus_major 83.5 grid 93.6
700 495s insid3 59.5 clus_major 83.8 grid 93.7
750 534s insid3 59.5 clus_major 84.2 grid 93.8
800 573s insid3 59.4 clus_major 84.0 grid 93.8
850 615s insid3 59.6 clus_major 84.3 grid 93.8
900 654s insid3 59.1 clus_major 84.5 grid 93.9
950 693s insid3 58.8 clus_major 84.7 grid 94.0
1000 732s insid3 59.1 clus_major 84.8 grid 94.0
{
 "fold": 1,
 "n": 1000,
 "tau": 0.6,
 "miou": {
  "insid3": 59.13,
  "grid": 94.04,
  "clus_major": 84.8,
  "clus_best": 83.36,
  "seed_only": 40.85,
  "oracle_seed": 64.94,
  "drop_fp": 65.02,
  "add_fn": 76.05,
  "thr_0.1": 56.35,
  "thr_0.15": 58.48,
  "thr_0.3": 54.92,
  "thr_0.4": 46.88
 },
 "seconds": 732,
 "seed_is_fg": 0.811,
 "empty": 0.012,
 "mean_K": 25.816
}
