Error importing huggingface_hub.hf_api: No module named 'httpcore2'
load <All keys matched successfully>
50 58s insid3 56.5 cand 47.1 node_best 79.7 node_cos 32.2 node_cos_a8 35.1 anc_best 58.5 anc_cand 45.2
100 119s insid3 57.5 cand 43.1 node_best 79.3 node_cos 36.4 node_cos_a8 40.3 anc_best 60.7 anc_cand 42.8
150 181s insid3 58.3 cand 43.9 node_best 78.9 node_cos 40.9 node_cos_a8 43.1 anc_best 61.3 anc_cand 44.0
200 240s insid3 58.3 cand 46.1 node_best 79.4 node_cos 39.2 node_cos_a8 41.4 anc_best 60.6 anc_cand 45.5
250 299s insid3 56.1 cand 45.4 node_best 79.9 node_cos 37.4 node_cos_a8 39.4 anc_best 61.9 anc_cand 44.4
300 356s insid3 55.2 cand 43.3 node_best 79.7 node_cos 38.7 node_cos_a8 40.9 anc_best 62.5 anc_cand 41.8
{
 "fold": 0,
 "n": 300,
 "miou": {
  "insid3": 55.16,
  "cand": 43.29,
  "node_best": 79.68,
  "node_cos": 38.73,
  "node_cos_a8": 40.92,
  "anc_best": 62.53,
  "anc_cand": 41.76
 },
 "seconds": 356
}
