Error importing huggingface_hub.hf_api: No module named 'httpcore2'
load <All keys matched successfully>
50 56s insid3 69.7 clus_major 74.8 grid 90.4
100 97s insid3 60.9 clus_major 76.8 grid 91.1
150 139s insid3 58.3 clus_major 77.6 grid 91.6
200 177s insid3 58.1 clus_major 78.5 grid 91.7
250 217s insid3 57.2 clus_major 78.4 grid 91.5
300 256s insid3 57.3 clus_major 79.2 grid 91.7
350 293s insid3 55.7 clus_major 79.5 grid 91.8
400 323s insid3 55.5 clus_major 79.5 grid 91.8
450 354s insid3 54.9 clus_major 79.6 grid 92.0
500 385s insid3 55.1 clus_major 79.5 grid 92.0
550 416s insid3 54.7 clus_major 79.2 grid 91.9
600 447s insid3 54.3 clus_major 79.4 grid 92.1
650 476s insid3 54.7 clus_major 79.5 grid 92.0
700 506s insid3 55.1 clus_major 79.2 grid 91.8
750 537s insid3 55.4 clus_major 79.3 grid 91.8
800 572s insid3 54.6 clus_major 79.1 grid 91.8
850 615s insid3 54.7 clus_major 79.2 grid 91.8
900 654s insid3 55.1 clus_major 79.3 grid 91.8
950 696s insid3 55.2 clus_major 79.3 grid 91.8
1000 737s insid3 55.2 clus_major 79.2 grid 91.8
{
 "fold": 2,
 "n": 1000,
 "tau": 0.6,
 "miou": {
  "insid3": 55.23,
  "grid": 91.76,
  "clus_major": 79.15,
  "clus_best": 77.84,
  "seed_only": 44.88,
  "oracle_seed": 63.6,
  "drop_fp": 62.65,
  "add_fn": 68.81,
  "thr_0.1": 53.64,
  "thr_0.15": 54.93,
  "thr_0.3": 53.72,
  "thr_0.4": 49.17
 },
 "seconds": 737,
 "seed_is_fg": 0.784,
 "empty": 0.009,
 "mean_K": 24.227
}
