Error importing huggingface_hub.hf_api: No module named 'httpcore2'
load <All keys matched successfully>
50 53s insid3 49.2 clus_major 72.6 grid 90.2
100 93s insid3 47.2 clus_major 72.6 grid 87.6
150 127s insid3 49.5 clus_major 77.0 grid 92.0
200 157s insid3 53.6 clus_major 78.9 grid 92.7
250 187s insid3 54.5 clus_major 79.8 grid 92.9
300 217s insid3 54.6 clus_major 80.7 grid 93.2
350 245s insid3 54.6 clus_major 80.6 grid 93.2
400 277s insid3 55.3 clus_major 81.3 grid 93.4
450 308s insid3 56.4 clus_major 82.0 grid 93.6
500 339s insid3 56.0 clus_major 81.9 grid 93.6
550 378s insid3 55.9 clus_major 82.0 grid 93.7
600 412s insid3 55.3 clus_major 82.0 grid 93.7
650 448s insid3 55.1 clus_major 81.7 grid 93.6
700 486s insid3 55.6 clus_major 81.8 grid 93.6
750 522s insid3 55.3 clus_major 81.6 grid 93.5
800 558s insid3 55.4 clus_major 81.7 grid 93.5
850 594s insid3 55.8 clus_major 82.1 grid 93.6
900 628s insid3 56.1 clus_major 82.1 grid 93.6
950 661s insid3 55.4 clus_major 82.1 grid 93.5
1000 694s insid3 55.4 clus_major 82.2 grid 93.5
{
 "fold": 3,
 "n": 1000,
 "tau": 0.6,
 "miou": {
  "insid3": 55.35,
  "grid": 93.52,
  "clus_major": 82.25,
  "clus_best": 79.91,
  "seed_only": 41.01,
  "oracle_seed": 62.57,
  "drop_fp": 65.02,
  "add_fn": 70.07,
  "thr_0.1": 53.56,
  "thr_0.15": 55.45,
  "thr_0.3": 51.72,
  "thr_0.4": 44.25
 },
 "seconds": 694,
 "seed_is_fg": 0.755,
 "empty": 0.01,
 "mean_K": 25.718
}
