
=== vial: 48 prototype images, 105 queries, gain per condition {'overexposed': 1.13, 'regular': 1.0, 'shift_1': 1.0, 'shift_2': 1.0, 'shift_3': 1.0, 'shift_4': 1.0, 'underexposed': 1.0}
   pixel AP / best-threshold F1             regular     overexposed    underexposed           shift             all
   A           52.02/ 47.33    52.37/ 47.41    53.05/ 47.98    53.90/ 48.96    53.25/ 48.26
   B           51.88/ 47.53    52.02/ 47.49    53.02/ 48.32    53.54/ 49.09    52.95/ 48.45
   P           52.09/ 47.46    52.38/ 47.58    53.14/ 48.18    53.94/ 49.17    53.28/ 48.48
   S-est       52.02/ 47.33    52.78/ 47.87    53.05/ 47.98    53.90/ 48.96    53.30/ 48.34
   S-cond      52.02/ 47.33    52.78/ 47.87    53.05/ 47.98    53.90/ 48.96    53.30/ 48.34
   S-hind      54.15/ 49.09    52.64/ 47.91    52.02/ 47.81    53.91/ 49.22    53.44/ 48.77
   (537 s)

=== fruit_jelly: 48 prototype images, 60 queries, gain per condition {'overexposed': 1.13, 'regular': 1.0, 'shift_1': 1.0, 'underexposed': 1.0}
   pixel AP / best-threshold F1             regular     overexposed    underexposed           shift             all
   A           45.21/ 48.09    46.39/ 49.53    45.19/ 48.35    46.51/ 50.24    45.79/ 48.99
   B           44.99/ 47.66    46.21/ 49.28    45.09/ 48.34    46.43/ 50.06    45.65/ 48.76
   P           44.86/ 47.43    46.00/ 48.77    45.04/ 48.20    46.35/ 49.83    45.53/ 48.47
   S-est       45.21/ 48.09    46.35/ 49.58    45.19/ 48.35    46.51/ 50.24    45.78/ 48.95
   S-cond      45.21/ 48.09    45.89/ 48.85    45.19/ 48.35    46.51/ 50.24    45.66/ 48.73
   S-hind      45.42/ 48.59    46.64/ 50.05    45.50/ 48.80    46.56/ 50.26    46.00/ 49.31
   (381 s)

=== sheet_metal: 48 prototype images, 84 queries, gain per condition {'overexposed': 1.13, 'regular': 0.87, 'shift_1': 1.0, 'shift_2': 1.0, 'shift_3': 1.0, 'underexposed': 0.87}
   pixel AP / best-threshold F1             regular     overexposed    underexposed           shift             all
   A           64.98/ 62.28    65.53/ 63.46    65.27/ 61.20    69.95/ 66.11    66.34/ 63.68
   B           64.89/ 62.11    65.16/ 63.06    65.10/ 60.81    69.90/ 66.14    66.19/ 63.58
   P           64.58/ 61.92    64.79/ 62.78    64.85/ 60.56    69.74/ 65.95    65.96/ 63.37
   S-est       65.02/ 62.27    65.39/ 63.52    65.39/ 61.25    69.94/ 66.10    66.29/ 63.67
   S-cond      65.18/ 62.53    64.87/ 62.96    65.46/ 61.37    69.95/ 66.11    66.27/ 63.63
   S-hind      65.08/ 62.29    65.62/ 63.47    65.38/ 61.19    70.16/ 66.33    66.45/ 63.77
   (856 s)
