Error importing huggingface_hub.hf_api: No module named 'httpcore2'
load <All keys matched successfully>
CRF solver: fw
x0_weight: 0.0
FrankWolfeParams: 
	 scheme:	 fixed 
	 stepsize:	 1.0 (for the 'fixed' scheme) 
	 regularizer:	 l2
	 lambda_:	 1.0
	 lambda_learnable:	 False
	 x0_weight:	 0.0
	 x0_weight_learnable:	 False
Non-trainable lambda for Frank-Wolfe: 1.0
Non-trainable x0_weight for Frank-Wolfe: 0.0
Potts: remove random weights.
Add 3.0 to spatial_weight diagonal
Add 20.0 to bilateral_weight diagonal
Add -1.0 to compatibility diagonal
{"n": 1, "fold": 0, "c": 0, "s": 2.6, "native": 88.73, "gain": {"boundary": 1.44, "contrast": 1.37, "oracle_cut": 1.41, "round_trip": -14.98, "signature": 1.37, "zoom_oracle": 0.0, "zoom_pair": 0.0, "zoom_query": 0.0}}
{"n": 2, "fold": 0, "c": 4, "s": 1.9, "native": 85.28, "gain": {"boundary": -12.49, "contrast": -5.8, "oracle_cut": 0.65, "round_trip": -7.54, "signature": -7.94, "zoom_oracle": 0.0, "zoom_pair": 0.0, "zoom_query": 0.0}}
{"n": 3, "fold": 0, "c": 8, "s": 1.9, "native": 82.1, "gain": {"boundary": -8.22, "contrast": -3.47, "oracle_cut": 5.94, "round_trip": -22.84, "signature": -21.1, "zoom_oracle": 0.0, "zoom_pair": 0.0, "zoom_query": 0.0}}
{"n": 4, "fold": 0, "c": 12, "s": 2.1, "native": 65.09, "gain": {"boundary": -6.16, "contrast": -2.53, "oracle_cut": 4.56, "round_trip": -19.23, "signature": -19.35, "zoom_oracle": 13.01, "zoom_pair": 0.0, "zoom_query": 0.0}}
{"n": 5, "fold": 0, "c": 16, "s": 4.6, "native": 66.77, "gain": {"boundary": -4.81, "contrast": -2.02, "oracle_cut": 3.65, "round_trip": -23.93, "signature": -16.71, "zoom_oracle": 8.68, "zoom_pair": -1.42, "zoom_query": -1.42}}
{"n": 6, "fold": 0, "c": 20, "s": 2.1, "native": 69.47, "gain": {"boundary": -3.14, "contrast": -0.85, "oracle_cut": 3.95, "round_trip": -20.54, "signature": -13.03, "zoom_oracle": 7.23, "zoom_pair": -1.18, "zoom_query": -1.18}}
{"n": 7, "fold": 0, "c": 24, "s": 4.6, "native": 67.73, "gain": {"boundary": -2.64, "contrast": -0.68, "oracle_cut": 3.43, "round_trip": -20.94, "signature": -11.12, "zoom_oracle": 6.2, "zoom_pair": -0.66, "zoom_query": -1.03}}
{"n": 8, "fold": 0, "c": 28, "s": 1.9, "native": 69.51, "gain": {"boundary": -2.29, "contrast": -0.58, "oracle_cut": 3.19, "round_trip": -18.58, "signature": -9.67, "zoom_oracle": 5.42, "zoom_pair": -0.57, "zoom_query": -0.9}}
{"n": 9, "fold": 0, "c": 32, "s": 4.5, "native": 72.33, "gain": {"boundary": -2.08, "contrast": -0.51, "oracle_cut": 2.83, "round_trip": -17.52, "signature": -8.84, "zoom_oracle": 4.93, "zoom_pair": -0.4, "zoom_query": -0.68}}
{"n": 10, "fold": 0, "c": 36, "s": 2.0, "native": 66.43, "gain": {"boundary": -1.91, "contrast": 4.21, "oracle_cut": 7.29, "round_trip": -12.84, "signature": -3.02, "zoom_oracle": 4.43, "zoom_pair": -0.36, "zoom_query": -0.61}}
{"n": 11, "fold": 1, "c": 1, "s": 2.1, "native": 65.44, "gain": {"boundary": -1.63, "contrast": 3.93, "oracle_cut": 6.76, "round_trip": -13.7, "signature": -4.78, "zoom_oracle": 4.03, "zoom_pair": -0.33, "zoom_query": -0.56}}
{"n": 12, "fold": 1, "c": 5, "s": 2.0, "native": 63.02, "gain": {"boundary": 2.37, "contrast": 7.47, "oracle_cut": 10.07, "round_trip": -8.69, "signature": -4.84, "zoom_oracle": 5.7, "zoom_pair": -0.3, "zoom_query": -0.51}}
{"n": 13, "fold": 1, "c": 9, "s": 4.6, "native": 61.43, "gain": {"boundary": 2.17, "contrast": 6.86, "oracle_cut": 9.24, "round_trip": -8.15, "signature": -4.43, "zoom_oracle": 5.74, "zoom_pair": -0.0, "zoom_query": -0.19}}
{"n": 14, "fold": 1, "c": 13, "s": 2.0, "native": 59.13, "gain": {"boundary": 2.14, "contrast": 6.49, "oracle_cut": 9.86, "round_trip": -8.72, "signature": -6.12, "zoom_oracle": 5.33, "zoom_pair": -0.0, "zoom_query": -0.18}}
{"n": 15, "fold": 1, "c": 17, "s": 1.8, "native": 60.31, "gain": {"boundary": 1.99, "contrast": 6.06, "oracle_cut": 9.22, "round_trip": -8.3, "signature": -5.67, "zoom_oracle": 4.98, "zoom_pair": -0.0, "zoom_query": -0.17}}
{"n": 16, "fold": 1, "c": 21, "s": 2.1, "native": 62.47, "gain": {"boundary": 1.84, "contrast": 5.63, "oracle_cut": 8.65, "round_trip": -7.81, "signature": -5.32, "zoom_oracle": 4.67, "zoom_pair": -0.0, "zoom_query": -0.16}}
{"n": 17, "fold": 1, "c": 25, "s": 1.9, "native": 63.73, "gain": {"boundary": 1.71, "contrast": 5.3, "oracle_cut": 8.14, "round_trip": -7.42, "signature": -5.03, "zoom_oracle": 4.39, "zoom_pair": -0.0, "zoom_query": -0.15}}
{"n": 18, "fold": 1, "c": 29, "s": 4.7, "native": 65.05, "gain": {"boundary": 1.56, "contrast": 4.95, "oracle_cut": 7.56, "round_trip": -7.14, "signature": -4.88, "zoom_oracle": 4.29, "zoom_pair": 0.17, "zoom_query": -0.02}}
{"n": 19, "fold": 1, "c": 33, "s": 4.5, "native": 64.89, "gain": {"boundary": -1.09, "contrast": 3.23, "oracle_cut": 6.94, "round_trip": -6.76, "signature": -7.13, "zoom_oracle": 4.05, "zoom_pair": 0.05, "zoom_query": -0.24}}
{"n": 20, "fold": 1, "c": 37, "s": 4.6, "native": 65.0, "gain": {"boundary": -0.66, "contrast": 3.45, "oracle_cut": 6.98, "round_trip": -6.04, "signature": -6.39, "zoom_oracle": 4.31, "zoom_pair": 0.05, "zoom_query": -0.23}}
{"n": 21, "fold": 2, "c": 2, "s": 1.9, "native": 64.78, "gain": {"boundary": -0.65, "contrast": 3.27, "oracle_cut": 6.94, "round_trip": -6.41, "signature": -5.84, "zoom_oracle": 4.11, "zoom_pair": 0.05, "zoom_query": -0.22}}
{"n": 22, "fold": 2, "c": 6, "s": 2.0, "native": 65.61, "gain": {"boundary": -3.07, "contrast": 3.06, "oracle_cut": 6.77, "round_trip": -6.18, "signature": -5.7, "zoom_oracle": 3.92, "zoom_pair": 0.04, "zoom_query": -0.21}}
{"n": 23, "fold": 2, "c": 10, "s": 1.9, "native": 66.53, "gain": {"boundary": -2.91, "contrast": 2.96, "oracle_cut": 6.5, "round_trip": -6.0, "signature": -5.42, "zoom_oracle": 3.75, "zoom_pair": 0.04, "zoom_query": -0.2}}
{"n": 24, "fold": 2, "c": 14, "s": 2.0, "native": 66.61, "gain": {"boundary": -2.5, "contrast": 3.13, "oracle_cut": 6.69, "round_trip": -5.89, "signature": -4.88, "zoom_oracle": 3.59, "zoom_pair": 0.04, "zoom_query": -0.19}}
{"n": 25, "fold": 2, "c": 18, "s": 4.7, "native": 67.55, "gain": {"boundary": -2.4, "contrast": 2.96, "oracle_cut": 6.42, "round_trip": -5.66, "signature": -4.72, "zoom_oracle": 3.46, "zoom_pair": 0.05, "zoom_query": -0.17}}
{"n": 26, "fold": 2, "c": 22, "s": 2.1, "native": 68.5, "gain": {"boundary": -2.28, "contrast": 2.83, "oracle_cut": 6.19, "round_trip": -6.03, "signature": -4.52, "zoom_oracle": 3.33, "zoom_pair": 0.05, "zoom_query": -0.16}}
{"n": 27, "fold": 2, "c": 26, "s": 1.9, "native": 66.46, "gain": {"boundary": -2.28, "contrast": 2.65, "oracle_cut": 7.03, "round_trip": -5.08, "signature": -3.55, "zoom_oracle": 3.71, "zoom_pair": 0.05, "zoom_query": -0.15}}
{"n": 28, "fold": 2, "c": 30, "s": 2.0, "native": 66.06, "gain": {"boundary": -2.05, "contrast": 2.87, "oracle_cut": 7.08, "round_trip": -6.14, "signature": -3.2, "zoom_oracle": 3.58, "zoom_pair": 0.05, "zoom_query": -0.15}}
{"n": 29, "fold": 2, "c": 34, "s": 4.8, "native": 64.96, "gain": {"boundary": -0.97, "contrast": 3.62, "oracle_cut": 7.91, "round_trip": -5.84, "signature": -3.12, "zoom_oracle": 4.6, "zoom_pair": 1.24, "zoom_query": 1.05}}
{"n": 30, "fold": 2, "c": 38, "s": 2.0, "native": 65.43, "gain": {"boundary": -1.81, "contrast": 3.61, "oracle_cut": 7.97, "round_trip": -5.42, "signature": -2.81, "zoom_oracle": 4.75, "zoom_pair": 1.2, "zoom_query": 1.02}}
{"n": 31, "fold": 3, "c": 3, "s": 2.1, "native": 65.72, "gain": {"boundary": -1.69, "contrast": 3.55, "oracle_cut": 7.96, "round_trip": -5.18, "signature": -2.54, "zoom_oracle": 4.6, "zoom_pair": 1.16, "zoom_query": 0.99}}
{"n": 32, "fold": 3, "c": 7, "s": 1.8, "native": 64.65, "gain": {"boundary": -0.85, "contrast": 4.23, "oracle_cut": 8.51, "round_trip": -5.32, "signature": -2.52, "zoom_oracle": 5.32, "zoom_pair": 1.13, "zoom_query": 0.96}}
{"n": 33, "fold": 3, "c": 11, "s": 2.0, "native": 65.52, "gain": {"boundary": -0.8, "contrast": 4.13, "oracle_cut": 8.27, "round_trip": -5.61, "signature": -2.53, "zoom_oracle": 5.16, "zoom_pair": 1.09, "zoom_query": 0.93}}
{"n": 34, "fold": 3, "c": 15, "s": 4.8, "native": 66.36, "gain": {"boundary": -0.79, "contrast": 3.94, "oracle_cut": 8.02, "round_trip": -5.51, "signature": -2.47, "zoom_oracle": 5.03, "zoom_pair": 1.09, "zoom_query": 0.93}}
{"n": 35, "fold": 3, "c": 19, "s": 2.0, "native": 66.95, "gain": {"boundary": -0.77, "contrast": 3.92, "oracle_cut": 7.87, "round_trip": -5.3, "signature": -2.31, "zoom_oracle": 4.89, "zoom_pair": 1.06, "zoom_query": 0.9}}
{"n": 36, "fold": 3, "c": 23, "s": 1.9, "native": 67.37, "gain": {"boundary": -0.75, "contrast": 3.82, "oracle_cut": 7.67, "round_trip": -5.16, "signature": -2.25, "zoom_oracle": 4.75, "zoom_pair": 1.03, "zoom_query": 0.88}}
{"n": 37, "fold": 3, "c": 27, "s": 1.9, "native": 66.53, "gain": {"boundary": -0.63, "contrast": 3.98, "oracle_cut": 8.73, "round_trip": -3.85, "signature": -1.02, "zoom_oracle": 4.91, "zoom_pair": 1.0, "zoom_query": 0.85}}
{"n": 38, "fold": 3, "c": 31, "s": 1.9, "native": 65.13, "gain": {"boundary": -0.59, "contrast": 3.85, "oracle_cut": 8.65, "round_trip": -4.06, "signature": -1.31, "zoom_oracle": 4.78, "zoom_pair": 0.98, "zoom_query": 0.83}}
{"n": 39, "fold": 3, "c": 35, "s": 4.7, "native": 65.76, "gain": {"boundary": -0.56, "contrast": 3.77, "oracle_cut": 8.44, "round_trip": -4.2, "signature": -1.26, "zoom_oracle": 4.68, "zoom_pair": 0.98, "zoom_query": 0.81}}
{"n": 40, "fold": 3, "c": 39, "s": 1.9, "native": 65.16, "gain": {"boundary": -1.48, "contrast": 2.74, "oracle_cut": 8.71, "round_trip": -5.11, "signature": -2.27, "zoom_oracle": 4.57, "zoom_pair": 0.95, "zoom_query": 0.79}}
{"n": 41, "fold": 0, "c": 72, "s": 2.0, "native": 63.57, "gain": {"boundary": -1.45, "contrast": 2.67, "oracle_cut": 8.5, "round_trip": -4.98, "signature": -2.21, "zoom_oracle": 4.45, "zoom_pair": 0.93, "zoom_query": 0.77}}
{"n": 42, "fold": 1, "c": 73, "s": 2.0, "native": 62.87, "gain": {"boundary": -1.55, "contrast": 2.45, "oracle_cut": 8.43, "round_trip": -4.78, "signature": -2.1, "zoom_oracle": 4.38, "zoom_pair": 0.91, "zoom_query": 0.75}}
{"n": 43, "fold": 2, "c": 74, "s": 4.7, "native": 62.81, "gain": {"boundary": -1.62, "contrast": 2.28, "oracle_cut": 8.88, "round_trip": -4.5, "signature": -1.34, "zoom_oracle": 5.07, "zoom_pair": 1.64, "zoom_query": 1.43}}
{"n": 44, "fold": 3, "c": 75, "s": 2.2, "native": 62.54, "gain": {"boundary": -1.83, "contrast": 1.95, "oracle_cut": 8.74, "round_trip": -4.44, "signature": -1.59, "zoom_oracle": 4.95, "zoom_pair": 1.6, "zoom_query": 1.39}}
{"n": 45, "fold": 0, "c": 44, "s": 2.0, "native": 63.02, "gain": {"boundary": -1.7, "contrast": 2.0, "oracle_cut": 8.64, "round_trip": -4.3, "signature": -1.52, "zoom_oracle": 4.91, "zoom_pair": 1.57, "zoom_query": 1.36}}
{"n": 46, "fold": 1, "c": 77, "s": 2.0, "native": 63.69, "gain": {"boundary": -1.65, "contrast": 1.9, "oracle_cut": 8.46, "round_trip": -4.37, "signature": -1.49, "zoom_oracle": 4.81, "zoom_pair": 1.53, "zoom_query": 1.33}}
{"n": 47, "fold": 1, "c": 69, "s": 1.9, "native": 62.66, "gain": {"boundary": -1.57, "contrast": 1.8, "oracle_cut": 8.33, "round_trip": -4.42, "signature": -1.6, "zoom_oracle": 4.74, "zoom_pair": 1.5, "zoom_query": 1.3}}
{"n": 48, "fold": 0, "c": 72, "s": 2.0, "native": 62.89, "gain": {"boundary": -1.66, "contrast": 1.6, "oracle_cut": 8.28, "round_trip": -4.55, "signature": -1.78, "zoom_oracle": 4.76, "zoom_pair": 1.5, "zoom_query": 1.3}}
{"n": 49, "fold": 1, "c": 57, "s": 2.0, "native": 63.41, "gain": {"boundary": -1.58, "contrast": 1.56, "oracle_cut": 8.14, "round_trip": -5.9, "signature": -1.82, "zoom_oracle": 4.66, "zoom_pair": 1.47, "zoom_query": 1.28}}
{"n": 50, "fold": 3, "c": 51, "s": 2.0, "native": 62.19, "gain": {"boundary": -1.55, "contrast": 1.51, "oracle_cut": 9.02, "round_trip": -4.78, "signature": -1.79, "zoom_oracle": 4.81, "zoom_pair": 1.44, "zoom_query": 1.25}}
{"n": 51, "fold": 0, "c": 72, "s": 2.0, "native": 62.92, "gain": {"boundary": -1.57, "contrast": 1.8, "oracle_cut": 9.16, "round_trip": -4.86, "signature": -1.51, "zoom_oracle": 4.8, "zoom_pair": 1.44, "zoom_query": 1.25}}
{"n": 52, "fold": 0, "c": 60, "s": 2.6, "native": 61.73, "gain": {"boundary": -1.59, "contrast": 1.71, "oracle_cut": 9.26, "round_trip": -4.59, "signature": -1.35, "zoom_oracle": 4.7, "zoom_pair": 1.41, "zoom_query": 1.23}}
{"n": 53, "fold": 2, "c": 74, "s": 4.6, "native": 61.85, "gain": {"boundary": -1.58, "contrast": 1.72, "oracle_cut": 9.15, "round_trip": -4.69, "signature": -1.69, "zoom_oracle": 4.59, "zoom_pair": 1.3, "zoom_query": 1.13}}
{"n": 54, "fold": 3, "c": 15, "s": 2.0, "native": 61.81, "gain": {"boundary": -1.57, "contrast": 1.71, "oracle_cut": 9.16, "round_trip": -4.74, "signature": -1.73, "zoom_oracle": 4.58, "zoom_pair": 1.29, "zoom_query": 1.12}}
{"n": 55, "fold": 0, "c": 56, "s": 2.0, "native": 61.63, "gain": {"boundary": -1.55, "contrast": 1.65, "oracle_cut": 8.98, "round_trip": -4.78, "signature": -1.73, "zoom_oracle": 4.81, "zoom_pair": 1.26, "zoom_query": 1.09}}
{"n": 56, "fold": 2, "c": 14, "s": 4.7, "native": 61.65, "gain": {"boundary": -1.56, "contrast": 1.64, "oracle_cut": 8.97, "round_trip": -4.78, "signature": -1.74, "zoom_oracle": 4.8, "zoom_pair": 1.26, "zoom_query": 1.09}}
{"n": 57, "fold": 3, "c": 35, "s": 1.8, "native": 60.82, "gain": {"boundary": -1.6, "contrast": 2.28, "oracle_cut": 9.61, "round_trip": -4.66, "signature": -1.07, "zoom_oracle": 5.48, "zoom_pair": 1.25, "zoom_query": 1.09}}
{"n": 58, "fold": 1, "c": 21, "s": 1.9, "native": 60.79, "gain": {"boundary": -1.59, "contrast": 2.27, "oracle_cut": 9.62, "round_trip": -4.67, "signature": -1.08, "zoom_oracle": 5.48, "zoom_pair": 1.25, "zoom_query": 1.09}}
{"n": 59, "fold": 3, "c": 7, "s": 1.8, "native": 60.37, "gain": {"boundary": -2.07, "contrast": 1.88, "oracle_cut": 9.35, "round_trip": -4.46, "signature": -1.0, "zoom_oracle": 5.28, "zoom_pair": 1.25, "zoom_query": 1.09}}
{"n": 60, "fold": 0, "c": 32, "s": 4.7, "native": 59.95, "gain": {"boundary": -2.16, "contrast": 1.88, "oracle_cut": 9.46, "round_trip": -4.36, "signature": -0.97, "zoom_oracle": 5.29, "zoom_pair": 1.27, "zoom_query": 1.11}}
{"n": 61, "fold": 1, "c": 73, "s": 4.6, "native": 59.54, "gain": {"boundary": -2.07, "contrast": 1.97, "oracle_cut": 9.24, "round_trip": -4.37, "signature": -0.97, "zoom_oracle": 5.26, "zoom_pair": 1.33, "zoom_query": 1.16}}
{"n": 62, "fold": 2, "c": 54, "s": 4.8, "native": 60.14, "gain": {"boundary": -2.03, "contrast": 1.89, "oracle_cut": 9.09, "round_trip": -4.35, "signature": -0.97, "zoom_oracle": 5.19, "zoom_pair": 1.35, "zoom_query": 1.19}}
{"n": 63, "fold": 3, "c": 51, "s": 2.0, "native": 60.23, "gain": {"boundary": -2.08, "contrast": 1.83, "oracle_cut": 8.9, "round_trip": -4.55, "signature": -1.0, "zoom_oracle": 5.28, "zoom_pair": 1.35, "zoom_query": 1.19}}
{"n": 64, "fold": 1, "c": 21, "s": 1.8, "native": 60.19, "gain": {"boundary": -2.07, "contrast": 1.85, "oracle_cut": 8.92, "round_trip": -4.62, "signature": -0.99, "zoom_oracle": 5.28, "zoom_pair": 1.35, "zoom_query": 1.19}}
{"n": 65, "fold": 2, "c": 46, "s": 1.9, "native": 60.83, "gain": {"boundary": -2.02, "contrast": 1.84, "oracle_cut": 8.77, "round_trip": -5.05, "signature": -0.99, "zoom_oracle": 5.18, "zoom_pair": 1.33, "zoom_query": 1.17}}
{"n": 66, "fold": 3, "c": 75, "s": 2.0, "native": 60.98, "gain": {"boundary": -2.04, "contrast": 1.84, "oracle_cut": 8.78, "round_trip": -5.05, "signature": -0.99, "zoom_oracle": 5.18, "zoom_pair": 1.33, "zoom_query": 1.17}}
{"n": 67, "fold": 0, "c": 20, "s": 4.7, "native": 60.98, "gain": {"boundary": -2.07, "contrast": 1.84, "oracle_cut": 8.78, "round_trip": -5.05, "signature": -1.01, "zoom_oracle": 5.18, "zoom_pair": 1.33, "zoom_query": 1.17}}
{"n": 68, "fold": 1, "c": 1, "s": 4.7, "native": 61.02, "gain": {"boundary": -2.07, "contrast": 1.82, "oracle_cut": 8.79, "round_trip": -5.06, "signature": -0.99, "zoom_oracle": 5.17, "zoom_pair": 1.32, "zoom_query": 1.16}}
{"n": 69, "fold": 2, "c": 54, "s": 4.6, "native": 60.96, "gain": {"boundary": -2.08, "contrast": 1.83, "oracle_cut": 8.79, "round_trip": -5.19, "signature": -1.06, "zoom_oracle": 5.17, "zoom_pair": 1.31, "zoom_query": 1.15}}
{"n": 70, "fold": 3, "c": 31, "s": 4.6, "native": 61.01, "gain": {"boundary": -2.11, "contrast": 1.75, "oracle_cut": 8.83, "round_trip": -5.18, "signature": -1.12, "zoom_oracle": 5.2, "zoom_pair": 1.37, "zoom_query": 1.18}}
{"n": 71, "fold": 0, "c": 60, "s": 2.0, "native": 62.2, "gain": {"boundary": -2.01, "contrast": 1.81, "oracle_cut": 8.58, "round_trip": -6.26, "signature": -1.65, "zoom_oracle": 5.2, "zoom_pair": 1.37, "zoom_query": 1.18}}
{"n": 72, "fold": 1, "c": 45, "s": 2.0, "native": 61.87, "gain": {"boundary": -1.91, "contrast": 1.78, "oracle_cut": 9.09, "round_trip": -6.39, "signature": -1.92, "zoom_oracle": 5.55, "zoom_pair": 1.34, "zoom_query": 1.16}}
{"n": 73, "fold": 2, "c": 26, "s": 4.6, "native": 62.06, "gain": {"boundary": -2.04, "contrast": 1.76, "oracle_cut": 9.37, "round_trip": -5.99, "signature": -1.77, "zoom_oracle": 5.68, "zoom_pair": 1.36, "zoom_query": 1.18}}
{"n": 74, "fold": 0, "c": 64, "s": 1.9, "native": 62.36, "gain": {"boundary": -1.7, "contrast": 1.59, "oracle_cut": 9.51, "round_trip": -6.13, "signature": -1.53, "zoom_oracle": 5.87, "zoom_pair": 1.33, "zoom_query": 1.15}}
{"n": 75, "fold": 1, "c": 69, "s": 1.9, "native": 62.4, "gain": {"boundary": -1.93, "contrast": 1.6, "oracle_cut": 9.52, "round_trip": -6.16, "signature": -1.54, "zoom_oracle": 5.89, "zoom_pair": 1.33, "zoom_query": 1.15}}
{"n": 76, "fold": 2, "c": 18, "s": 4.6, "native": 62.37, "gain": {"boundary": -1.93, "contrast": 1.61, "oracle_cut": 9.51, "round_trip": -6.26, "signature": -1.54, "zoom_oracle": 5.9, "zoom_pair": 1.33, "zoom_query": 1.16}}
{"n": 77, "fold": 3, "c": 43, "s": 4.8, "native": 62.5, "gain": {"boundary": -1.61, "contrast": 1.87, "oracle_cut": 9.65, "round_trip": -6.57, "signature": -1.97, "zoom_oracle": 6.04, "zoom_pair": 1.52, "zoom_query": 1.34}}
{"n": 78, "fold": 0, "c": 60, "s": 2.2, "native": 62.17, "gain": {"boundary": -1.82, "contrast": 2.12, "oracle_cut": 9.87, "round_trip": -6.31, "signature": -1.73, "zoom_oracle": 6.26, "zoom_pair": 1.52, "zoom_query": 1.34}}
{"n": 79, "fold": 1, "c": 1, "s": 2.0, "native": 62.2, "gain": {"boundary": -1.79, "contrast": 2.16, "oracle_cut": 9.9, "round_trip": -6.51, "signature": -1.74, "zoom_oracle": 6.27, "zoom_pair": 1.52, "zoom_query": 1.34}}
{"n": 80, "fold": 2, "c": 6, "s": 2.0, "native": 62.24, "gain": {"boundary": -1.28, "contrast": 2.19, "oracle_cut": 9.91, "round_trip": -6.69, "signature": -1.72, "zoom_oracle": 6.27, "zoom_pair": 1.52, "zoom_query": 1.34}}
{"n": 81, "fold": 0, "c": 64, "s": 4.8, "native": 62.28, "gain": {"boundary": -1.34, "contrast": 2.21, "oracle_cut": 9.85, "round_trip": -6.58, "signature": -1.77, "zoom_oracle": 6.21, "zoom_pair": 1.52, "zoom_query": 1.35}}
{"n": 82, "fold": 1, "c": 25, "s": 2.0, "native": 62.37, "gain": {"boundary": -1.34, "contrast": 2.21, "oracle_cut": 9.85, "round_trip": -6.93, "signature": -1.76, "zoom_oracle": 6.21, "zoom_pair": 1.52, "zoom_query": 1.35}}
{"n": 83, "fold": 2, "c": 18, "s": 2.0, "native": 62.23, "gain": {"boundary": -1.34, "contrast": 2.25, "oracle_cut": 9.89, "round_trip": -6.89, "signature": -1.73, "zoom_oracle": 6.2, "zoom_pair": 1.52, "zoom_query": 1.34}}
{"n": 84, "fold": 3, "c": 31, "s": 4.5, "native": 62.49, "gain": {"boundary": -1.47, "contrast": 2.32, "oracle_cut": 9.96, "round_trip": -6.89, "signature": -1.71, "zoom_oracle": 6.16, "zoom_pair": 1.49, "zoom_query": 1.32}}
{"n": 85, "fold": 0, "c": 68, "s": 4.6, "native": 63.05, "gain": {"boundary": -1.46, "contrast": 2.28, "oracle_cut": 9.78, "round_trip": -6.98, "signature": -1.76, "zoom_oracle": 6.05, "zoom_pair": 1.43, "zoom_query": 1.27}}
{"n": 86, "fold": 2, "c": 50, "s": 2.0, "native": 61.97, "gain": {"boundary": -1.43, "contrast": 2.25, "oracle_cut": 10.32, "round_trip": -6.6, "signature": -1.73, "zoom_oracle": 5.95, "zoom_pair": 1.41, "zoom_query": 1.25}}
{"n": 87, "fold": 3, "c": 15, "s": 1.9, "native": 61.96, "gain": {"boundary": -1.43, "contrast": 2.25, "oracle_cut": 10.32, "round_trip": -6.71, "signature": -1.7, "zoom_oracle": 5.94, "zoom_pair": 1.41, "zoom_query": 1.25}}
{"n": 88, "fold": 0, "c": 52, "s": 5.0, "native": 61.86, "gain": {"boundary": -0.75, "contrast": 2.87, "oracle_cut": 10.81, "round_trip": -7.34, "signature": -1.69, "zoom_oracle": 5.83, "zoom_pair": 1.37, "zoom_query": 1.06}}
{"n": 89, "fold": 1, "c": 1, "s": 2.0, "native": 61.81, "gain": {"boundary": -0.76, "contrast": 2.87, "oracle_cut": 10.85, "round_trip": -7.25, "signature": -1.62, "zoom_oracle": 5.83, "zoom_pair": 1.37, "zoom_query": 1.06}}
{"n": 90, "fold": 2, "c": 34, "s": 1.9, "native": 62.18, "gain": {"boundary": -1.05, "contrast": 2.67, "oracle_cut": 10.65, "round_trip": -7.78, "signature": -1.61, "zoom_oracle": 5.54, "zoom_pair": 1.06, "zoom_query": 0.75}}
{"n": 91, "fold": 3, "c": 47, "s": 6.8, "native": 62.65, "gain": {"boundary": -1.05, "contrast": 2.62, "oracle_cut": 10.47, "round_trip": -9.04, "signature": -1.58, "zoom_oracle": 5.51, "zoom_pair": 1.1, "zoom_query": 0.8}}
{"n": 92, "fold": 0, "c": 64, "s": 4.7, "native": 62.56, "gain": {"boundary": -1.05, "contrast": 2.65, "oracle_cut": 10.48, "round_trip": -8.98, "signature": -1.57, "zoom_oracle": 5.53, "zoom_pair": 1.16, "zoom_query": 0.85}}
{"n": 93, "fold": 1, "c": 1, "s": 4.8, "native": 62.56, "gain": {"boundary": -1.09, "contrast": 2.64, "oracle_cut": 10.48, "round_trip": -8.99, "signature": -1.57, "zoom_oracle": 5.53, "zoom_pair": 1.17, "zoom_query": 0.85}}
{"n": 94, "fold": 2, "c": 6, "s": 2.0, "native": 62.53, "gain": {"boundary": -1.06, "contrast": 2.64, "oracle_cut": 10.48, "round_trip": -8.98, "signature": -1.63, "zoom_oracle": 5.53, "zoom_pair": 1.17, "zoom_query": 0.85}}
{"n": 95, "fold": 3, "c": 51, "s": 1.9, "native": 63.11, "gain": {"boundary": -1.18, "contrast": 2.56, "oracle_cut": 10.52, "round_trip": -9.59, "signature": -1.64, "zoom_oracle": 5.73, "zoom_pair": 1.17, "zoom_query": 0.85}}
{"n": 96, "fold": 0, "c": 8, "s": 1.9, "native": 63.18, "gain": {"boundary": -1.18, "contrast": 2.56, "oracle_cut": 10.41, "round_trip": -9.26, "signature": -1.36, "zoom_oracle": 5.73, "zoom_pair": 1.17, "zoom_query": 0.85}}
{"n": 97, "fold": 1, "c": 25, "s": 2.0, "native": 63.1, "gain": {"boundary": -1.1, "contrast": 2.64, "oracle_cut": 10.5, "round_trip": -9.3, "signature": -1.3, "zoom_oracle": 5.81, "zoom_pair": 1.17, "zoom_query": 0.85}}
{"n": 98, "fold": 2, "c": 18, "s": 1.9, "native": 63.13, "gain": {"boundary": -1.05, "contrast": 2.68, "oracle_cut": 10.53, "round_trip": -9.55, "signature": -1.59, "zoom_oracle": 5.81, "zoom_pair": 1.17, "zoom_query": 0.85}}
{"n": 99, "fold": 3, "c": 43, "s": 5.0, "native": 62.57, "gain": {"boundary": -1.29, "contrast": 2.43, "oracle_cut": 10.95, "round_trip": -8.86, "signature": -1.14, "zoom_oracle": 5.69, "zoom_pair": 1.05, "zoom_query": 0.85}}
{"n": 100, "fold": 0, "c": 68, "s": 1.9, "native": 62.48, "gain": {"boundary": -1.39, "contrast": 2.37, "oracle_cut": 10.96, "round_trip": -8.86, "signature": -1.12, "zoom_oracle": 5.78, "zoom_pair": 1.06, "zoom_query": 0.86}}
{"n": 101, "fold": 1, "c": 65, "s": 2.1, "native": 62.95, "gain": {"boundary": -1.34, "contrast": 2.32, "oracle_cut": 10.82, "round_trip": -8.91, "signature": -2.01, "zoom_oracle": 5.69, "zoom_pair": 1.04, "zoom_query": 0.84}}
{"n": 102, "fold": 2, "c": 78, "s": 2.0, "native": 62.5, "gain": {"boundary": -1.6, "contrast": 1.72, "oracle_cut": 10.71, "round_trip": -9.07, "signature": -2.51, "zoom_oracle": 6.5, "zoom_pair": 1.02, "zoom_query": 0.83}}
{"n": 103, "fold": 3, "c": 39, "s": 2.1, "native": 62.21, "gain": {"boundary": -1.15, "contrast": 2.16, "oracle_cut": 10.66, "round_trip": -8.58, "signature": -2.0, "zoom_oracle": 6.64, "zoom_pair": 1.02, "zoom_query": 0.83}}
{"n": 104, "fold": 0, "c": 20, "s": 2.2, "native": 62.23, "gain": {"boundary": -1.16, "contrast": 2.14, "oracle_cut": 10.64, "round_trip": -8.57, "signature": -2.02, "zoom_oracle": 6.64, "zoom_pair": 1.02, "zoom_query": 0.83}}
{"n": 105, "fold": 2, "c": 30, "s": 4.7, "native": 62.19, "gain": {"boundary": -1.27, "contrast": 2.04, "oracle_cut": 10.61, "round_trip": -8.45, "signature": -2.17, "zoom_oracle": 6.7, "zoom_pair": 1.14, "zoom_query": 0.94}}
{"n": 106, "fold": 3, "c": 3, "s": 1.9, "native": 62.25, "gain": {"boundary": -1.46, "contrast": 2.03, "oracle_cut": 10.57, "round_trip": -8.86, "signature": -2.24, "zoom_oracle": 6.7, "zoom_pair": 1.14, "zoom_query": 0.94}}
{"n": 107, "fold": 0, "c": 32, "s": 2.0, "native": 61.72, "gain": {"boundary": -1.47, "contrast": 2.38, "oracle_cut": 10.89, "round_trip": -8.85, "signature": -1.89, "zoom_oracle": 6.68, "zoom_pair": 1.12, "zoom_query": 0.93}}
{"n": 108, "fold": 1, "c": 45, "s": 2.1, "native": 61.66, "gain": {"boundary": -1.48, "contrast": 2.37, "oracle_cut": 10.7, "round_trip": -8.91, "signature": -1.85, "zoom_oracle": 6.74, "zoom_pair": 1.12, "zoom_query": 0.93}}
{"n": 109, "fold": 2, "c": 62, "s": 2.0, "native": 60.68, "gain": {"boundary": -1.46, "contrast": 2.33, "oracle_cut": 10.59, "round_trip": -8.76, "signature": -1.81, "zoom_oracle": 6.65, "zoom_pair": 1.1, "zoom_query": 0.91}}
{"n": 110, "fold": 3, "c": 43, "s": 4.7, "native": 60.94, "gain": {"boundary": -1.5, "contrast": 2.34, "oracle_cut": 10.36, "round_trip": -9.07, "signature": -1.85, "zoom_oracle": 6.67, "zoom_pair": 1.13, "zoom_query": 0.93}}
{"n": 111, "fold": 0, "c": 68, "s": 4.7, "native": 60.8, "gain": {"boundary": -1.49, "contrast": 2.32, "oracle_cut": 10.49, "round_trip": -8.94, "signature": -1.7, "zoom_oracle": 6.79, "zoom_pair": 1.26, "zoom_query": 1.06}}
{"n": 112, "fold": 1, "c": 29, "s": 4.7, "native": 60.78, "gain": {"boundary": -1.48, "contrast": 2.35, "oracle_cut": 10.54, "round_trip": -8.93, "signature": -1.64, "zoom_oracle": 6.78, "zoom_pair": 1.24, "zoom_query": 1.05}}
{"n": 113, "fold": 2, "c": 2, "s": 1.9, "native": 60.78, "gain": {"boundary": -1.48, "contrast": 2.35, "oracle_cut": 10.51, "round_trip": -8.93, "signature": -1.74, "zoom_oracle": 6.78, "zoom_pair": 1.24, "zoom_query": 1.05}}
{"n": 114, "fold": 3, "c": 15, "s": 2.0, "native": 60.56, "gain": {"boundary": -1.24, "contrast": 2.31, "oracle_cut": 10.75, "round_trip": -8.79, "signature": -1.59, "zoom_oracle": 6.78, "zoom_pair": 1.24, "zoom_query": 1.05}}
{"n": 115, "fold": 0, "c": 68, "s": 4.9, "native": 60.65, "gain": {"boundary": -1.2, "contrast": 2.32, "oracle_cut": 10.69, "round_trip": -9.08, "signature": -1.64, "zoom_oracle": 6.68, "zoom_pair": 1.18, "zoom_query": 0.99}}
{"n": 116, "fold": 1, "c": 29, "s": 4.4, "native": 60.66, "gain": {"boundary": -1.2, "contrast": 2.32, "oracle_cut": 10.68, "round_trip": -9.07, "signature": -1.64, "zoom_oracle": 6.66, "zoom_pair": 1.17, "zoom_query": 0.98}}
{"n": 117, "fold": 3, "c": 63, "s": 2.0, "native": 61.21, "gain": {"boundary": -1.19, "contrast": 2.27, "oracle_cut": 10.52, "round_trip": -10.06, "signature": -1.61, "zoom_oracle": 6.56, "zoom_pair": 1.15, "zoom_query": 0.97}}
{"n": 118, "fold": 0, "c": 40, "s": 6.2, "native": 61.29, "gain": {"boundary": -1.15, "contrast": 2.11, "oracle_cut": 10.37, "round_trip": -10.73, "signature": -2.59, "zoom_oracle": 6.13, "zoom_pair": 0.65, "zoom_query": 0.88}}
{"n": 119, "fold": 1, "c": 5, "s": 2.1, "native": 61.19, "gain": {"boundary": -1.71, "contrast": 1.55, "oracle_cut": 9.84, "round_trip": -11.26, "signature": -2.54, "zoom_oracle": 5.87, "zoom_pair": 0.65, "zoom_query": 0.88}}
{"n": 120, "fold": 2, "c": 50, "s": 2.1, "native": 61.28, "gain": {"boundary": -1.72, "contrast": 1.54, "oracle_cut": 9.79, "round_trip": -11.31, "signature": -2.51, "zoom_oracle": 5.87, "zoom_pair": 0.65, "zoom_query": 0.88}}
{"n": 121, "fold": 3, "c": 3, "s": 2.0, "native": 61.29, "gain": {"boundary": -1.67, "contrast": 1.55, "oracle_cut": 9.78, "round_trip": -11.18, "signature": -2.53, "zoom_oracle": 5.87, "zoom_pair": 0.65, "zoom_query": 0.88}}
{"n": 122, "fold": 0, "c": 48, "s": 2.1, "native": 60.65, "gain": {"boundary": -1.7, "contrast": 1.42, "oracle_cut": 9.77, "round_trip": -11.09, "signature": -2.56, "zoom_oracle": 5.74, "zoom_pair": 0.64, "zoom_query": 0.86}}
{"n": 123, "fold": 1, "c": 41, "s": 2.0, "native": 59.96, "gain": {"boundary": -1.56, "contrast": 1.3, "oracle_cut": 10.09, "round_trip": -10.68, "signature": -2.62, "zoom_oracle": 5.83, "zoom_pair": 0.63, "zoom_query": 0.85}}
{"n": 124, "fold": 2, "c": 6, "s": 1.8, "native": 59.96, "gain": {"boundary": -1.53, "contrast": 1.25, "oracle_cut": 10.09, "round_trip": -10.67, "signature": -2.62, "zoom_oracle": 5.83, "zoom_pair": 0.63, "zoom_query": 0.85}}
{"n": 125, "fold": 3, "c": 39, "s": 2.0, "native": 59.92, "gain": {"boundary": -1.41, "contrast": 1.38, "oracle_cut": 9.95, "round_trip": -10.54, "signature": -2.63, "zoom_oracle": 5.73, "zoom_pair": 0.63, "zoom_query": 0.85}}
{"n": 126, "fold": 0, "c": 52, "s": 5.1, "native": 59.91, "gain": {"boundary": -1.43, "contrast": 1.37, "oracle_cut": 9.93, "round_trip": -10.39, "signature": -2.57, "zoom_oracle": 5.79, "zoom_pair": 0.65, "zoom_query": 0.89}}
{"n": 127, "fold": 1, "c": 77, "s": 4.8, "native": 59.89, "gain": {"boundary": -1.43, "contrast": 1.37, "oracle_cut": 9.93, "round_trip": -10.4, "signature": -2.57, "zoom_oracle": 5.77, "zoom_pair": 0.63, "zoom_query": 0.87}}
{"n": 128, "fold": 2, "c": 2, "s": 4.7, "native": 60.02, "gain": {"boundary": -1.42, "contrast": 1.38, "oracle_cut": 9.94, "round_trip": -10.78, "signature": -2.55, "zoom_oracle": 5.83, "zoom_pair": 0.69, "zoom_query": 0.93}}
{"n": 129, "fold": 0, "c": 0, "s": 4.8, "native": 59.98, "gain": {"boundary": -1.42, "contrast": 1.38, "oracle_cut": 9.93, "round_trip": -10.81, "signature": -2.61, "zoom_oracle": 5.83, "zoom_pair": 0.69, "zoom_query": 0.93}}
{"n": 130, "fold": 1, "c": 77, "s": 4.8, "native": 59.98, "gain": {"boundary": -1.42, "contrast": 1.39, "oracle_cut": 9.93, "round_trip": -10.89, "signature": -2.61, "zoom_oracle": 5.83, "zoom_pair": 0.7, "zoom_query": 0.94}}
{"n": 131, "fold": 2, "c": 14, "s": 1.9, "native": 59.98, "gain": {"boundary": -1.43, "contrast": 1.37, "oracle_cut": 9.93, "round_trip": -10.9, "signature": -2.62, "zoom_oracle": 5.83, "zoom_pair": 0.7, "zoom_query": 0.94}}
{"n": 132, "fold": 0, "c": 48, "s": 2.2, "native": 60.28, "gain": {"boundary": -1.35, "contrast": 1.23, "oracle_cut": 9.91, "round_trip": -10.89, "signature": -2.79, "zoom_oracle": 6.03, "zoom_pair": 0.7, "zoom_query": 0.94}}
{"n": 133, "fold": 1, "c": 13, "s": 1.9, "native": 60.57, "gain": {"boundary": -1.26, "contrast": 1.32, "oracle_cut": 9.88, "round_trip": -11.25, "signature": -2.99, "zoom_oracle": 6.03, "zoom_pair": 0.7, "zoom_query": 0.94}}
{"n": 134, "fold": 2, "c": 70, "s": 4.5, "native": 60.46, "gain": {"boundary": -1.24, "contrast": 1.7, "oracle_cut": 10.15, "round_trip": -10.81, "signature": -2.62, "zoom_oracle": 6.48, "zoom_pair": 1.14, "zoom_query": 1.52}}
{"n": 135, "fold": 3, "c": 71, "s": 2.0, "native": 60.31, "gain": {"boundary": -1.37, "contrast": 1.51, "oracle_cut": 10.38, "round_trip": -10.54, "signature": -2.74, "zoom_oracle": 6.56, "zoom_pair": 1.12, "zoom_query": 1.5}}
{"n": 136, "fold": 0, "c": 56, "s": 2.0, "native": 60.27, "gain": {"boundary": -1.97, "contrast": 1.74, "oracle_cut": 10.59, "round_trip": -10.98, "signature": -2.52, "zoom_oracle": 6.34, "zoom_pair": 1.12, "zoom_query": 1.5}}
{"n": 137, "fold": 1, "c": 41, "s": 2.0, "native": 60.46, "gain": {"boundary": -2.15, "contrast": 1.57, "oracle_cut": 10.57, "round_trip": -11.31, "signature": -2.69, "zoom_oracle": 6.48, "zoom_pair": 1.12, "zoom_query": 1.5}}
{"n": 138, "fold": 2, "c": 42, "s": 4.9, "native": 60.38, "gain": {"boundary": -2.62, "contrast": 1.71, "oracle_cut": 10.6, "round_trip": -11.13, "signature": -2.66, "zoom_oracle": 6.7, "zoom_pair": 1.42, "zoom_query": 1.79}}
{"n": 139, "fold": 3, "c": 47, "s": 2.2, "native": 60.28, "gain": {"boundary": -2.61, "contrast": 1.72, "oracle_cut": 10.62, "round_trip": -10.89, "signature": -2.66, "zoom_oracle": 6.66, "zoom_pair": 1.38, "zoom_query": 1.75}}
{"n": 140, "fold": 0, "c": 32, "s": 4.5, "native": 60.38, "gain": {"boundary": -2.88, "contrast": 1.7, "oracle_cut": 10.58, "round_trip": -10.89, "signature": -2.68, "zoom_oracle": 6.66, "zoom_pair": 1.39, "zoom_query": 1.76}}
{"n": 141, "fold": 1, "c": 21, "s": 2.1, "native": 60.39, "gain": {"boundary": -2.88, "contrast": 1.69, "oracle_cut": 10.58, "round_trip": -10.88, "signature": -2.68, "zoom_oracle": 6.66, "zoom_pair": 1.39, "zoom_query": 1.76}}
{"n": 142, "fold": 2, "c": 46, "s": 2.0, "native": 60.4, "gain": {"boundary": -2.88, "contrast": 1.69, "oracle_cut": 10.57, "round_trip": -10.81, "signature": -2.71, "zoom_oracle": 6.66, "zoom_pair": 1.39, "zoom_query": 1.76}}
{"n": 143, "fold": 3, "c": 75, "s": 2.0, "native": 60.43, "gain": {"boundary": -2.8, "contrast": 1.76, "oracle_cut": 10.56, "round_trip": -11.13, "signature": -2.64, "zoom_oracle": 6.66, "zoom_pair": 1.39, "zoom_query": 1.76}}
{"n": 144, "fold": 1, "c": 77, "s": 2.0, "native": 60.37, "gain": {"boundary": -2.8, "contrast": 1.79, "oracle_cut": 10.61, "round_trip": -11.16, "signature": -2.59, "zoom_oracle": 6.67, "zoom_pair": 1.39, "zoom_query": 1.76}}
{"n": 145, "fold": 2, "c": 38, "s": 4.8, "native": 60.42, "gain": {"boundary": -2.7, "contrast": 1.76, "oracle_cut": 10.58, "round_trip": -11.25, "signature": -2.67, "zoom_oracle": 6.63, "zoom_pair": 1.4, "zoom_query": 1.77}}
{"n": 146, "fold": 3, "c": 39, "s": 4.9, "native": 60.46, "gain": {"boundary": -2.7, "contrast": 1.75, "oracle_cut": 10.6, "round_trip": -11.25, "signature": -2.65, "zoom_oracle": 6.63, "zoom_pair": 1.4, "zoom_query": 1.77}}
{"n": 147, "fold": 0, "c": 76, "s": 4.6, "native": 60.8, "gain": {"boundary": -2.69, "contrast": 1.73, "oracle_cut": 10.45, "round_trip": -11.48, "signature": -3.49, "zoom_oracle": 6.55, "zoom_pair": 1.39, "zoom_query": 1.75}}
{"n": 148, "fold": 1, "c": 57, "s": 1.8, "native": 60.56, "gain": {"boundary": -2.56, "contrast": 1.71, "oracle_cut": 10.59, "round_trip": -11.32, "signature": -3.47, "zoom_oracle": 6.55, "zoom_pair": 1.39, "zoom_query": 1.75}}
{"n": 149, "fold": 3, "c": 35, "s": 4.7, "native": 60.79, "gain": {"boundary": -2.56, "contrast": 1.56, "oracle_cut": 10.45, "round_trip": -11.32, "signature": -3.62, "zoom_oracle": 6.39, "zoom_pair": 1.39, "zoom_query": 1.76}}
{"n": 150, "fold": 0, "c": 36, "s": 2.0, "native": 61.11, "gain": {"boundary": -2.57, "contrast": 1.41, "oracle_cut": 10.3, "round_trip": -11.77, "signature": -4.34, "zoom_oracle": 6.39, "zoom_pair": 1.39, "zoom_query": 1.76}}
{"n": 151, "fold": 1, "c": 65, "s": 2.0, "native": 60.56, "gain": {"boundary": -2.62, "contrast": 1.4, "oracle_cut": 10.54, "round_trip": -11.41, "signature": -3.88, "zoom_oracle": 6.39, "zoom_pair": 1.39, "zoom_query": 1.76}}
{"n": 152, "fold": 2, "c": 78, "s": 2.0, "native": 60.24, "gain": {"boundary": -2.51, "contrast": 1.72, "oracle_cut": 10.58, "round_trip": -11.24, "signature": -3.57, "zoom_oracle": 5.63, "zoom_pair": 1.39, "zoom_query": 1.76}}
{"n": 153, "fold": 3, "c": 51, "s": 4.8, "native": 60.31, "gain": {"boundary": -2.51, "contrast": 1.72, "oracle_cut": 10.51, "round_trip": -11.18, "signature": -3.58, "zoom_oracle": 5.59, "zoom_pair": 1.32, "zoom_query": 1.76}}
{"n": 154, "fold": 0, "c": 8, "s": 2.0, "native": 60.31, "gain": {"boundary": -2.51, "contrast": 1.71, "oracle_cut": 10.47, "round_trip": -11.03, "signature": -3.45, "zoom_oracle": 5.59, "zoom_pair": 1.32, "zoom_query": 1.76}}
{"n": 155, "fold": 1, "c": 49, "s": 2.0, "native": 60.8, "gain": {"boundary": -2.48, "contrast": 1.68, "oracle_cut": 10.34, "round_trip": -11.5, "signature": -3.45, "zoom_oracle": 5.52, "zoom_pair": 1.3, "zoom_query": 1.73}}
{"n": 156, "fold": 2, "c": 30, "s": 2.0, "native": 60.72, "gain": {"boundary": -2.51, "contrast": 1.7, "oracle_cut": 10.36, "round_trip": -11.46, "signature": -3.42, "zoom_oracle": 5.58, "zoom_pair": 1.27, "zoom_query": 1.71}}
{"n": 157, "fold": 3, "c": 63, "s": 4.8, "native": 60.62, "gain": {"boundary": -2.51, "contrast": 1.7, "oracle_cut": 10.35, "round_trip": -11.35, "signature": -3.43, "zoom_oracle": 5.58, "zoom_pair": 1.27, "zoom_query": 1.71}}
{"n": 158, "fold": 0, "c": 12, "s": 2.0, "native": 60.7, "gain": {"boundary": -2.69, "contrast": 1.72, "oracle_cut": 10.37, "round_trip": -11.33, "signature": -3.4, "zoom_oracle": 5.57, "zoom_pair": 1.27, "zoom_query": 1.71}}
{"n": 159, "fold": 1, "c": 1, "s": 2.1, "native": 60.69, "gain": {"boundary": -2.68, "contrast": 1.68, "oracle_cut": 10.42, "round_trip": -11.36, "signature": -3.43, "zoom_oracle": 5.57, "zoom_pair": 1.27, "zoom_query": 1.71}}
{"n": 160, "fold": 2, "c": 26, "s": 1.9, "native": 60.71, "gain": {"boundary": -2.69, "contrast": 1.67, "oracle_cut": 10.36, "round_trip": -11.43, "signature": -3.48, "zoom_oracle": 5.59, "zoom_pair": 1.27, "zoom_query": 1.71}}
{"n": 161, "fold": 0, "c": 44, "s": 6.3, "native": 60.67, "gain": {"boundary": -2.71, "contrast": 1.59, "oracle_cut": 10.36, "round_trip": -11.51, "signature": -3.56, "zoom_oracle": 5.59, "zoom_pair": 1.24, "zoom_query": 1.68}}
{"n": 162, "fold": 1, "c": 5, "s": 2.0, "native": 60.95, "gain": {"boundary": -2.71, "contrast": 1.6, "oracle_cut": 10.37, "round_trip": -11.53, "signature": -3.56, "zoom_oracle": 5.59, "zoom_pair": 1.24, "zoom_query": 1.68}}
{"n": 163, "fold": 2, "c": 50, "s": 2.0, "native": 61.04, "gain": {"boundary": -2.41, "contrast": 1.58, "oracle_cut": 10.49, "round_trip": -11.64, "signature": -3.59, "zoom_oracle": 5.59, "zoom_pair": 1.24, "zoom_query": 1.68}}
{"n": 164, "fold": 3, "c": 47, "s": 2.0, "native": 60.51, "gain": {"boundary": -2.41, "contrast": 1.57, "oracle_cut": 10.48, "round_trip": -11.07, "signature": -3.6, "zoom_oracle": 5.58, "zoom_pair": 1.23, "zoom_query": 1.67}}
{"n": 165, "fold": 0, "c": 64, "s": 1.9, "native": 60.63, "gain": {"boundary": -2.48, "contrast": 1.62, "oracle_cut": 10.41, "round_trip": -11.44, "signature": -3.65, "zoom_oracle": 5.49, "zoom_pair": 1.21, "zoom_query": 1.66}}
{"n": 166, "fold": 1, "c": 77, "s": 1.9, "native": 60.56, "gain": {"boundary": -2.54, "contrast": 1.55, "oracle_cut": 10.45, "round_trip": -11.58, "signature": -3.72, "zoom_oracle": 5.49, "zoom_pair": 1.22, "zoom_query": 1.66}}
{"n": 167, "fold": 2, "c": 62, "s": 4.7, "native": 60.87, "gain": {"boundary": -1.93, "contrast": 1.56, "oracle_cut": 10.7, "round_trip": -11.66, "signature": -3.23, "zoom_oracle": 5.56, "zoom_pair": 1.23, "zoom_query": 1.67}}
{"n": 168, "fold": 3, "c": 79, "s": 1.9, "native": 60.63, "gain": {"boundary": -1.72, "contrast": 0.94, "oracle_cut": 10.74, "round_trip": -11.65, "signature": -2.99, "zoom_oracle": 5.75, "zoom_pair": 1.21, "zoom_query": 1.65}}
{"n": 169, "fold": 0, "c": 60, "s": 2.3, "native": 60.58, "gain": {"boundary": -1.7, "contrast": 0.88, "oracle_cut": 10.73, "round_trip": -11.6, "signature": -2.96, "zoom_oracle": 5.75, "zoom_pair": 1.21, "zoom_query": 1.65}}
{"n": 170, "fold": 1, "c": 25, "s": 2.1, "native": 60.58, "gain": {"boundary": -1.7, "contrast": 0.87, "oracle_cut": 10.72, "round_trip": -11.61, "signature": -2.96, "zoom_oracle": 5.75, "zoom_pair": 1.21, "zoom_query": 1.65}}
{"n": 171, "fold": 2, "c": 34, "s": 2.0, "native": 60.55, "gain": {"boundary": -1.84, "contrast": 0.75, "oracle_cut": 10.66, "round_trip": -11.62, "signature": -2.98, "zoom_oracle": 5.69, "zoom_pair": 1.16, "zoom_query": 1.6}}
{"n": 172, "fold": 3, "c": 27, "s": 2.0, "native": 60.44, "gain": {"boundary": -1.52, "contrast": 0.61, "oracle_cut": 10.62, "round_trip": -11.82, "signature": -2.98, "zoom_oracle": 5.54, "zoom_pair": 1.16, "zoom_query": 1.6}}
{"n": 173, "fold": 0, "c": 60, "s": 2.0, "native": 60.46, "gain": {"boundary": -1.5, "contrast": 0.59, "oracle_cut": 10.61, "round_trip": -11.79, "signature": -2.97, "zoom_oracle": 5.51, "zoom_pair": 1.16, "zoom_query": 1.6}}
{"n": 174, "fold": 1, "c": 13, "s": 4.9, "native": 60.49, "gain": {"boundary": -1.51, "contrast": 0.58, "oracle_cut": 10.6, "round_trip": -11.78, "signature": -2.94, "zoom_oracle": 5.51, "zoom_pair": 1.16, "zoom_query": 1.59}}
{"n": 175, "fold": 2, "c": 42, "s": 2.0, "native": 60.27, "gain": {"boundary": -1.22, "contrast": 0.48, "oracle_cut": 10.61, "round_trip": -11.81, "signature": -3.08, "zoom_oracle": 5.77, "zoom_pair": 0.89, "zoom_query": 1.33}}
{"n": 176, "fold": 3, "c": 79, "s": 2.0, "native": 60.33, "gain": {"boundary": -1.72, "contrast": 1.3, "oracle_cut": 10.76, "round_trip": -11.92, "signature": -2.93, "zoom_oracle": 5.54, "zoom_pair": 0.89, "zoom_query": 1.33}}
{"n": 177, "fold": 0, "c": 44, "s": 4.8, "native": 60.25, "gain": {"boundary": -1.73, "contrast": 1.3, "oracle_cut": 10.75, "round_trip": -11.94, "signature": -2.93, "zoom_oracle": 5.54, "zoom_pair": 0.89, "zoom_query": 1.33}}
{"n": 178, "fold": 2, "c": 34, "s": 1.9, "native": 60.44, "gain": {"boundary": -1.71, "contrast": 1.3, "oracle_cut": 10.68, "round_trip": -11.95, "signature": -2.93, "zoom_oracle": 5.48, "zoom_pair": 0.83, "zoom_query": 1.27}}
{"n": 179, "fold": 3, "c": 31, "s": 2.0, "native": 60.45, "gain": {"boundary": -1.73, "contrast": 1.26, "oracle_cut": 10.68, "round_trip": -11.96, "signature": -2.92, "zoom_oracle": 5.48, "zoom_pair": 0.83, "zoom_query": 1.27}}
{"n": 180, "fold": 0, "c": 36, "s": 4.9, "native": 60.47, "gain": {"boundary": -1.73, "contrast": 1.24, "oracle_cut": 10.65, "round_trip": -11.92, "signature": -2.87, "zoom_oracle": 5.49, "zoom_pair": 0.84, "zoom_query": 1.29}}
{"n": 181, "fold": 2, "c": 78, "s": 4.6, "native": 60.56, "gain": {"boundary": -1.69, "contrast": 1.33, "oracle_cut": 10.63, "round_trip": -11.93, "signature": -2.97, "zoom_oracle": 5.52, "zoom_pair": 0.88, "zoom_query": 1.29}}
{"n": 182, "fold": 3, "c": 15, "s": 2.1, "native": 60.66, "gain": {"boundary": -1.78, "contrast": 1.4, "oracle_cut": 10.54, "round_trip": -12.32, "signature": -3.0, "zoom_oracle": 5.52, "zoom_pair": 0.88, "zoom_query": 1.29}}
{"n": 183, "fold": 0, "c": 76, "s": 4.9, "native": 60.65, "gain": {"boundary": -1.79, "contrast": 1.4, "oracle_cut": 10.54, "round_trip": -12.42, "signature": -2.84, "zoom_oracle": 5.52, "zoom_pair": 0.87, "zoom_query": 1.28}}
{"n": 184, "fold": 3, "c": 59, "s": 2.1, "native": 60.34, "gain": {"boundary": -1.77, "contrast": 1.38, "oracle_cut": 10.54, "round_trip": -12.12, "signature": -2.8, "zoom_oracle": 5.44, "zoom_pair": 0.86, "zoom_query": 1.27}}
{"n": 185, "fold": 1, "c": 61, "s": 2.0, "native": 60.8, "gain": {"boundary": -1.74, "contrast": 1.38, "oracle_cut": 10.41, "round_trip": -12.28, "signature": -3.3, "zoom_oracle": 5.37, "zoom_pair": 0.85, "zoom_query": 1.25}}
{"n": 186, "fold": 2, "c": 50, "s": 1.9, "native": 60.95, "gain": {"boundary": -1.82, "contrast": 1.38, "oracle_cut": 10.25, "round_trip": -12.37, "signature": -3.44, "zoom_oracle": 5.37, "zoom_pair": 0.85, "zoom_query": 1.25}}
{"n": 187, "fold": 3, "c": 71, "s": 2.0, "native": 60.94, "gain": {"boundary": -1.79, "contrast": 1.41, "oracle_cut": 10.27, "round_trip": -12.52, "signature": -3.41, "zoom_oracle": 5.38, "zoom_pair": 0.85, "zoom_query": 1.25}}
{"n": 188, "fold": 0, "c": 28, "s": 4.7, "native": 60.72, "gain": {"boundary": -1.81, "contrast": 1.5, "oracle_cut": 10.36, "round_trip": -12.53, "signature": -3.43, "zoom_oracle": 5.49, "zoom_pair": 0.88, "zoom_query": 1.24}}
{"n": 189, "fold": 1, "c": 69, "s": 2.0, "native": 60.66, "gain": {"boundary": -1.75, "contrast": 1.52, "oracle_cut": 10.4, "round_trip": -12.48, "signature": -3.37, "zoom_oracle": 5.57, "zoom_pair": 0.88, "zoom_query": 1.24}}
{"n": 190, "fold": 2, "c": 62, "s": 4.9, "native": 60.69, "gain": {"boundary": -1.97, "contrast": 1.52, "oracle_cut": 10.38, "round_trip": -12.48, "signature": -3.39, "zoom_oracle": 5.57, "zoom_pair": 0.88, "zoom_query": 1.24}}
{"n": 191, "fold": 3, "c": 47, "s": 2.2, "native": 60.59, "gain": {"boundary": -1.91, "contrast": 1.59, "oracle_cut": 10.26, "round_trip": -12.46, "signature": -3.32, "zoom_oracle": 5.66, "zoom_pair": 0.88, "zoom_query": 1.24}}
{"n": 192, "fold": 1, "c": 13, "s": 2.0, "native": 60.61, "gain": {"boundary": -1.91, "contrast": 1.58, "oracle_cut": 10.24, "round_trip": -12.44, "signature": -3.29, "zoom_oracle": 5.66, "zoom_pair": 0.88, "zoom_query": 1.24}}
{"n": 193, "fold": 2, "c": 30, "s": 4.8, "native": 60.59, "gain": {"boundary": -1.9, "contrast": 1.62, "oracle_cut": 10.27, "round_trip": -12.39, "signature": -3.24, "zoom_oracle": 5.66, "zoom_pair": 0.89, "zoom_query": 1.25}}
{"n": 194, "fold": 3, "c": 39, "s": 2.0, "native": 60.61, "gain": {"boundary": -2.0, "contrast": 1.57, "oracle_cut": 10.33, "round_trip": -12.43, "signature": -3.16, "zoom_oracle": 5.71, "zoom_pair": 0.89, "zoom_query": 1.25}}
{"n": 195, "fold": 0, "c": 28, "s": 4.8, "native": 60.62, "gain": {"boundary": -2.06, "contrast": 1.48, "oracle_cut": 10.32, "round_trip": -12.49, "signature": -3.23, "zoom_oracle": 5.71, "zoom_pair": 0.9, "zoom_query": 1.26}}
{"n": 196, "fold": 1, "c": 29, "s": 4.8, "native": 60.63, "gain": {"boundary": -2.06, "contrast": 1.48, "oracle_cut": 10.32, "round_trip": -12.5, "signature": -3.24, "zoom_oracle": 5.71, "zoom_pair": 0.9, "zoom_query": 1.26}}
{"n": 197, "fold": 2, "c": 6, "s": 2.0, "native": 60.66, "gain": {"boundary": -1.98, "contrast": 1.49, "oracle_cut": 10.31, "round_trip": -12.5, "signature": -3.29, "zoom_oracle": 5.71, "zoom_pair": 0.9, "zoom_query": 1.26}}
{"n": 198, "fold": 3, "c": 47, "s": 2.2, "native": 60.71, "gain": {"boundary": -1.99, "contrast": 1.49, "oracle_cut": 10.31, "round_trip": -12.53, "signature": -3.29, "zoom_oracle": 5.7, "zoom_pair": 0.9, "zoom_query": 1.26}}
{"n": 199, "fold": 0, "c": 48, "s": 4.8, "native": 60.83, "gain": {"boundary": -1.99, "contrast": 1.47, "oracle_cut": 10.31, "round_trip": -12.69, "signature": -3.3, "zoom_oracle": 5.59, "zoom_pair": 0.86, "zoom_query": 1.22}}
{"n": 200, "fold": 1, "c": 53, "s": 2.0, "native": 61.14, "gain": {"boundary": -1.94, "contrast": 1.47, "oracle_cut": 10.19, "round_trip": -12.64, "signature": -3.27, "zoom_oracle": 5.51, "zoom_pair": 0.85, "zoom_query": 1.2}}
{"n": 201, "fold": 2, "c": 30, "s": 2.0, "native": 61.16, "gain": {"boundary": -1.98, "contrast": 1.39, "oracle_cut": 10.15, "round_trip": -12.75, "signature": -3.36, "zoom_oracle": 5.47, "zoom_pair": 0.82, "zoom_query": 1.18}}
{"n": 202, "fold": 3, "c": 11, "s": 5.0, "native": 61.16, "gain": {"boundary": -1.98, "contrast": 1.39, "oracle_cut": 10.15, "round_trip": -12.75, "signature": -3.47, "zoom_oracle": 5.47, "zoom_pair": 0.81, "zoom_query": 1.17}}
{"n": 203, "fold": 0, "c": 8, "s": 4.7, "native": 61.16, "gain": {"boundary": -1.98, "contrast": 1.39, "oracle_cut": 10.16, "round_trip": -12.72, "signature": -3.45, "zoom_oracle": 5.47, "zoom_pair": 0.81, "zoom_query": 1.17}}
{"n": 204, "fold": 1, "c": 13, "s": 2.0, "native": 61.14, "gain": {"boundary": -2.0, "contrast": 1.39, "oracle_cut": 10.15, "round_trip": -12.71, "signature": -3.44, "zoom_oracle": 5.47, "zoom_pair": 0.81, "zoom_query": 1.17}}
{"n": 205, "fold": 2, "c": 6, "s": 2.0, "native": 61.16, "gain": {"boundary": -1.93, "contrast": 1.41, "oracle_cut": 10.16, "round_trip": -12.67, "signature": -3.42, "zoom_oracle": 5.47, "zoom_pair": 0.81, "zoom_query": 1.17}}
{"n": 206, "fold": 3, "c": 75, "s": 2.2, "native": 61.11, "gain": {"boundary": -1.99, "contrast": 1.53, "oracle_cut": 10.26, "round_trip": -12.61, "signature": -3.28, "zoom_oracle": 5.47, "zoom_pair": 0.81, "zoom_query": 1.17}}
{"n": 207, "fold": 0, "c": 0, "s": 2.0, "native": 61.1, "gain": {"boundary": -1.97, "contrast": 1.54, "oracle_cut": 10.3, "round_trip": -12.47, "signature": -3.25, "zoom_oracle": 5.47, "zoom_pair": 0.81, "zoom_query": 1.17}}
{"n": 208, "fold": 1, "c": 53, "s": 5.0, "native": 60.87, "gain": {"boundary": -1.94, "contrast": 1.3, "oracle_cut": 10.33, "round_trip": -12.61, "signature": -3.57, "zoom_oracle": 5.53, "zoom_pair": 0.88, "zoom_query": 1.07}}
{"n": 209, "fold": 2, "c": 30, "s": 1.9, "native": 60.85, "gain": {"boundary": -1.92, "contrast": 1.31, "oracle_cut": 10.36, "round_trip": -12.53, "signature": -3.53, "zoom_oracle": 5.51, "zoom_pair": 0.87, "zoom_query": 1.06}}
{"n": 210, "fold": 3, "c": 31, "s": 4.7, "native": 60.92, "gain": {"boundary": -1.95, "contrast": 1.38, "oracle_cut": 10.4, "round_trip": -12.4, "signature": -3.38, "zoom_oracle": 5.55, "zoom_pair": 0.91, "zoom_query": 1.1}}
{"n": 211, "fold": 0, "c": 8, "s": 2.7, "native": 60.5, "gain": {"boundary": -1.61, "contrast": 1.25, "oracle_cut": 10.35, "round_trip": -12.37, "signature": -3.37, "zoom_oracle": 5.55, "zoom_pair": 0.91, "zoom_query": 1.11}}
{"n": 212, "fold": 1, "c": 37, "s": 4.6, "native": 60.6, "gain": {"boundary": -1.67, "contrast": 1.18, "oracle_cut": 10.29, "round_trip": -12.65, "signature": -3.49, "zoom_oracle": 5.48, "zoom_pair": 0.93, "zoom_query": 1.12}}
{"n": 213, "fold": 2, "c": 50, "s": 2.0, "native": 60.64, "gain": {"boundary": -1.7, "contrast": 1.17, "oracle_cut": 10.25, "round_trip": -12.68, "signature": -3.5, "zoom_oracle": 5.48, "zoom_pair": 0.93, "zoom_query": 1.12}}
{"n": 214, "fold": 3, "c": 63, "s": 2.2, "native": 60.34, "gain": {"boundary": -1.71, "contrast": 1.29, "oracle_cut": 10.36, "round_trip": -12.4, "signature": -3.5, "zoom_oracle": 5.63, "zoom_pair": 0.93, "zoom_query": 1.12}}
{"n": 215, "fold": 0, "c": 4, "s": 4.9, "native": 59.86, "gain": {"boundary": -1.07, "contrast": 1.33, "oracle_cut": 10.77, "round_trip": -12.52, "signature": -3.02, "zoom_oracle": 5.63, "zoom_pair": 0.96, "zoom_query": 1.15}}
{"n": 216, "fold": 1, "c": 77, "s": 2.1, "native": 59.87, "gain": {"boundary": -1.07, "contrast": 1.34, "oracle_cut": 10.76, "round_trip": -12.49, "signature": -3.02, "zoom_oracle": 5.63, "zoom_pair": 0.96, "zoom_query": 1.15}}
{"n": 217, "fold": 2, "c": 14, "s": 2.0, "native": 59.66, "gain": {"boundary": -1.09, "contrast": 1.35, "oracle_cut": 10.74, "round_trip": -12.37, "signature": -2.98, "zoom_oracle": 5.63, "zoom_pair": 0.96, "zoom_query": 1.15}}
{"n": 218, "fold": 3, "c": 51, "s": 2.0, "native": 59.64, "gain": {"boundary": -1.07, "contrast": 1.36, "oracle_cut": 10.74, "round_trip": -12.36, "signature": -3.09, "zoom_oracle": 5.55, "zoom_pair": 0.97, "zoom_query": 1.15}}
{"n": 219, "fold": 0, "c": 32, "s": 4.8, "native": 59.73, "gain": {"boundary": -1.08, "contrast": 1.34, "oracle_cut": 10.7, "round_trip": -12.37, "signature": -3.13, "zoom_oracle": 5.56, "zoom_pair": 0.98, "zoom_query": 1.16}}
{"n": 220, "fold": 1, "c": 41, "s": 4.7, "native": 59.78, "gain": {"boundary": -1.08, "contrast": 1.44, "oracle_cut": 10.72, "round_trip": -12.38, "signature": -3.11, "zoom_oracle": 5.57, "zoom_pair": 0.98, "zoom_query": 1.16}}
{"n": 221, "fold": 2, "c": 30, "s": 5.0, "native": 59.78, "gain": {"boundary": -1.07, "contrast": 1.45, "oracle_cut": 10.71, "round_trip": -12.35, "signature": -3.11, "zoom_oracle": 5.57, "zoom_pair": 0.99, "zoom_query": 1.17}}
{"n": 222, "fold": 3, "c": 71, "s": 4.8, "native": 59.88, "gain": {"boundary": -1.13, "contrast": 1.32, "oracle_cut": 10.67, "round_trip": -12.42, "signature": -3.23, "zoom_oracle": 5.45, "zoom_pair": 0.9, "zoom_query": 1.05}}
{"n": 223, "fold": 0, "c": 28, "s": 1.9, "native": 60.04, "gain": {"boundary": -1.09, "contrast": 1.39, "oracle_cut": 10.67, "round_trip": -12.98, "signature": -3.1, "zoom_oracle": 5.36, "zoom_pair": 0.87, "zoom_query": 1.05}}
{"n": 224, "fold": 1, "c": 33, "s": 4.8, "native": 59.81, "gain": {"boundary": -0.59, "contrast": 1.73, "oracle_cut": 10.9, "round_trip": -12.93, "signature": -2.61, "zoom_oracle": 5.42, "zoom_pair": 0.87, "zoom_query": 1.07}}
{"n": 225, "fold": 2, "c": 38, "s": 1.8, "native": 59.61, "gain": {"boundary": -0.41, "contrast": 1.65, "oracle_cut": 10.86, "round_trip": -13.13, "signature": -2.62, "zoom_oracle": 5.36, "zoom_pair": 0.86, "zoom_query": 1.06}}
{"n": 226, "fold": 3, "c": 75, "s": 2.0, "native": 59.58, "gain": {"boundary": -0.42, "contrast": 1.62, "oracle_cut": 10.87, "round_trip": -13.11, "signature": -2.69, "zoom_oracle": 5.38, "zoom_pair": 0.86, "zoom_query": 1.06}}
{"n": 227, "fold": 0, "c": 56, "s": 2.0, "native": 59.56, "gain": {"boundary": -0.42, "contrast": 1.42, "oracle_cut": 10.8, "round_trip": -12.97, "signature": -2.88, "zoom_oracle": 5.38, "zoom_pair": 0.86, "zoom_query": 1.06}}
{"n": 228, "fold": 1, "c": 53, "s": 4.8, "native": 59.76, "gain": {"boundary": -0.58, "contrast": 1.55, "oracle_cut": 10.77, "round_trip": -12.83, "signature": -2.69, "zoom_oracle": 5.33, "zoom_pair": 0.82, "zoom_query": 1.11}}
{"n": 229, "fold": 2, "c": 66, "s": 2.0, "native": 59.3, "gain": {"boundary": -0.59, "contrast": 1.52, "oracle_cut": 10.65, "round_trip": -12.67, "signature": -2.8, "zoom_oracle": 5.62, "zoom_pair": 0.81, "zoom_query": 1.1}}
{"n": 230, "fold": 3, "c": 43, "s": 4.7, "native": 59.31, "gain": {"boundary": -0.58, "contrast": 1.53, "oracle_cut": 10.63, "round_trip": -12.65, "signature": -2.79, "zoom_oracle": 5.56, "zoom_pair": 0.65, "zoom_query": 1.04}}
{"n": 231, "fold": 0, "c": 36, "s": 4.4, "native": 59.38, "gain": {"boundary": -0.58, "contrast": 1.48, "oracle_cut": 10.6, "round_trip": -12.59, "signature": -2.73, "zoom_oracle": 5.54, "zoom_pair": 0.64, "zoom_query": 1.03}}
{"n": 232, "fold": 1, "c": 17, "s": 1.9, "native": 59.35, "gain": {"boundary": -0.58, "contrast": 1.46, "oracle_cut": 10.63, "round_trip": -12.61, "signature": -3.13, "zoom_oracle": 5.54, "zoom_pair": 0.64, "zoom_query": 1.03}}
{"n": 233, "fold": 2, "c": 74, "s": 2.0, "native": 59.01, "gain": {"boundary": -0.55, "contrast": 1.48, "oracle_cut": 10.38, "round_trip": -12.87, "signature": -3.25, "zoom_oracle": 5.21, "zoom_pair": 0.32, "zoom_query": 0.74}}
{"n": 234, "fold": 3, "c": 67, "s": 2.0, "native": 59.46, "gain": {"boundary": -0.54, "contrast": 1.45, "oracle_cut": 10.25, "round_trip": -12.74, "signature": -3.22, "zoom_oracle": 5.14, "zoom_pair": 0.32, "zoom_query": 0.73}}
{"n": 235, "fold": 1, "c": 69, "s": 1.9, "native": 59.58, "gain": {"boundary": -0.58, "contrast": 1.45, "oracle_cut": 10.32, "round_trip": -12.83, "signature": -3.29, "zoom_oracle": 5.23, "zoom_pair": 0.32, "zoom_query": 0.73}}
{"n": 236, "fold": 2, "c": 26, "s": 4.8, "native": 59.58, "gain": {"boundary": -0.56, "contrast": 1.47, "oracle_cut": 10.32, "round_trip": -12.82, "signature": -3.28, "zoom_oracle": 5.26, "zoom_pair": 0.32, "zoom_query": 0.73}}
{"n": 237, "fold": 3, "c": 7, "s": 1.9, "native": 59.62, "gain": {"boundary": -0.53, "contrast": 1.41, "oracle_cut": 10.36, "round_trip": -12.86, "signature": -3.34, "zoom_oracle": 5.14, "zoom_pair": 0.32, "zoom_query": 0.73}}
{"n": 238, "fold": 0, "c": 40, "s": 4.7, "native": 59.62, "gain": {"boundary": -0.54, "contrast": 1.47, "oracle_cut": 10.35, "round_trip": -12.66, "signature": -3.09, "zoom_oracle": 5.22, "zoom_pair": 0.44, "zoom_query": 0.67}}
{"n": 239, "fold": 1, "c": 53, "s": 2.0, "native": 59.52, "gain": {"boundary": -0.47, "contrast": 1.78, "oracle_cut": 10.58, "round_trip": -12.6, "signature": -2.73, "zoom_oracle": 5.21, "zoom_pair": 0.42, "zoom_query": 0.7}}
{"n": 240, "fold": 2, "c": 58, "s": 2.0, "native": 58.98, "gain": {"boundary": -0.52, "contrast": 1.54, "oracle_cut": 10.52, "round_trip": -12.65, "signature": -2.71, "zoom_oracle": 5.97, "zoom_pair": 0.41, "zoom_query": 0.7}}
{"n": 241, "fold": 3, "c": 47, "s": 2.0, "native": 59.12, "gain": {"boundary": -0.52, "contrast": 1.53, "oracle_cut": 10.52, "round_trip": -12.66, "signature": -2.72, "zoom_oracle": 5.96, "zoom_pair": 0.41, "zoom_query": 0.7}}
