{
 "constructed": {
  "midpoint_takes_shoulder": true,
  "boundary_is_core": true,
  "round_trip_is_core": true,
  "signature_is_core": true,
  "contrast_follows_score_only": true,
  "inverted_is_not_core": true,
  "constant_score_declines": true,
  "no_boundary_declines": true,
  "binarise_matches_source_formula": true
 },
 "geometry": {
  "box_square_inside_frame": true,
  "box_contains_mask": true,
  "large_target_not_zoomed": true,
  "empty_not_zoomed": true,
  "corner_box_clamped": true,
  "original_box_valid": true,
  "paste_roundtrip_iou": 1.0,
  "paste_roundtrip_ok": true
 },
 "replay": {
  "traces": 40,
  "cut_replica_pixel_agreement_min": 1.0,
  "cut_replica_pixel_agreement_mean": 1.0,
  "patch_level_midpoint": 63.135482892394066,
  "patch_level_contrast": 67.03498460352421,
  "patch_level_oracle_on_levels": 72.82831348478794,
  "note": "CPU bilinear against stored GPU masks; exploratory development cohort, not a method score"
 },
 "replay_ok": true,
 "checks": 17,
 "passed": 17,
 "state": "PASSED"
}
