{
  "dev": {
    "classes": 139,
    "classes_gain": 58,
    "classes_loss": 77,
    "class_macro_terms_pp": [
      0.0,
      0.0,
      -17.26995765541856,
      13.414591428390237
    ],
    "delta_pp": -3.8553662270283215,
    "deletion_background_fraction": 0.6651096757412867
  },
  "held": {
    "classes": 125,
    "classes_gain": 48,
    "classes_loss": 72,
    "class_macro_terms_pp": [
      0.0,
      0.0,
      -14.849819845318576,
      13.526119878245693
    ],
    "delta_pp": -1.3236999670728835,
    "deletion_background_fraction": 0.6896090647068728
  },
  "coco": {
    "classes": 80,
    "classes_gain": 23,
    "classes_loss": 57,
    "class_macro_terms_pp": [
      0.0,
      0.0,
      -9.356630752899653,
      5.278408889513495
    ],
    "delta_pp": -4.078221863386158,
    "deletion_background_fraction": 0.4299097476793792
  }
}
