Error importing huggingface_hub.hf_api: No module named 'httpcore2'
load <All keys matched successfully>
{"pack": "paco_part_f0", "n": 25, "total": 25, "elapsed_s": 5.258495055139065, "free_bytes": 27475804160}
{"pack": "paco_part_f0", "n": 50, "total": 50, "elapsed_s": 10.078299490734935, "free_bytes": 27056369664}
{"pack": "paco_part_f0", "n": 75, "total": 75, "elapsed_s": 14.77053794823587, "free_bytes": 26636939264}
{"pack": "paco_part_f0", "n": 100, "total": 100, "elapsed_s": 19.700754703953862, "free_bytes": 26217508864}
{"pack": "paco_part_f0", "n": 125, "total": 125, "elapsed_s": 24.696988007053733, "free_bytes": 25798078464}
{"pack": "paco_part_f0", "n": 149, "total": 149, "elapsed_s": 29.24634624645114, "free_bytes": 25395429376}
{"pack": "paco_part_f1", "n": 25, "total": 174, "elapsed_s": 33.9478859398514, "free_bytes": 24971689984}
{"pack": "paco_part_f1", "n": 50, "total": 199, "elapsed_s": 39.033226277679205, "free_bytes": 24552259584}
{"pack": "paco_part_f1", "n": 75, "total": 224, "elapsed_s": 43.81221034005284, "free_bytes": 24132829184}
{"pack": "paco_part_f1", "n": 100, "total": 249, "elapsed_s": 48.48844541236758, "free_bytes": 23713398784}
{"pack": "paco_part_f1", "n": 125, "total": 274, "elapsed_s": 53.411106776446104, "free_bytes": 23293968384}
{"pack": "paco_part_f1", "n": 150, "total": 299, "elapsed_s": 58.53242919035256, "free_bytes": 22874542080}
{"pack": "paco_part_f2", "n": 25, "total": 324, "elapsed_s": 63.81382358074188, "free_bytes": 22450774016}
{"pack": "paco_part_f2", "n": 50, "total": 349, "elapsed_s": 69.16091365739703, "free_bytes": 22031343616}
{"pack": "paco_part_f2", "n": 75, "total": 374, "elapsed_s": 74.51638668775558, "free_bytes": 21611913216}
{"pack": "paco_part_f2", "n": 100, "total": 399, "elapsed_s": 79.3074738997966, "free_bytes": 21192482816}
{"pack": "paco_part_f2", "n": 125, "total": 424, "elapsed_s": 84.3695187754929, "free_bytes": 20773052416}
{"pack": "paco_part_f2", "n": 150, "total": 449, "elapsed_s": 89.11714060232043, "free_bytes": 20353626112}
{"pack": "paco_part_f3", "n": 25, "total": 474, "elapsed_s": 94.09510038048029, "free_bytes": 19929858048}
{"pack": "paco_part_f3", "n": 50, "total": 499, "elapsed_s": 99.0536095444113, "free_bytes": 19510427648}
{"pack": "paco_part_f3", "n": 75, "total": 524, "elapsed_s": 103.9094452355057, "free_bytes": 19090997248}
{"pack": "paco_part_f3", "n": 100, "total": 549, "elapsed_s": 108.79044629633427, "free_bytes": 18671566848}
{"pack": "paco_part_f3", "n": 125, "total": 574, "elapsed_s": 113.61356009170413, "free_bytes": 18252136448}
{"pack": "paco_part_f3", "n": 150, "total": 599, "elapsed_s": 118.50740703009069, "free_bytes": 17832710144}
{"pack": "coco_fresh600", "n": 25, "total": 624, "elapsed_s": 124.42961375974119, "free_bytes": 17408942080}
{"pack": "coco_fresh600", "n": 50, "total": 649, "elapsed_s": 130.5524612572044, "free_bytes": 16989511680}
{"pack": "coco_fresh600", "n": 75, "total": 674, "elapsed_s": 136.31214363500476, "free_bytes": 16570081280}
{"pack": "coco_fresh600", "n": 100, "total": 699, "elapsed_s": 142.12883024848998, "free_bytes": 16150650880}
{"pack": "coco_fresh600", "n": 125, "total": 724, "elapsed_s": 147.83865169994533, "free_bytes": 15731220480}
{"pack": "coco_fresh600", "n": 150, "total": 749, "elapsed_s": 153.61225939169526, "free_bytes": 15311790080}
{"pack": "coco_fresh600", "n": 175, "total": 774, "elapsed_s": 159.2340061441064, "free_bytes": 14892359680}
{"pack": "coco_fresh600", "n": 200, "total": 799, "elapsed_s": 165.06360392086208, "free_bytes": 14472929280}
{"pack": "coco_fresh600", "n": 225, "total": 824, "elapsed_s": 170.990922851488, "free_bytes": 14053498880}
{"pack": "coco_fresh600", "n": 250, "total": 849, "elapsed_s": 176.98338980786502, "free_bytes": 13634068480}
{"pack": "coco_fresh600", "n": 275, "total": 874, "elapsed_s": 183.06063175946474, "free_bytes": 13214638080}
{"pack": "coco_fresh600", "n": 300, "total": 899, "elapsed_s": 188.62236522883177, "free_bytes": 12795207680}
{"pack": "coco_fresh600", "n": 325, "total": 924, "elapsed_s": 194.444564929232, "free_bytes": 12375773184}
{"pack": "coco_fresh600", "n": 350, "total": 949, "elapsed_s": 200.48115366324782, "free_bytes": 11956338688}
{"pack": "coco_fresh600", "n": 375, "total": 974, "elapsed_s": 206.63228907622397, "free_bytes": 11536908288}
{"pack": "coco_fresh600", "n": 400, "total": 999, "elapsed_s": 213.03298598714173, "free_bytes": 11117477888}
{"pack": "coco_fresh600", "n": 425, "total": 1024, "elapsed_s": 218.74774116836488, "free_bytes": 10698047488}
{"pack": "coco_fresh600", "n": 450, "total": 1049, "elapsed_s": 225.00126178748906, "free_bytes": 10278617088}
{"pack": "coco_fresh600", "n": 475, "total": 1074, "elapsed_s": 231.13365116342902, "free_bytes": 9859186688}
{"pack": "coco_fresh600", "n": 500, "total": 1099, "elapsed_s": 237.1755326781422, "free_bytes": 9439756288}
{"pack": "coco_fresh600", "n": 525, "total": 1124, "elapsed_s": 242.90659786760807, "free_bytes": 9020325888}
{"pack": "coco_fresh600", "n": 550, "total": 1149, "elapsed_s": 249.32948483899236, "free_bytes": 8600895488}
{"pack": "coco_fresh600", "n": 575, "total": 1174, "elapsed_s": 255.4240562580526, "free_bytes": 8181465088}
{"pack": "coco_fresh600", "n": 600, "total": 1199, "elapsed_s": 261.59565237537026, "free_bytes": 7762038784}
CACHE COMPLETE 1199
