C1：预期修正可匹配局部布局下的整物体错圈；PACO留出Δ<1或CI下界≤0，或COCOΔ<−0.3即否定；不调常数。

{"cohort": "dev", "pack": "paco_part_f0", "n": 25, "total": 149, "elapsed_s": 4.247256197035313, "episode_s": 0.12825907766819}
{"cohort": "dev", "pack": "paco_part_f0", "n": 50, "total": 149, "elapsed_s": 7.926123531535268, "episode_s": 0.12893475778400898}
{"cohort": "dev", "pack": "paco_part_f0", "n": 75, "total": 149, "elapsed_s": 11.610851546749473, "episode_s": 0.12832622788846493}
{"cohort": "dev", "pack": "paco_part_f0", "n": 100, "total": 149, "elapsed_s": 15.30050159431994, "episode_s": 0.12834272906184196}
{"cohort": "dev", "pack": "paco_part_f0", "n": 125, "total": 149, "elapsed_s": 18.99257750995457, "episode_s": 0.12786018662154675}
{"cohort": "dev", "pack": "paco_part_f0", "n": 149, "total": 149, "elapsed_s": 22.527636881917715, "episode_s": 0.12780570052564144}
{"cohort": "dev", "pack": "paco_part_f1", "n": 25, "total": 150, "elapsed_s": 26.389902686700225, "episode_s": 0.12838401272892952}
{"cohort": "dev", "pack": "paco_part_f1", "n": 50, "total": 150, "elapsed_s": 30.076698571443558, "episode_s": 0.12838328257203102}
{"cohort": "dev", "pack": "paco_part_f1", "n": 75, "total": 150, "elapsed_s": 33.75973775796592, "episode_s": 0.12883244641125202}
{"cohort": "dev", "pack": "paco_part_f1", "n": 100, "total": 150, "elapsed_s": 37.44858364760876, "episode_s": 0.12829240038990974}
{"cohort": "dev", "pack": "paco_part_f1", "n": 125, "total": 150, "elapsed_s": 41.13455521129072, "episode_s": 0.1284643281251192}
{"cohort": "dev", "pack": "paco_part_f1", "n": 150, "total": 150, "elapsed_s": 44.815567718818784, "episode_s": 0.12773028388619423}
COHORT_DONE dev {"n": 299, "classes": 139, "B": 43.84531980146351, "arms": {"joint_mask": {"miou": 39.98995357443519, "delta": -3.8553662270283198, "delta_ci95": [-6.054917474519723, -1.8487578872660948], "edits_addTP_addFP_delTP_delFP": [0, 0, 30901, 61371]}, "center_control": {"miou": 40.17787390250491, "delta": -3.667445898958597, "delta_ci95": [-5.807532780321704, -1.7089052966801808], "edits_addTP_addFP_delTP_delFP": [0, 0, 29740, 59222]}, "permuted_control": {"miou": 38.608950242799835, "delta": -5.236369558663675, "delta_ci95": [-7.455554557931626, -3.2488439782801293], "edits_addTP_addFP_delTP_delFP": [0, 0, 32077, 61957]}}, "joint_vs_center": {"delta": -0.1879203280697226, "ci95": [-0.4651085689711179, 0.06585610996879188]}}
{"cohort": "held", "pack": "paco_part_f2", "n": 25, "total": 150, "elapsed_s": 48.796946220099926, "episode_s": 0.12838971242308617}
{"cohort": "held", "pack": "paco_part_f2", "n": 50, "total": 150, "elapsed_s": 52.486615523695946, "episode_s": 0.1284860372543335}
{"cohort": "held", "pack": "paco_part_f2", "n": 75, "total": 150, "elapsed_s": 56.17821473814547, "episode_s": 0.1290873233228922}
{"cohort": "held", "pack": "paco_part_f2", "n": 100, "total": 150, "elapsed_s": 59.86893397010863, "episode_s": 0.12844137661159039}
{"cohort": "held", "pack": "paco_part_f2", "n": 125, "total": 150, "elapsed_s": 63.55925561860204, "episode_s": 0.12848931550979614}
{"cohort": "held", "pack": "paco_part_f2", "n": 150, "total": 150, "elapsed_s": 67.25352437794209, "episode_s": 0.12785827554762363}
{"cohort": "held", "pack": "paco_part_f3", "n": 25, "total": 150, "elapsed_s": 71.13166703097522, "episode_s": 0.1283495519310236}
{"cohort": "held", "pack": "paco_part_f3", "n": 50, "total": 150, "elapsed_s": 74.81660086102784, "episode_s": 0.12834958545863628}
{"cohort": "held", "pack": "paco_part_f3", "n": 75, "total": 150, "elapsed_s": 78.50538784451783, "episode_s": 0.12906473875045776}
{"cohort": "held", "pack": "paco_part_f3", "n": 100, "total": 150, "elapsed_s": 82.19355644658208, "episode_s": 0.12856373935937881}
{"cohort": "held", "pack": "paco_part_f3", "n": 125, "total": 150, "elapsed_s": 85.87408479116857, "episode_s": 0.1284063719213009}
{"cohort": "held", "pack": "paco_part_f3", "n": 150, "total": 150, "elapsed_s": 89.74248381890357, "episode_s": 0.13099181465804577}
COHORT_DONE held {"n": 300, "classes": 125, "B": 41.575779542810125, "arms": {"joint_mask": {"miou": 40.252079575737255, "delta": -1.3236999670728693, "delta_ci95": [-3.2097510527352746, -0.1349576199982942], "edits_addTP_addFP_delTP_delFP": [0, 0, 31338, 69625]}, "center_control": {"miou": 39.99556768633167, "delta": -1.5802118564784564, "delta_ci95": [-3.407406427593621, -0.3557001895188495], "edits_addTP_addFP_delTP_delFP": [0, 0, 30850, 67972]}, "permuted_control": {"miou": 39.47532039903061, "delta": -2.100459143779517, "delta_ci95": [-4.047619218083537, -0.8158355832664544], "edits_addTP_addFP_delTP_delFP": [0, 0, 32566, 69911]}}, "joint_vs_center": {"delta": 0.2565118894055871, "ci95": [-0.06868983094640856, 0.4752205273644232]}}
{"cohort": "coco", "pack": "coco_fresh600", "n": 25, "total": 600, "elapsed_s": 94.08040807023644, "episode_s": 0.1283907424658537}
{"cohort": "coco", "pack": "coco_fresh600", "n": 50, "total": 600, "elapsed_s": 97.9319757502526, "episode_s": 0.12830020301043987}
{"cohort": "coco", "pack": "coco_fresh600", "n": 75, "total": 600, "elapsed_s": 101.7623529881239, "episode_s": 0.1291601024568081}
{"cohort": "coco", "pack": "coco_fresh600", "n": 100, "total": 600, "elapsed_s": 105.5864210948348, "episode_s": 0.12835356779396534}
{"cohort": "coco", "pack": "coco_fresh600", "n": 125, "total": 600, "elapsed_s": 109.40494212321937, "episode_s": 0.12841092981398106}
{"cohort": "coco", "pack": "coco_fresh600", "n": 150, "total": 600, "elapsed_s": 113.22007536888123, "episode_s": 0.12783399038016796}
{"cohort": "coco", "pack": "coco_fresh600", "n": 175, "total": 600, "elapsed_s": 117.0359161067754, "episode_s": 0.1284165196120739}
{"cohort": "coco", "pack": "coco_fresh600", "n": 200, "total": 600, "elapsed_s": 120.86028103344142, "episode_s": 0.12842288240790367}
{"cohort": "coco", "pack": "coco_fresh600", "n": 225, "total": 600, "elapsed_s": 124.6872830260545, "episode_s": 0.129079170525074}
{"cohort": "coco", "pack": "coco_fresh600", "n": 250, "total": 600, "elapsed_s": 128.50249617546797, "episode_s": 0.12853660061955452}
{"cohort": "coco", "pack": "coco_fresh600", "n": 275, "total": 600, "elapsed_s": 132.31483748555183, "episode_s": 0.12841565534472466}
{"cohort": "coco", "pack": "coco_fresh600", "n": 300, "total": 600, "elapsed_s": 136.13243790902197, "episode_s": 0.12782877497375011}
{"cohort": "coco", "pack": "coco_fresh600", "n": 325, "total": 600, "elapsed_s": 139.94185261800885, "episode_s": 0.12839802540838718}
{"cohort": "coco", "pack": "coco_fresh600", "n": 350, "total": 600, "elapsed_s": 143.93855601735413, "episode_s": 0.13102876022458076}
{"cohort": "coco", "pack": "coco_fresh600", "n": 375, "total": 600, "elapsed_s": 147.80610856227577, "episode_s": 0.1288266982883215}
{"cohort": "coco", "pack": "coco_fresh600", "n": 400, "total": 600, "elapsed_s": 151.6255640629679, "episode_s": 0.12834369204938412}
{"cohort": "coco", "pack": "coco_fresh600", "n": 425, "total": 600, "elapsed_s": 155.427945593372, "episode_s": 0.12840313278138638}
{"cohort": "coco", "pack": "coco_fresh600", "n": 450, "total": 600, "elapsed_s": 159.231790618971, "episode_s": 0.12782576866447926}
{"cohort": "coco", "pack": "coco_fresh600", "n": 475, "total": 600, "elapsed_s": 163.0395237710327, "episode_s": 0.1290098838508129}
{"cohort": "coco", "pack": "coco_fresh600", "n": 500, "total": 600, "elapsed_s": 166.8545043952763, "episode_s": 0.12841694802045822}
{"cohort": "coco", "pack": "coco_fresh600", "n": 525, "total": 600, "elapsed_s": 170.6480702739209, "episode_s": 0.12895241379737854}
{"cohort": "coco", "pack": "coco_fresh600", "n": 550, "total": 600, "elapsed_s": 174.46490982733667, "episode_s": 0.128319526091218}
{"cohort": "coco", "pack": "coco_fresh600", "n": 575, "total": 600, "elapsed_s": 178.48437905870378, "episode_s": 0.128338772803545}
{"cohort": "coco", "pack": "coco_fresh600", "n": 600, "total": 600, "elapsed_s": 182.33947207964957, "episode_s": 0.1279830913990736}
COHORT_DONE coco {"n": 600, "classes": 80, "B": 64.51734708858112, "arms": {"joint_mask": {"miou": 60.43912522519494, "delta": -4.078221863386176, "delta_ci95": [-6.349435604374438, -2.808143271454797], "edits_addTP_addFP_delTP_delFP": [0, 0, 26593, 20054]}, "center_control": {"miou": 60.888614415861184, "delta": -3.6287326727199343, "delta_ci95": [-5.764643132396342, -2.4738152326118503], "edits_addTP_addFP_delTP_delFP": [0, 0, 25387, 18890]}, "permuted_control": {"miou": 58.74875400632005, "delta": -5.76859308226107, "delta_ci95": [-8.236174830155532, -4.519751642117537], "edits_addTP_addFP_delTP_delFP": [0, 0, 30480, 21201]}}, "joint_vs_center": {"delta": -0.4494891906662417, "ci95": [-0.9852052179706511, 0.09053265854723697]}}
CANDIDATE_COMPLETE False
