Error importing huggingface_hub.hf_api: No module named 'httpcore2'
load <All keys matched successfully>
CRF solver: fw
x0_weight: 0.0
FrankWolfeParams: 
	 scheme:	 fixed 
	 stepsize:	 1.0 (for the 'fixed' scheme) 
	 regularizer:	 l2
	 lambda_:	 1.0
	 lambda_learnable:	 False
	 x0_weight:	 0.0
	 x0_weight_learnable:	 False
Non-trainable lambda for Frank-Wolfe: 1.0
Non-trainable x0_weight for Frank-Wolfe: 0.0
Potts: remove random weights.
Add 3.0 to spatial_weight diagonal
Add 20.0 to bilateral_weight diagonal
Add -1.0 to compatibility diagonal
{"completed": 1, "fold": 0, "c": 0, "inference_s": 4.299686670303345, "native_IU": [476781, 538549], "paired_IU": [419255, 533354]}
{"completed": 2, "fold": 0, "c": 4, "inference_s": 3.4506807439029217, "native_IU": [52265, 75436], "paired_IU": [44162, 72523]}
{"completed": 3, "fold": 0, "c": 8, "inference_s": 3.607712572440505, "native_IU": [180439, 238911], "paired_IU": [2515, 229651]}
{"completed": 4, "fold": 0, "c": 12, "inference_s": 3.8098408728837967, "native_IU": [47140, 334651], "paired_IU": [14667, 76235]}
{"completed": 5, "fold": 0, "c": 16, "inference_s": 3.8031157050281763, "native_IU": [27925, 38436], "paired_IU": [28201, 41030]}
{"completed": 6, "fold": 0, "c": 20, "inference_s": 3.83259148709476, "native_IU": [646606, 779229], "paired_IU": [593155, 780316]}
{"completed": 7, "fold": 0, "c": 24, "inference_s": 3.5830195136368275, "native_IU": [40869, 72200], "paired_IU": [31047, 68911]}
{"completed": 8, "fold": 0, "c": 28, "inference_s": 3.557290729135275, "native_IU": [62444, 76307], "paired_IU": [63562, 76570]}
{"completed": 9, "fold": 0, "c": 32, "inference_s": 3.679790435358882, "native_IU": [10936, 11509], "paired_IU": [10938, 11514]}
{"completed": 10, "fold": 0, "c": 36, "inference_s": 3.7042145039886236, "native_IU": [14867, 110482], "paired_IU": [14632, 83709]}
{"completed": 11, "fold": 1, "c": 1, "inference_s": 3.8957301564514637, "native_IU": [181688, 328985], "paired_IU": [179856, 353437]}
{"completed": 12, "fold": 1, "c": 5, "inference_s": 3.5974534824490547, "native_IU": [81443, 231010], "paired_IU": [80236, 196604]}
{"completed": 13, "fold": 1, "c": 9, "inference_s": 3.716085935011506, "native_IU": [13037, 30854], "paired_IU": [4072, 16863]}
{"completed": 14, "fold": 1, "c": 13, "inference_s": 3.824980478733778, "native_IU": [170152, 589622], "paired_IU": [8100, 526265]}
{"completed": 15, "fold": 1, "c": 17, "inference_s": 3.7008543219417334, "native_IU": [16725, 21572], "paired_IU": [16791, 21710]}
{"completed": 16, "fold": 1, "c": 21, "inference_s": 3.9623331744223833, "native_IU": [343221, 361806], "paired_IU": [340049, 361081]}
{"completed": 17, "fold": 1, "c": 25, "inference_s": 3.8165849689394236, "native_IU": [51945, 62520], "paired_IU": [51747, 61892]}
{"completed": 18, "fold": 1, "c": 29, "inference_s": 3.570466684177518, "native_IU": [6833, 7740], "paired_IU": [6606, 7735]}
{"completed": 19, "fold": 1, "c": 33, "inference_s": 3.633785430341959, "native_IU": [6029, 10035], "paired_IU": [5715, 9206]}
{"completed": 20, "fold": 1, "c": 37, "inference_s": 3.5701663587242365, "native_IU": [9940, 13242], "paired_IU": [9817, 13046]}
{"completed": 21, "fold": 2, "c": 2, "inference_s": 3.629622161388397, "native_IU": [17195, 28663], "paired_IU": [5438, 27016]}
{"completed": 22, "fold": 2, "c": 6, "inference_s": 3.732889572158456, "native_IU": [271441, 327520], "paired_IU": [266419, 320600]}
{"completed": 23, "fold": 2, "c": 10, "inference_s": 3.64773166552186, "native_IU": [215985, 248685], "paired_IU": [217155, 248635]}
{"completed": 24, "fold": 2, "c": 14, "inference_s": 3.8865909911692142, "native_IU": [284981, 415185], "paired_IU": [247273, 412821]}
{"completed": 25, "fold": 2, "c": 18, "inference_s": 3.9344785660505295, "native_IU": [90927, 101376], "paired_IU": [82740, 102070]}
{"completed": 26, "fold": 2, "c": 22, "inference_s": 3.7617276329547167, "native_IU": [386315, 424773], "paired_IU": [400087, 431533]}
{"completed": 27, "fold": 2, "c": 26, "inference_s": 3.5780541710555553, "native_IU": [26345, 222149], "paired_IU": [9493, 185251]}
{"completed": 28, "fold": 2, "c": 30, "inference_s": 3.8201782554388046, "native_IU": [24200, 44189], "paired_IU": [21437, 32612]}
{"completed": 29, "fold": 2, "c": 34, "inference_s": 3.787424137815833, "native_IU": [9384, 27747], "paired_IU": [10924, 299518]}
{"completed": 30, "fold": 2, "c": 38, "inference_s": 3.646245365962386, "native_IU": [34296, 43640], "paired_IU": [33761, 37641]}
{"completed": 31, "fold": 3, "c": 3, "inference_s": 3.7194229681044817, "native_IU": [437783, 595741], "paired_IU": [406885, 607176]}
{"completed": 32, "fold": 3, "c": 7, "inference_s": 3.4971577785909176, "native_IU": [29304, 95533], "paired_IU": [13250, 60465]}
{"completed": 33, "fold": 3, "c": 11, "inference_s": 3.8176016584038734, "native_IU": [242510, 259547], "paired_IU": [242403, 259690]}
{"completed": 34, "fold": 3, "c": 15, "inference_s": 3.678193973377347, "native_IU": [71453, 75828], "paired_IU": [70265, 75863]}
{"completed": 35, "fold": 3, "c": 19, "inference_s": 3.8011426609009504, "native_IU": [172362, 197335], "paired_IU": [178229, 204409]}
{"completed": 36, "fold": 3, "c": 23, "inference_s": 3.7907482143491507, "native_IU": [225885, 275408], "paired_IU": [230123, 280648]}
{"completed": 37, "fold": 3, "c": 27, "inference_s": 3.583490928635001, "native_IU": [19079, 53104], "paired_IU": [19103, 65869]}
{"completed": 38, "fold": 3, "c": 31, "inference_s": 3.4700106903910637, "native_IU": [6709, 52610], "paired_IU": [3273, 37850]}
{"completed": 39, "fold": 3, "c": 35, "inference_s": 3.7722148094326258, "native_IU": [8930, 9946], "paired_IU": [8925, 9899]}
{"completed": 40, "fold": 3, "c": 39, "inference_s": 3.6284067314118147, "native_IU": [6105, 27489], "paired_IU": [1084, 26159]}
