{
  "central": {
    "prompts": 70,
    "oracle_1to3_mean_iou": 0.7650372884940191,
    "policies": {
      "original_iou_head": {
        "mean_iou": 0.5380498524994987,
        "mean_boundary_iou": 0.4249112833969351,
        "mean_delta_iou": 0.0,
        "image_cluster_delta_iou_95": [
          0.0,
          0.0
        ],
        "image_cluster_delta_boundary_iou_95": [
          0.0,
          0.0
        ],
        "improved": 0,
        "worsened": 0
      },
      "matched_mean_iou_head": {
        "mean_iou": 0.5452153965971523,
        "mean_boundary_iou": 0.43176635440828764,
        "mean_delta_iou": 0.007165544097653677,
        "image_cluster_delta_iou_95": [
          0.00066374322276288,
          0.015113990199197324
        ],
        "image_cluster_delta_boundary_iou_95": [
          -0.00044732106902558184,
          0.016105187646069635
        ],
        "improved": 4,
        "worsened": 2
      },
      "matched_consistency_only": {
        "mean_iou": 0.5615861825699127,
        "mean_boundary_iou": 0.45336494092681723,
        "mean_delta_iou": 0.023536330070413964,
        "image_cluster_delta_iou_95": [
          -0.022176881564322477,
          0.061863469884966805
        ],
        "image_cluster_delta_boundary_iou_95": [
          -0.009560194374268855,
          0.0642113039013457
        ],
        "improved": 15,
        "worsened": 6
      }
    }
  },
  "near_boundary": {
    "prompts": 70,
    "oracle_1to3_mean_iou": 0.552710430147465,
    "policies": {
      "original_iou_head": {
        "mean_iou": 0.3187264276755651,
        "mean_boundary_iou": 0.28103584020607136,
        "mean_delta_iou": 0.0,
        "image_cluster_delta_iou_95": [
          0.0,
          0.0
        ],
        "image_cluster_delta_boundary_iou_95": [
          0.0,
          0.0
        ],
        "improved": 0,
        "worsened": 0
      },
      "matched_mean_iou_head": {
        "mean_iou": 0.32816272343661756,
        "mean_boundary_iou": 0.2884788893070165,
        "mean_delta_iou": 0.00943629576105245,
        "image_cluster_delta_iou_95": [
          -0.004442467089488268,
          0.035540753008270774
        ],
        "image_cluster_delta_boundary_iou_95": [
          -0.010204242782892722,
          0.033662641483238914
        ],
        "improved": 4,
        "worsened": 2
      },
      "matched_consistency_only": {
        "mean_iou": 0.3631449214605555,
        "mean_boundary_iou": 0.31054847344027275,
        "mean_delta_iou": 0.04441849378499033,
        "image_cluster_delta_iou_95": [
          -0.010006710939787986,
          0.09966654807787963
        ],
        "image_cluster_delta_boundary_iou_95": [
          -0.021852195456496658,
          0.08383339669702783
        ],
        "improved": 14,
        "worsened": 7
      }
    }
  },
  "box": {
    "prompts": 70,
    "oracle_1to3_mean_iou": 0.8395933988725915,
    "policies": {
      "original_iou_head": {
        "mean_iou": 0.8054071051450357,
        "mean_boundary_iou": 0.6896878866805294,
        "mean_delta_iou": 0.0,
        "image_cluster_delta_iou_95": [
          0.0,
          0.0
        ],
        "image_cluster_delta_boundary_iou_95": [
          0.0,
          0.0
        ],
        "improved": 0,
        "worsened": 0
      },
      "matched_mean_iou_head": {
        "mean_iou": 0.8047134548825285,
        "mean_boundary_iou": 0.6880835570511076,
        "mean_delta_iou": -0.000693650262506927,
        "image_cluster_delta_iou_95": [
          -0.008062852477446153,
          0.00750887964908342
        ],
        "image_cluster_delta_boundary_iou_95": [
          -0.008534749779384032,
          0.005685393538111765
        ],
        "improved": 7,
        "worsened": 4
      },
      "matched_consistency_only": {
        "mean_iou": 0.8078538137353916,
        "mean_boundary_iou": 0.6941354020625865,
        "mean_delta_iou": 0.002446708590355779,
        "image_cluster_delta_iou_95": [
          -0.005606894667146504,
          0.010600904039117422
        ],
        "image_cluster_delta_boundary_iou_95": [
          -0.005078474675659948,
          0.013334627099593764
        ],
        "improved": 14,
        "worsened": 14
      }
    }
  }
}
