Error importing huggingface_hub.hf_api: No module named 'httpcore2'
load <All keys matched successfully>
CRF solver: fw
x0_weight: 0.0
FrankWolfeParams: 
	 scheme:	 fixed 
	 stepsize:	 1.0 (for the 'fixed' scheme) 
	 regularizer:	 l2
	 lambda_:	 1.0
	 lambda_learnable:	 False
	 x0_weight:	 0.0
	 x0_weight_learnable:	 False
Non-trainable lambda for Frank-Wolfe: 1.0
Non-trainable x0_weight for Frank-Wolfe: 0.0
Potts: remove random weights.
Add 3.0 to spatial_weight diagonal
Add 20.0 to bilateral_weight diagonal
Add -1.0 to compatibility diagonal
{"fold": 0, "e": 11, "original_iu": {"foris_public": [138500, 156085], "midpoint_replay": [138500, 156085], "scalar_contrast": [143558, 159327], "dino_boundary": [143460, 159146], "rgb_boundary": [137392, 155722]}, "thresholds": {"midpoint_replay": 0.5, "scalar_contrast": 0.35, "dino_boundary": 0.35707069835779776, "rgb_boundary": 0.5171970753810484}}
{"fold": 0, "e": 47, "original_iu": {"foris_public": [17940, 21927], "midpoint_replay": [17940, 21927], "scalar_contrast": [14737, 21391], "dino_boundary": [13910, 21260], "rgb_boundary": [10213, 21102]}, "thresholds": {"midpoint_replay": 0.5, "scalar_contrast": 0.6100000000000001, "dino_boundary": 0.667460601137953, "rgb_boundary": 0.8887779137886731}}
{"fold": 0, "e": 9, "original_iu": {"foris_public": [52882, 69817], "midpoint_replay": [52882, 69817], "scalar_contrast": [53674, 69849], "dino_boundary": [53153, 69829], "rgb_boundary": [53153, 69829]}, "thresholds": {"midpoint_replay": 0.5, "scalar_contrast": 0.44, "dino_boundary": 0.47009967847621126, "rgb_boundary": 0.47009967847621126}}
{"fold": 0, "e": 33, "original_iu": {"foris_public": [13798, 98038], "midpoint_replay": [13798, 98038], "scalar_contrast": [16935, 117377], "dino_boundary": [16665, 115383], "rgb_boundary": [17387, 307193]}, "thresholds": {"midpoint_replay": 0.5, "scalar_contrast": 0.3, "dino_boundary": 0.34341866314368136, "rgb_boundary": 0.009294995405216423}}
{"fold": 0, "e": 58, "original_iu": {"foris_public": [6423, 8741], "midpoint_replay": [6423, 8741], "scalar_contrast": [6449, 8767], "dino_boundary": [6771, 85577], "rgb_boundary": [6748, 81734]}, "thresholds": {"midpoint_replay": 0.5, "scalar_contrast": 0.49, "dino_boundary": 0.17798983958846504, "rgb_boundary": 0.19704430013624386}}
{"fold": 0, "e": 8, "original_iu": {"foris_public": [168541, 203087], "midpoint_replay": [168541, 203087], "scalar_contrast": [181852, 205735], "dino_boundary": [181985, 206300], "rgb_boundary": [135197, 202039]}, "thresholds": {"midpoint_replay": 0.5, "scalar_contrast": 0.3, "dino_boundary": 0.24944645508926425, "rgb_boundary": 0.6845679739206483}}
{"fold": 0, "e": 81, "original_iu": {"foris_public": [10655, 18606], "midpoint_replay": [10655, 18606], "scalar_contrast": [10537, 18279], "dino_boundary": [10548, 18303], "rgb_boundary": [8724, 17447]}, "thresholds": {"midpoint_replay": 0.5, "scalar_contrast": 0.5700000000000001, "dino_boundary": 0.5585583770493744, "rgb_boundary": 0.7652514813505722}}
{"fold": 0, "e": 45, "original_iu": {"foris_public": [18319, 22351], "midpoint_replay": [18319, 22351], "scalar_contrast": [18523, 22401], "dino_boundary": [18428, 22382], "rgb_boundary": [21826, 307200]}, "thresholds": {"midpoint_replay": 0.5, "scalar_contrast": 0.42000000000000004, "dino_boundary": 0.4512763925489933, "rgb_boundary": 0.006721926982571023}}
{"fold": 0, "e": 2, "original_iu": {"foris_public": [2842, 2996], "midpoint_replay": [2842, 2996], "scalar_contrast": [2873, 3003], "dino_boundary": [2807, 2991], "rgb_boundary": [2979, 6966]}, "thresholds": {"midpoint_replay": 0.5, "scalar_contrast": 0.46, "dino_boundary": 0.6583678156407822, "rgb_boundary": 0.20150164735316392}}
{"fold": 0, "e": 3, "original_iu": {"foris_public": [4169, 31105], "midpoint_replay": [4169, 31105], "scalar_contrast": [3188, 5281], "dino_boundary": [4298, 33070], "rgb_boundary": [4657, 292480]}, "thresholds": {"midpoint_replay": 0.5, "scalar_contrast": 0.7200000000000001, "dino_boundary": 0.4033327455738867, "rgb_boundary": 0.0005069497107612059}}
{"fold": 1, "e": 5, "original_iu": {"foris_public": [32426, 58426], "midpoint_replay": [32426, 58426], "scalar_contrast": [32105, 56728], "dino_boundary": [32114, 56746], "rgb_boundary": [33458, 187491]}, "thresholds": {"midpoint_replay": 0.5, "scalar_contrast": 0.56, "dino_boundary": 0.5591578774160597, "rgb_boundary": 0.007337776774142532}}
{"fold": 1, "e": 7, "original_iu": {"foris_public": [28968, 79597], "midpoint_replay": [28968, 79597], "scalar_contrast": [27821, 33601], "dino_boundary": [27949, 33717], "rgb_boundary": [28402, 44003]}, "thresholds": {"midpoint_replay": 0.5, "scalar_contrast": 0.6500000000000001, "dino_boundary": 0.6310766736838294, "rgb_boundary": 0.5677502052760641}}
{"fold": 1, "e": 17, "original_iu": {"foris_public": [3394, 8023], "midpoint_replay": [3394, 8023], "scalar_contrast": [3409, 8134], "dino_boundary": [3408, 8097], "rgb_boundary": [3168, 7000]}, "thresholds": {"midpoint_replay": 0.5, "scalar_contrast": 0.48000000000000004, "dino_boundary": 0.48657277941395805, "rgb_boundary": 0.5938254409122938}}
{"fold": 1, "e": 6, "original_iu": {"foris_public": [49177, 167894], "midpoint_replay": [49177, 167894], "scalar_contrast": [58902, 190448], "dino_boundary": [58994, 190520], "rgb_boundary": [85269, 195377]}, "thresholds": {"midpoint_replay": 0.5, "scalar_contrast": 0.33999999999999997, "dino_boundary": 0.33665881275713505, "rgb_boundary": 0.22531357516400538}}
{"fold": 1, "e": 43, "original_iu": {"foris_public": [4783, 6226], "midpoint_replay": [4783, 6226], "scalar_contrast": [4803, 6244], "dino_boundary": [4817, 6249], "rgb_boundary": [12, 5877]}, "thresholds": {"midpoint_replay": 0.5, "scalar_contrast": 0.49, "dino_boundary": 0.4806891029561907, "rgb_boundary": 0.9768380719498396}}
{"fold": 1, "e": 2, "original_iu": {"foris_public": [89556, 94371], "midpoint_replay": [89556, 94371], "scalar_contrast": [90347, 95439], "dino_boundary": [90475, 95688], "rgb_boundary": [1157, 91947]}, "thresholds": {"midpoint_replay": 0.5, "scalar_contrast": 0.3, "dino_boundary": 0.2778449172608873, "rgb_boundary": 0.9538692361021301}}
{"fold": 1, "e": 8, "original_iu": {"foris_public": [13527, 16113], "midpoint_replay": [13527, 16113], "scalar_contrast": [13575, 16172], "dino_boundary": [13222, 15834], "rgb_boundary": [0, 15507]}, "thresholds": {"midpoint_replay": 0.5, "scalar_contrast": 0.47000000000000003, "dino_boundary": 0.7420476817972801, "rgb_boundary": 0.9997055227544138}}
{"fold": 1, "e": 22, "original_iu": {"foris_public": [2648, 3029], "midpoint_replay": [2648, 3029], "scalar_contrast": [2576, 2981], "dino_boundary": [2549, 2972], "rgb_boundary": [0, 2864]}, "thresholds": {"midpoint_replay": 0.5, "scalar_contrast": 0.6000000000000001, "dino_boundary": 0.6436675461570864, "rgb_boundary": 0.9878335219327667}}
{"fold": 1, "e": 42, "original_iu": {"foris_public": [1764, 2847], "midpoint_replay": [1764, 2847], "scalar_contrast": [862, 2591], "dino_boundary": [335, 2522], "rgb_boundary": [2487, 79008]}, "thresholds": {"midpoint_replay": 0.5, "scalar_contrast": 0.6400000000000001, "dino_boundary": 0.8820809566822299, "rgb_boundary": 0.1626434676655261}}
{"fold": 1, "e": 44, "original_iu": {"foris_public": [2575, 3831], "midpoint_replay": [2575, 3831], "scalar_contrast": [2513, 3354], "dino_boundary": [2498, 3349], "rgb_boundary": [2896, 272105]}, "thresholds": {"midpoint_replay": 0.5, "scalar_contrast": 0.76, "dino_boundary": 0.8171274209323888, "rgb_boundary": 0.007738632872036769}}
{"fold": 2, "e": 3, "original_iu": {"foris_public": [5071, 8419], "midpoint_replay": [5071, 8419], "scalar_contrast": [4990, 8342], "dino_boundary": [4852, 8239], "rgb_boundary": [7522, 144374]}, "thresholds": {"midpoint_replay": 0.5, "scalar_contrast": 0.54, "dino_boundary": 0.5943631310110763, "rgb_boundary": 0.06102681089188462}}
{"fold": 2, "e": 5, "original_iu": {"foris_public": [79613, 95841], "midpoint_replay": [79613, 95841], "scalar_contrast": [82251, 100384], "dino_boundary": [24544, 84072], "rgb_boundary": [82596, 100923]}, "thresholds": {"midpoint_replay": 0.5, "scalar_contrast": 0.3, "dino_boundary": 0.8336402781120135, "rgb_boundary": 0.27374253207159127}}
{"fold": 2, "e": 34, "original_iu": {"foris_public": [56225, 64773], "midpoint_replay": [56225, 64773], "scalar_contrast": [57154, 65381], "dino_boundary": [57015, 65264], "rgb_boundary": [55483, 64595]}, "thresholds": {"midpoint_replay": 0.5, "scalar_contrast": 0.32, "dino_boundary": 0.34148694169662586, "rgb_boundary": 0.6089584317919899}}
{"fold": 2, "e": 1, "original_iu": {"foris_public": [62651, 91560], "midpoint_replay": [62651, 91560], "scalar_contrast": [77136, 99108], "dino_boundary": [77373, 102409], "rgb_boundary": [77580, 125480]}, "thresholds": {"midpoint_replay": 0.5, "scalar_contrast": 0.3, "dino_boundary": 0.25314106582444973, "rgb_boundary": 0.15500772032028198}}
{"fold": 2, "e": 2, "original_iu": {"foris_public": [26685, 29641], "midpoint_replay": [26685, 29641], "scalar_contrast": [27335, 30623], "dino_boundary": [27032, 30023], "rgb_boundary": [22861, 28921]}, "thresholds": {"midpoint_replay": 0.5, "scalar_contrast": 0.32, "dino_boundary": 0.4007305011326442, "rgb_boundary": 0.7784398476286207}}
{"fold": 2, "e": 44, "original_iu": {"foris_public": [102375, 110691], "midpoint_replay": [102375, 110691], "scalar_contrast": [106058, 115191], "dino_boundary": [104238, 112071], "rgb_boundary": [104179, 112009]}, "thresholds": {"midpoint_replay": 0.5, "scalar_contrast": 0.3, "dino_boundary": 0.4152205552266564, "rgb_boundary": 0.41913323400199975}}
{"fold": 2, "e": 8, "original_iu": {"foris_public": [6947, 51806], "midpoint_replay": [6947, 51806], "scalar_contrast": [7123, 61445], "dino_boundary": [7220, 65004], "rgb_boundary": [7170, 62591]}, "thresholds": {"midpoint_replay": 0.5, "scalar_contrast": 0.3, "dino_boundary": 0.19476884160623364, "rgb_boundary": 0.2555818767513749}}
{"fold": 2, "e": 9, "original_iu": {"foris_public": [7123, 12885], "midpoint_replay": [7123, 12885], "scalar_contrast": [6423, 10018], "dino_boundary": [7710, 206657], "rgb_boundary": [0, 7710]}, "thresholds": {"midpoint_replay": 0.5, "scalar_contrast": 0.68, "dino_boundary": 0.11901209840542541, "rgb_boundary": 0.9959118196730425}}
{"fold": 2, "e": 4, "original_iu": {"foris_public": [2467, 7264], "midpoint_replay": [2467, 7264], "scalar_contrast": [1789, 3041], "dino_boundary": [1950, 3082], "rgb_boundary": [2578, 12106]}, "thresholds": {"midpoint_replay": 0.5, "scalar_contrast": 0.8, "dino_boundary": 0.7500158018372965, "rgb_boundary": 0.4377116109458654}}
{"fold": 2, "e": 25, "original_iu": {"foris_public": [7853, 9944], "midpoint_replay": [7853, 9944], "scalar_contrast": [7824, 9545], "dino_boundary": [8107, 57460], "rgb_boundary": [7975, 11717]}, "thresholds": {"midpoint_replay": 0.5, "scalar_contrast": 0.52, "dino_boundary": 0.14953201685386358, "rgb_boundary": 0.37323770683601054}}
{"fold": 3, "e": 1, "original_iu": {"foris_public": [116417, 155960], "midpoint_replay": [116417, 155960], "scalar_contrast": [121414, 158461], "dino_boundary": [121079, 158201], "rgb_boundary": [0, 144201]}, "thresholds": {"midpoint_replay": 0.5, "scalar_contrast": 0.37, "dino_boundary": 0.37966874927584937, "rgb_boundary": 0.9941945094270381}}
{"fold": 3, "e": 8, "original_iu": {"foris_public": [8595, 27439], "midpoint_replay": [8595, 27439], "scalar_contrast": [8282, 14614], "dino_boundary": [8229, 14614], "rgb_boundary": [8229, 14614]}, "thresholds": {"midpoint_replay": 0.5, "scalar_contrast": 0.7000000000000001, "dino_boundary": 0.7280302868777955, "rgb_boundary": 0.7280302868777955}}
{"fold": 3, "e": 37, "original_iu": {"foris_public": [62745, 67094], "midpoint_replay": [62745, 67094], "scalar_contrast": [64106, 68016], "dino_boundary": [63979, 67895], "rgb_boundary": [63979, 67895]}, "thresholds": {"midpoint_replay": 0.5, "scalar_contrast": 0.3, "dino_boundary": 0.3132053949493864, "rgb_boundary": 0.3132053949493864}}
{"fold": 3, "e": 3, "original_iu": {"foris_public": [12808, 13628], "midpoint_replay": [12808, 13628], "scalar_contrast": [13019, 14170], "dino_boundary": [12593, 13489], "rgb_boundary": [79, 13150]}, "thresholds": {"midpoint_replay": 0.5, "scalar_contrast": 0.33, "dino_boundary": 0.5849456344737556, "rgb_boundary": 0.9901331281087953}}
{"fold": 3, "e": 29, "original_iu": {"foris_public": [50215, 57764], "midpoint_replay": [50215, 57764], "scalar_contrast": [52356, 58209], "dino_boundary": [50071, 57711], "rgb_boundary": [19874, 56776]}, "thresholds": {"midpoint_replay": 0.5, "scalar_contrast": 0.39, "dino_boundary": 0.5126529477224651, "rgb_boundary": 0.8507710229179143}}
{"fold": 3, "e": 13, "original_iu": {"foris_public": [58903, 71811], "midpoint_replay": [58903, 71811], "scalar_contrast": [58810, 71745], "dino_boundary": [58763, 71707], "rgb_boundary": [8341, 68157]}, "thresholds": {"midpoint_replay": 0.5, "scalar_contrast": 0.51, "dino_boundary": 0.5154145866984908, "rgb_boundary": 0.9350739273208916}}
{"fold": 3, "e": 28, "original_iu": {"foris_public": [2482, 6821], "midpoint_replay": [2482, 6821], "scalar_contrast": [2477, 5359], "dino_boundary": [2487, 86725], "rgb_boundary": [2324, 2718]}, "thresholds": {"midpoint_replay": 0.5, "scalar_contrast": 0.6000000000000001, "dino_boundary": 0.11773551311759406, "rgb_boundary": 0.8467210647371235}}
{"fold": 3, "e": 2, "original_iu": {"foris_public": [1351, 10111], "midpoint_replay": [1351, 10111], "scalar_contrast": [1164, 9294], "dino_boundary": [1736, 12195], "rgb_boundary": [1690, 12037]}, "thresholds": {"midpoint_replay": 0.5, "scalar_contrast": 0.5900000000000001, "dino_boundary": 0.360771008196989, "rgb_boundary": 0.3785229568087352}}
{"fold": 3, "e": 5, "original_iu": {"foris_public": [2309, 2572], "midpoint_replay": [2309, 2572], "scalar_contrast": [2288, 2539], "dino_boundary": [2251, 2497], "rgb_boundary": [2072, 2434]}, "thresholds": {"midpoint_replay": 0.5, "scalar_contrast": 0.5700000000000001, "dino_boundary": 0.640058981888914, "rgb_boundary": 0.8339359879040875}}
{"fold": 3, "e": 15, "original_iu": {"foris_public": [2814, 6740], "midpoint_replay": [2814, 6740], "scalar_contrast": [274, 6275], "dino_boundary": [265, 6214], "rgb_boundary": [0, 5392]}, "thresholds": {"midpoint_replay": 0.5, "scalar_contrast": 0.67, "dino_boundary": 0.6874503691276765, "rgb_boundary": 0.9310434873587845}}
