{
  "status": "COMPLETE",
  "performance_scope": "Random fixed weights and synthetic encoded image, complete four-mask/four-IoU decoder; encoder, prompt encoder, final resize, persistence and cross-microbatch concatenation excluded equally",
  "round_contract": "Same fixture; reverse arm order in round 2. These are measurement rounds, not independent seeds.",
  "results": [
    {
      "microbatch": 8,
      "arm": "cached_merged_control",
      "rounds": 2,
      "numeric_passed_and_complete": true,
      "warm_median_ms_per_round": [
        51.35183874517679,
        52.526930347085
      ],
      "mean_of_round_medians_ms": 51.939384546130896,
      "cold_mean_of_round_medians_ms": 55.30885327607393,
      "peak_allocated_bytes": 197688832,
      "persistent_cache_bytes": 36572672
    },
    {
      "microbatch": 8,
      "arm": "cached_merged_phase_explicit",
      "rounds": 2,
      "numeric_passed_and_complete": true,
      "warm_median_ms_per_round": [
        47.42037318646908,
        47.1353055909276
      ],
      "mean_of_round_medians_ms": 47.27783938869834,
      "cold_mean_of_round_medians_ms": 49.41641399636865,
      "peak_allocated_bytes": 197722112,
      "persistent_cache_bytes": 36605952
    },
    {
      "microbatch": 8,
      "arm": "cached_merged_phase_sdpa",
      "rounds": 2,
      "numeric_passed_and_complete": true,
      "warm_median_ms_per_round": [
        54.40210923552513,
        54.58286963403225
      ],
      "mean_of_round_medians_ms": 54.49248943477869,
      "cold_mean_of_round_medians_ms": 55.25479558855295,
      "peak_allocated_bytes": 204402688,
      "persistent_cache_bytes": 36605952
    },
    {
      "microbatch": 8,
      "arm": "dense_phase_associated",
      "rounds": 2,
      "numeric_passed_and_complete": true,
      "warm_median_ms_per_round": [
        50.64436513930559,
        51.65822058916092
      ],
      "mean_of_round_medians_ms": 51.151292864233255,
      "cold_mean_of_round_medians_ms": 50.56990263983607,
      "peak_allocated_bytes": 165416448,
      "persistent_cache_bytes": 14976512
    },
    {
      "microbatch": 8,
      "arm": "dense_phase_projected",
      "rounds": 2,
      "numeric_passed_and_complete": true,
      "warm_median_ms_per_round": [
        49.848576076328754,
        50.05338601768017
      ],
      "mean_of_round_medians_ms": 49.95098104700446,
      "cold_mean_of_round_medians_ms": 46.749746426939964,
      "peak_allocated_bytes": 162850304,
      "persistent_cache_bytes": 21267968
    },
    {
      "microbatch": 8,
      "arm": "factor_implicit_phase",
      "rounds": 2,
      "numeric_passed_and_complete": true,
      "warm_median_ms_per_round": [
        64.26368933171034,
        63.55377193540335
      ],
      "mean_of_round_medians_ms": 63.90873063355684,
      "cold_mean_of_round_medians_ms": 64.71074000000954,
      "peak_allocated_bytes": 179235840,
      "persistent_cache_bytes": 35948032
    },
    {
      "microbatch": 8,
      "arm": "factor_merged_phase",
      "rounds": 2,
      "numeric_passed_and_complete": true,
      "warm_median_ms_per_round": [
        56.43116030842066,
        57.20073822885752
      ],
      "mean_of_round_medians_ms": 56.81594926863909,
      "cold_mean_of_round_medians_ms": 54.11141971126199,
      "peak_allocated_bytes": 226287616,
      "persistent_cache_bytes": 51286016
    },
    {
      "microbatch": 8,
      "arm": "factor_phase",
      "rounds": 2,
      "numeric_passed_and_complete": true,
      "warm_median_ms_per_round": [
        62.191229313611984,
        56.83318991214037
      ],
      "mean_of_round_medians_ms": 59.51220961287618,
      "cold_mean_of_round_medians_ms": 59.87948831170797,
      "peak_allocated_bytes": 210949632,
      "persistent_cache_bytes": 35948032
    },
    {
      "microbatch": 128,
      "arm": "cached_merged_control",
      "rounds": 2,
      "numeric_passed_and_complete": true,
      "warm_median_ms_per_round": [
        51.004862412810326,
        51.11524369567633
      ],
      "mean_of_round_medians_ms": 51.060053054243326,
      "cold_mean_of_round_medians_ms": 51.69337382540107,
      "peak_allocated_bytes": 2113326592,
      "persistent_cache_bytes": 36572672
    },
    {
      "microbatch": 128,
      "arm": "cached_merged_phase_explicit",
      "rounds": 2,
      "numeric_passed_and_complete": true,
      "warm_median_ms_per_round": [
        45.62387429177761,
        46.50046303868294
      ],
      "mean_of_round_medians_ms": 46.062168665230274,
      "cold_mean_of_round_medians_ms": 46.753788366913795,
      "peak_allocated_bytes": 2113359872,
      "persistent_cache_bytes": 36605952
    },
    {
      "microbatch": 128,
      "arm": "cached_merged_phase_sdpa",
      "rounds": 2,
      "numeric_passed_and_complete": true,
      "warm_median_ms_per_round": [
        50.35759322345257,
        50.73440168052912
      ],
      "mean_of_round_medians_ms": 50.54599745199084,
      "cold_mean_of_round_medians_ms": 51.01710511371493,
      "peak_allocated_bytes": 2220249088,
      "persistent_cache_bytes": 36605952
    },
    {
      "microbatch": 128,
      "arm": "dense_phase_associated",
      "rounds": 2,
      "numeric_passed_and_complete": true,
      "warm_median_ms_per_round": [
        35.92641185969114,
        35.94320546835661
      ],
      "mean_of_round_medians_ms": 35.934808664023876,
      "cold_mean_of_round_medians_ms": 36.33358748629689,
      "peak_allocated_bytes": 1920906752,
      "persistent_cache_bytes": 14976512
    },
    {
      "microbatch": 128,
      "arm": "dense_phase_projected",
      "rounds": 2,
      "numeric_passed_and_complete": true,
      "warm_median_ms_per_round": [
        45.927117578685284,
        45.965731143951416
      ],
      "mean_of_round_medians_ms": 45.94642436131835,
      "cold_mean_of_round_medians_ms": 46.565155033022165,
      "peak_allocated_bytes": 1785480704,
      "persistent_cache_bytes": 21267968
    },
    {
      "microbatch": 128,
      "arm": "factor_implicit_phase",
      "rounds": 2,
      "numeric_passed_and_complete": true,
      "warm_median_ms_per_round": [
        33.56816340237856,
        33.61788112670183
      ],
      "mean_of_round_medians_ms": 33.593022264540195,
      "cold_mean_of_round_medians_ms": 34.30981654673815,
      "peak_allocated_bytes": 1827751424,
      "persistent_cache_bytes": 35948032
    },
    {
      "microbatch": 128,
      "arm": "factor_merged_phase",
      "rounds": 2,
      "numeric_passed_and_complete": true,
      "warm_median_ms_per_round": [
        40.50601925700903,
        40.49871489405632
      ],
      "mean_of_round_medians_ms": 40.502367075532675,
      "cold_mean_of_round_medians_ms": 41.31943406537175,
      "peak_allocated_bytes": 2350206976,
      "persistent_cache_bytes": 51286016
    },
    {
      "microbatch": 128,
      "arm": "factor_phase",
      "rounds": 2,
      "numeric_passed_and_complete": true,
      "warm_median_ms_per_round": [
        37.38823998719454,
        37.41058520972729
      ],
      "mean_of_round_medians_ms": 37.39941259846091,
      "cold_mean_of_round_medians_ms": 38.142194505780935,
      "peak_allocated_bytes": 2334868992,
      "persistent_cache_bytes": 35948032
    }
  ],
  "comparisons": [
    {
      "microbatch": 8,
      "fastest_measured_dense": {
        "microbatch": 8,
        "arm": "cached_merged_phase_explicit",
        "rounds": 2,
        "numeric_passed_and_complete": true,
        "warm_median_ms_per_round": [
          47.42037318646908,
          47.1353055909276
        ],
        "mean_of_round_medians_ms": 47.27783938869834,
        "cold_mean_of_round_medians_ms": 49.41641399636865,
        "peak_allocated_bytes": 197722112,
        "persistent_cache_bytes": 36605952
      },
      "fastest_measured_factor": {
        "microbatch": 8,
        "arm": "factor_merged_phase",
        "rounds": 2,
        "numeric_passed_and_complete": true,
        "warm_median_ms_per_round": [
          56.43116030842066,
          57.20073822885752
        ],
        "mean_of_round_medians_ms": 56.81594926863909,
        "cold_mean_of_round_medians_ms": 54.11141971126199,
        "peak_allocated_bytes": 226287616,
        "persistent_cache_bytes": 51286016
      },
      "factor_latency_reduction_percent": -20.174589201343274,
      "per_round_latency_reduction_percent": [
        -19.00193211579937,
        -21.354338349441537
      ]
    },
    {
      "microbatch": 128,
      "fastest_measured_dense": {
        "microbatch": 128,
        "arm": "dense_phase_associated",
        "rounds": 2,
        "numeric_passed_and_complete": true,
        "warm_median_ms_per_round": [
          35.92641185969114,
          35.94320546835661
        ],
        "mean_of_round_medians_ms": 35.934808664023876,
        "cold_mean_of_round_medians_ms": 36.33358748629689,
        "peak_allocated_bytes": 1920906752,
        "persistent_cache_bytes": 14976512
      },
      "fastest_measured_factor": {
        "microbatch": 128,
        "arm": "factor_implicit_phase",
        "rounds": 2,
        "numeric_passed_and_complete": true,
        "warm_median_ms_per_round": [
          33.56816340237856,
          33.61788112670183
        ],
        "mean_of_round_medians_ms": 33.593022264540195,
        "cold_mean_of_round_medians_ms": 34.30981654673815,
        "peak_allocated_bytes": 1827751424,
        "persistent_cache_bytes": 35948032
      },
      "factor_latency_reduction_percent": 6.516763234718869,
      "per_round_latency_reduction_percent": [
        6.56410795078175,
        6.469440639349566
      ]
    }
  ],
  "real_numeric": {
    "real_original": {
      "status": "FAILED_DIAGNOSTIC_OUTPUTS_ONLY",
      "numeric_status": "FAILED",
      "images": 24,
      "records": 288,
      "failed_records": 216,
      "max_mask_logit_error": 0.014517784118652344,
      "max_iou_prediction_error": 6.866455078125e-05,
      "total_binary_pixel_flips": 178,
      "argmax_changes": 0
    },
    "real_new_arms": {
      "status": "FAILED_DIAGNOSTIC_OUTPUTS_ONLY",
      "numeric_status": "FAILED",
      "images": 24,
      "records": 576,
      "failed_records": 576,
      "max_mask_logit_error": 0.01451873779296875,
      "max_iou_prediction_error": 8.916854858398438e-05,
      "total_binary_pixel_flips": 468,
      "argmax_changes": 0
    }
  }
}
