/root/demo4_cache/env/timm/models/layers/__init__.py:49: FutureWarning: Importing from timm.models.layers is deprecated, please import via timm.layers
  warnings.warn(f"Importing from {__name__} is deprecated, please import via timm.layers", FutureWarning)
/root/autodl-tmp/demo9_transductive_ics/scripts/sam3_stitch.py:70: UserWarning: A NumPy version >=2.0.0 and <2.8.0 is required for this version of SciPy (detected version 1.26.4)
  from scipy import ndimage
Traceback (most recent call last):
  File "/root/autodl-tmp/demo9_transductive_ics/scripts/sam3_stitch.py", line 797, in <module>
    main()
  File "/root/autodl-tmp/demo9_transductive_ics/scripts/sam3_stitch.py", line 793, in main
    (cleanup_candidates if a.cleanup_candidates else preflight if a.preflight else merge if a.merge else score if a.score else work)(a)
  File "/root/autodl-tmp/demo9_transductive_ics/scripts/sam3_stitch.py", line 383, in work
    rec, packed = infer_episode(run, ref, query, ref_mask, c, random.Random(i))
                  ^^^^^^^^^^^^^^^^^^^^^^^^^^^^^^^^^^^^^^^^^^^^^^^^^^^^^^^^^^^^^
  File "/root/autodl-tmp/demo9_transductive_ics/scripts/sam3_stitch.py", line 161, in infer_episode
    union, prob, raw, kept, presence = run(canvas, box, NAMES[c] if arm == "text" else None)
                                       ^^^^^^^^^^^^^^^^^^^^^^^^^^^^^^^^^^^^^^^^^^^^^^^^^^^^^
  File "/root/autodl-tmp/demo9_transductive_ics/scripts/sam3_stitch.py", line 117, in __call__
    state = p.set_image(canvas)
            ^^^^^^^^^^^^^^^^^^^
  File "/root/miniconda3/lib/python3.12/site-packages/torch/utils/_contextlib.py", line 124, in decorate_context
    return func(*args, **kwargs)
           ^^^^^^^^^^^^^^^^^^^^^
  File "/root/autodl-tmp/sam3_preparation/code/sam3/model/sam3_image_processor.py", line 59, in set_image
    state["backbone_out"] = self.model.backbone.forward_image(image)
                            ^^^^^^^^^^^^^^^^^^^^^^^^^^^^^^^^^^^^^^^^
  File "/root/autodl-tmp/sam3_preparation/code/sam3/model/vl_combiner.py", line 82, in forward_image
    return activation_ckpt_wrapper(self._forward_image_no_act_ckpt)(
           ^^^^^^^^^^^^^^^^^^^^^^^^^^^^^^^^^^^^^^^^^^^^^^^^^^^^^^^^^
  File "/root/autodl-tmp/sam3_preparation/code/sam3/model/act_ckpt_utils.py", line 88, in act_ckpt_wrapper
    ret = module(*args, **kwargs)
          ^^^^^^^^^^^^^^^^^^^^^^^
  File "/root/autodl-tmp/sam3_preparation/code/sam3/model/vl_combiner.py", line 89, in _forward_image_no_act_ckpt
    sam3_features, sam3_pos, sam2_features, sam2_pos = self.vision_backbone.forward(
                                                       ^^^^^^^^^^^^^^^^^^^^^^^^^^^^^
  File "/root/autodl-tmp/sam3_preparation/code/sam3/model/necks.py", line 111, in forward
    xs = self.trunk(tensor_list)
         ^^^^^^^^^^^^^^^^^^^^^^^
  File "/root/miniconda3/lib/python3.12/site-packages/torch/nn/modules/module.py", line 1778, in _wrapped_call_impl
    return self._call_impl(*args, **kwargs)
           ^^^^^^^^^^^^^^^^^^^^^^^^^^^^^^^^
  File "/root/miniconda3/lib/python3.12/site-packages/torch/nn/modules/module.py", line 1789, in _call_impl
    return forward_call(*args, **kwargs)
           ^^^^^^^^^^^^^^^^^^^^^^^^^^^^^
  File "/root/autodl-tmp/sam3_preparation/code/sam3/model/vitdet.py", line 1004, in forward
    x = blk(x)
        ^^^^^^
  File "/root/miniconda3/lib/python3.12/site-packages/torch/nn/modules/module.py", line 1778, in _wrapped_call_impl
    return self._call_impl(*args, **kwargs)
           ^^^^^^^^^^^^^^^^^^^^^^^^^^^^^^^^
  File "/root/miniconda3/lib/python3.12/site-packages/torch/nn/modules/module.py", line 1789, in _call_impl
    return forward_call(*args, **kwargs)
           ^^^^^^^^^^^^^^^^^^^^^^^^^^^^^
  File "/root/autodl-tmp/sam3_preparation/code/sam3/model/vitdet.py", line 754, in forward
    x = x + self.dropout(self.drop_path(self.ls2(self.mlp(self.norm2(x)))))
                                                 ^^^^^^^^^^^^^^^^^^^^^^^
  File "/root/miniconda3/lib/python3.12/site-packages/torch/nn/modules/module.py", line 1778, in _wrapped_call_impl
    return self._call_impl(*args, **kwargs)
           ^^^^^^^^^^^^^^^^^^^^^^^^^^^^^^^^
  File "/root/miniconda3/lib/python3.12/site-packages/torch/nn/modules/module.py", line 1789, in _call_impl
    return forward_call(*args, **kwargs)
           ^^^^^^^^^^^^^^^^^^^^^^^^^^^^^
  File "/root/autodl-tmp/sam3_preparation/code/sam3/model/vitdet.py", line 74, in forward
    x = self.fc2(x)
        ^^^^^^^^^^^
  File "/root/miniconda3/lib/python3.12/site-packages/torch/nn/modules/module.py", line 1778, in _wrapped_call_impl
    return self._call_impl(*args, **kwargs)
           ^^^^^^^^^^^^^^^^^^^^^^^^^^^^^^^^
  File "/root/miniconda3/lib/python3.12/site-packages/torch/nn/modules/module.py", line 1789, in _call_impl
    return forward_call(*args, **kwargs)
           ^^^^^^^^^^^^^^^^^^^^^^^^^^^^^
  File "/root/miniconda3/lib/python3.12/site-packages/torch/nn/modules/linear.py", line 134, in forward
    return F.linear(input, self.weight, self.bias)
           ^^^^^^^^^^^^^^^^^^^^^^^^^^^^^^^^^^^^^^^
RuntimeError: mat1 and mat2 must have the same dtype, but got BFloat16 and Float
