loading annotations into memory...
Done (t=3.05s)
creating index...
index created!
Dataset Initialized: Fold 0, total 1000 episodes.
{"state": "AUTHOR200_CASE_COMPLETED", "cases": 1, "fold": 0, "episode": 0, "IU": {"author_standard": [69706, 72581], "legacy_same_instance_box": [69706, 72581], "author_mining_maxneg0": [69719, 72602]}, "wall_seconds": 1.8246616031974554}
{"state": "AUTHOR200_CASE_COMPLETED", "cases": 2, "fold": 0, "episode": 1, "IU": {"author_standard": [48495, 59484], "legacy_same_instance_box": [48495, 59484], "author_mining_maxneg0": [48509, 59623]}, "wall_seconds": 1.089235307648778}
{"state": "AUTHOR200_CASE_COMPLETED", "cases": 3, "fold": 0, "episode": 2, "IU": {"author_standard": [4926, 9962], "legacy_same_instance_box": [4926, 9962], "author_mining_maxneg0": [4935, 9991]}, "wall_seconds": 1.0946499183773994}
{"state": "AUTHOR200_CASE_COMPLETED", "cases": 4, "fold": 0, "episode": 3, "IU": {"author_standard": [686, 962], "legacy_same_instance_box": [686, 962], "author_mining_maxneg0": [686, 955]}, "wall_seconds": 1.1072158347815275}
{"state": "AUTHOR200_CASE_COMPLETED", "cases": 5, "fold": 0, "episode": 4, "IU": {"author_standard": [19599, 21875], "legacy_same_instance_box": [19599, 21875], "author_mining_maxneg0": [19595, 21881]}, "wall_seconds": 1.0883910860866308}
{"state": "AUTHOR200_CASE_COMPLETED", "cases": 6, "fold": 0, "episode": 5, "IU": {"author_standard": [0, 32420], "legacy_same_instance_box": [0, 32420], "author_mining_maxneg0": [0, 32420]}, "wall_seconds": 1.092498391866684}
{"state": "AUTHOR200_CASE_COMPLETED", "cases": 7, "fold": 0, "episode": 6, "IU": {"author_standard": [190135, 200049], "legacy_same_instance_box": [190135, 200049], "author_mining_maxneg0": [190186, 200079]}, "wall_seconds": 1.0678700935095549}
{"state": "AUTHOR200_CASE_COMPLETED", "cases": 8, "fold": 0, "episode": 7, "IU": {"author_standard": [9381, 18270], "legacy_same_instance_box": [9381, 18270], "author_mining_maxneg0": [9439, 18265]}, "wall_seconds": 1.0710380673408508}
{"state": "AUTHOR200_CASE_COMPLETED", "cases": 9, "fold": 0, "episode": 8, "IU": {"author_standard": [0, 134], "legacy_same_instance_box": [0, 134], "author_mining_maxneg0": [0, 134]}, "wall_seconds": 1.064540984109044}
{"state": "AUTHOR200_CASE_COMPLETED", "cases": 10, "fold": 0, "episode": 9, "IU": {"author_standard": [0, 1391], "legacy_same_instance_box": [0, 1391], "author_mining_maxneg0": [0, 1391]}, "wall_seconds": 1.063488446176052}
{"state": "AUTHOR200_CASE_COMPLETED", "cases": 11, "fold": 0, "episode": 10, "IU": {"author_standard": [0, 45], "legacy_same_instance_box": [0, 45], "author_mining_maxneg0": [0, 45]}, "wall_seconds": 1.0537011120468378}
{"state": "AUTHOR200_CASE_COMPLETED", "cases": 12, "fold": 0, "episode": 11, "IU": {"author_standard": [24156, 26805], "legacy_same_instance_box": [24156, 26805], "author_mining_maxneg0": [24148, 26802]}, "wall_seconds": 1.0609947759658098}
{"state": "AUTHOR200_CASE_COMPLETED", "cases": 13, "fold": 0, "episode": 12, "IU": {"author_standard": [0, 9331], "legacy_same_instance_box": [0, 9331], "author_mining_maxneg0": [2761, 9331]}, "wall_seconds": 1.0841623898595572}
{"state": "AUTHOR200_CASE_COMPLETED", "cases": 14, "fold": 0, "episode": 13, "IU": {"author_standard": [425, 504], "legacy_same_instance_box": [425, 504], "author_mining_maxneg0": [425, 504]}, "wall_seconds": 1.0563950780779123}
{"state": "AUTHOR200_CASE_COMPLETED", "cases": 15, "fold": 0, "episode": 14, "IU": {"author_standard": [89406, 93682], "legacy_same_instance_box": [89406, 93682], "author_mining_maxneg0": [89406, 93594]}, "wall_seconds": 1.0549818389117718}
{"state": "AUTHOR200_CASE_COMPLETED", "cases": 16, "fold": 0, "episode": 15, "IU": {"author_standard": [77921, 81458], "legacy_same_instance_box": [77921, 81458], "author_mining_maxneg0": [0, 79400]}, "wall_seconds": 1.083944035694003}
{"state": "AUTHOR200_CASE_COMPLETED", "cases": 17, "fold": 0, "episode": 16, "IU": {"author_standard": [14960, 37523], "legacy_same_instance_box": [14960, 37523], "author_mining_maxneg0": [14950, 37551]}, "wall_seconds": 1.063086399808526}
{"state": "AUTHOR200_CASE_COMPLETED", "cases": 18, "fold": 0, "episode": 17, "IU": {"author_standard": [2907, 3170], "legacy_same_instance_box": [2907, 3170], "author_mining_maxneg0": [2920, 3201]}, "wall_seconds": 1.0649260599166155}
{"state": "AUTHOR200_CASE_COMPLETED", "cases": 19, "fold": 0, "episode": 18, "IU": {"author_standard": [0, 20781], "legacy_same_instance_box": [0, 20781], "author_mining_maxneg0": [0, 20781]}, "wall_seconds": 1.0836769472807646}
{"state": "AUTHOR200_CASE_COMPLETED", "cases": 20, "fold": 0, "episode": 19, "IU": {"author_standard": [0, 6425], "legacy_same_instance_box": [0, 6425], "author_mining_maxneg0": [0, 6411]}, "wall_seconds": 1.0982106775045395}
{"state": "AUTHOR200_CASE_COMPLETED", "cases": 21, "fold": 0, "episode": 20, "IU": {"author_standard": [2634, 2931], "legacy_same_instance_box": [2634, 2931], "author_mining_maxneg0": [2635, 2932]}, "wall_seconds": 1.0649895016103983}
{"state": "AUTHOR200_CASE_COMPLETED", "cases": 22, "fold": 0, "episode": 21, "IU": {"author_standard": [27056, 35693], "legacy_same_instance_box": [27056, 35693], "author_mining_maxneg0": [27097, 36311]}, "wall_seconds": 1.0767976939678192}
{"state": "AUTHOR200_CASE_COMPLETED", "cases": 23, "fold": 0, "episode": 22, "IU": {"author_standard": [29995, 254403], "legacy_same_instance_box": [29995, 254403], "author_mining_maxneg0": [29147, 254110]}, "wall_seconds": 1.063023580238223}
{"state": "AUTHOR200_CASE_COMPLETED", "cases": 24, "fold": 0, "episode": 23, "IU": {"author_standard": [2499, 2631], "legacy_same_instance_box": [2499, 2631], "author_mining_maxneg0": [2498, 2629]}, "wall_seconds": 1.0616100281476974}
{"state": "AUTHOR200_CASE_COMPLETED", "cases": 25, "fold": 0, "episode": 24, "IU": {"author_standard": [8014, 10572], "legacy_same_instance_box": [8014, 10572], "author_mining_maxneg0": [8008, 10587]}, "wall_seconds": 1.0611269380897284}
{"state": "AUTHOR200_CASE_COMPLETED", "cases": 26, "fold": 0, "episode": 25, "IU": {"author_standard": [247, 325], "legacy_same_instance_box": [247, 325], "author_mining_maxneg0": [247, 325]}, "wall_seconds": 1.1099925376474857}
{"state": "AUTHOR200_CASE_COMPLETED", "cases": 27, "fold": 0, "episode": 26, "IU": {"author_standard": [0, 10193], "legacy_same_instance_box": [0, 10193], "author_mining_maxneg0": [0, 10193]}, "wall_seconds": 1.078585946932435}
{"state": "AUTHOR200_CASE_COMPLETED", "cases": 28, "fold": 0, "episode": 27, "IU": {"author_standard": [0, 54], "legacy_same_instance_box": [0, 54], "author_mining_maxneg0": [0, 54]}, "wall_seconds": 1.0795568898320198}
{"state": "AUTHOR200_CASE_COMPLETED", "cases": 29, "fold": 0, "episode": 28, "IU": {"author_standard": [19094, 20139], "legacy_same_instance_box": [19094, 20139], "author_mining_maxneg0": [19091, 20135]}, "wall_seconds": 1.084144113585353}
{"state": "AUTHOR200_CASE_COMPLETED", "cases": 30, "fold": 0, "episode": 29, "IU": {"author_standard": [178659, 211687], "legacy_same_instance_box": [178659, 211687], "author_mining_maxneg0": [178433, 211818]}, "wall_seconds": 1.0652042739093304}
{"state": "AUTHOR200_CASE_COMPLETED", "cases": 31, "fold": 0, "episode": 30, "IU": {"author_standard": [80380, 99263], "legacy_same_instance_box": [80380, 99263], "author_mining_maxneg0": [81145, 99285]}, "wall_seconds": 1.0697886273264885}
{"state": "AUTHOR200_CASE_COMPLETED", "cases": 32, "fold": 0, "episode": 31, "IU": {"author_standard": [501, 608], "legacy_same_instance_box": [501, 608], "author_mining_maxneg0": [501, 608]}, "wall_seconds": 1.0689263585954905}
{"state": "AUTHOR200_CASE_COMPLETED", "cases": 33, "fold": 0, "episode": 32, "IU": {"author_standard": [0, 558], "legacy_same_instance_box": [0, 558], "author_mining_maxneg0": [0, 558]}, "wall_seconds": 1.0659998506307602}
{"state": "AUTHOR200_CASE_COMPLETED", "cases": 34, "fold": 0, "episode": 33, "IU": {"author_standard": [68120, 79800], "legacy_same_instance_box": [68120, 79800], "author_mining_maxneg0": [68160, 79812]}, "wall_seconds": 1.0569107308983803}
{"state": "AUTHOR200_CASE_COMPLETED", "cases": 35, "fold": 0, "episode": 34, "IU": {"author_standard": [0, 8322], "legacy_same_instance_box": [0, 8322], "author_mining_maxneg0": [0, 8322]}, "wall_seconds": 1.0571430139243603}
{"state": "AUTHOR200_CASE_COMPLETED", "cases": 36, "fold": 0, "episode": 35, "IU": {"author_standard": [1184, 1580], "legacy_same_instance_box": [1184, 1580], "author_mining_maxneg0": [1184, 1578]}, "wall_seconds": 1.0588990319520235}
{"state": "AUTHOR200_CASE_COMPLETED", "cases": 37, "fold": 0, "episode": 36, "IU": {"author_standard": [40723, 42581], "legacy_same_instance_box": [40723, 42581], "author_mining_maxneg0": [40941, 42739]}, "wall_seconds": 1.060978202149272}
{"state": "AUTHOR200_CASE_COMPLETED", "cases": 38, "fold": 0, "episode": 37, "IU": {"author_standard": [92344, 183909], "legacy_same_instance_box": [92344, 183909], "author_mining_maxneg0": [91178, 183554]}, "wall_seconds": 1.0619812794029713}
{"state": "AUTHOR200_CASE_COMPLETED", "cases": 39, "fold": 0, "episode": 38, "IU": {"author_standard": [0, 79], "legacy_same_instance_box": [0, 79], "author_mining_maxneg0": [0, 79]}, "wall_seconds": 1.0720626972615719}
{"state": "AUTHOR200_CASE_COMPLETED", "cases": 40, "fold": 0, "episode": 39, "IU": {"author_standard": [0, 515], "legacy_same_instance_box": [0, 515], "author_mining_maxneg0": [0, 515]}, "wall_seconds": 1.056233685463667}
{"state": "AUTHOR200_CASE_COMPLETED", "cases": 41, "fold": 0, "episode": 40, "IU": {"author_standard": [0, 409], "legacy_same_instance_box": [0, 409], "author_mining_maxneg0": [0, 409]}, "wall_seconds": 1.064395697787404}
{"state": "AUTHOR200_CASE_COMPLETED", "cases": 42, "fold": 0, "episode": 41, "IU": {"author_standard": [26394, 30821], "legacy_same_instance_box": [26394, 30821], "author_mining_maxneg0": [26405, 30819]}, "wall_seconds": 1.066383745521307}
{"state": "AUTHOR200_CASE_COMPLETED", "cases": 43, "fold": 0, "episode": 42, "IU": {"author_standard": [9702, 10105], "legacy_same_instance_box": [9702, 10105], "author_mining_maxneg0": [9701, 10105]}, "wall_seconds": 1.0786459241062403}
{"state": "AUTHOR200_CASE_COMPLETED", "cases": 44, "fold": 0, "episode": 43, "IU": {"author_standard": [0, 174], "legacy_same_instance_box": [0, 174], "author_mining_maxneg0": [0, 174]}, "wall_seconds": 1.0619668122380972}
{"state": "AUTHOR200_CASE_COMPLETED", "cases": 45, "fold": 0, "episode": 44, "IU": {"author_standard": [0, 267], "legacy_same_instance_box": [0, 267], "author_mining_maxneg0": [0, 267]}, "wall_seconds": 1.0635391157120466}
{"state": "AUTHOR200_CASE_COMPLETED", "cases": 46, "fold": 0, "episode": 45, "IU": {"author_standard": [94492, 117687], "legacy_same_instance_box": [94492, 117687], "author_mining_maxneg0": [88745, 117686]}, "wall_seconds": 1.0635883379727602}
{"state": "AUTHOR200_CASE_COMPLETED", "cases": 47, "fold": 0, "episode": 46, "IU": {"author_standard": [57783, 63178], "legacy_same_instance_box": [57783, 63178], "author_mining_maxneg0": [57779, 63143]}, "wall_seconds": 1.0669907871633768}
{"state": "AUTHOR200_CASE_COMPLETED", "cases": 48, "fold": 0, "episode": 47, "IU": {"author_standard": [0, 912], "legacy_same_instance_box": [0, 912], "author_mining_maxneg0": [0, 912]}, "wall_seconds": 1.0625350326299667}
{"state": "AUTHOR200_CASE_COMPLETED", "cases": 49, "fold": 0, "episode": 48, "IU": {"author_standard": [156739, 160297], "legacy_same_instance_box": [156739, 160297], "author_mining_maxneg0": [156736, 160302]}, "wall_seconds": 1.0585969630628824}
{"state": "AUTHOR200_CASE_COMPLETED", "cases": 50, "fold": 0, "episode": 49, "IU": {"author_standard": [54480, 88932], "legacy_same_instance_box": [54480, 88932], "author_mining_maxneg0": [54476, 88795]}, "wall_seconds": 1.0688856802880764}
loading annotations into memory...
Done (t=2.47s)
creating index...
index created!
Dataset Initialized: Fold 1, total 1000 episodes.
{"state": "AUTHOR200_CASE_COMPLETED", "cases": 51, "fold": 1, "episode": 0, "IU": {"author_standard": [19410, 22259], "legacy_same_instance_box": [19410, 22259], "author_mining_maxneg0": [19401, 22241]}, "wall_seconds": 1.074963016435504}
{"state": "AUTHOR200_CASE_COMPLETED", "cases": 52, "fold": 1, "episode": 1, "IU": {"author_standard": [1456, 2144], "legacy_same_instance_box": [1456, 2144], "author_mining_maxneg0": [1453, 2140]}, "wall_seconds": 1.0604550652205944}
{"state": "AUTHOR200_CASE_COMPLETED", "cases": 53, "fold": 1, "episode": 2, "IU": {"author_standard": [22308, 24126], "legacy_same_instance_box": [22308, 24126], "author_mining_maxneg0": [22308, 24124]}, "wall_seconds": 1.0646239314228296}
{"state": "AUTHOR200_CASE_COMPLETED", "cases": 54, "fold": 1, "episode": 3, "IU": {"author_standard": [0, 32263], "legacy_same_instance_box": [0, 32263], "author_mining_maxneg0": [0, 32263]}, "wall_seconds": 1.0734083764255047}
{"state": "AUTHOR200_CASE_COMPLETED", "cases": 55, "fold": 1, "episode": 4, "IU": {"author_standard": [0, 40421], "legacy_same_instance_box": [0, 40421], "author_mining_maxneg0": [14388, 40713]}, "wall_seconds": 1.0625088773667812}
{"state": "AUTHOR200_CASE_COMPLETED", "cases": 56, "fold": 1, "episode": 5, "IU": {"author_standard": [32587, 34761], "legacy_same_instance_box": [32587, 34761], "author_mining_maxneg0": [32594, 34765]}, "wall_seconds": 1.0594945680350065}
{"state": "AUTHOR200_CASE_COMPLETED", "cases": 57, "fold": 1, "episode": 6, "IU": {"author_standard": [1969, 2270], "legacy_same_instance_box": [1969, 2270], "author_mining_maxneg0": [1969, 2273]}, "wall_seconds": 1.0559420865029097}
{"state": "AUTHOR200_CASE_COMPLETED", "cases": 58, "fold": 1, "episode": 7, "IU": {"author_standard": [0, 6234], "legacy_same_instance_box": [0, 6234], "author_mining_maxneg0": [0, 6234]}, "wall_seconds": 1.0911632999777794}
{"state": "AUTHOR200_CASE_COMPLETED", "cases": 59, "fold": 1, "episode": 8, "IU": {"author_standard": [361, 745], "legacy_same_instance_box": [361, 745], "author_mining_maxneg0": [361, 746]}, "wall_seconds": 1.0608788598328829}
{"state": "AUTHOR200_CASE_COMPLETED", "cases": 60, "fold": 1, "episode": 9, "IU": {"author_standard": [0, 6395], "legacy_same_instance_box": [0, 6395], "author_mining_maxneg0": [0, 6395]}, "wall_seconds": 1.0621576383709908}
{"state": "AUTHOR200_CASE_COMPLETED", "cases": 61, "fold": 1, "episode": 10, "IU": {"author_standard": [879, 7195], "legacy_same_instance_box": [879, 7195], "author_mining_maxneg0": [879, 9966]}, "wall_seconds": 1.082937341183424}
{"state": "AUTHOR200_CASE_COMPLETED", "cases": 62, "fold": 1, "episode": 11, "IU": {"author_standard": [1270, 2068], "legacy_same_instance_box": [1270, 2068], "author_mining_maxneg0": [1270, 2069]}, "wall_seconds": 1.0667972676455975}
{"state": "AUTHOR200_CASE_COMPLETED", "cases": 63, "fold": 1, "episode": 12, "IU": {"author_standard": [0, 15068], "legacy_same_instance_box": [0, 15068], "author_mining_maxneg0": [0, 15068]}, "wall_seconds": 1.064553266391158}
{"state": "AUTHOR200_CASE_COMPLETED", "cases": 64, "fold": 1, "episode": 13, "IU": {"author_standard": [4377, 4736], "legacy_same_instance_box": [4377, 4736], "author_mining_maxneg0": [4380, 4736]}, "wall_seconds": 1.0576097313314676}
{"state": "AUTHOR200_CASE_COMPLETED", "cases": 65, "fold": 1, "episode": 14, "IU": {"author_standard": [832, 935], "legacy_same_instance_box": [832, 935], "author_mining_maxneg0": [832, 935]}, "wall_seconds": 1.0685620587319136}
{"state": "AUTHOR200_CASE_COMPLETED", "cases": 66, "fold": 1, "episode": 15, "IU": {"author_standard": [36883, 56003], "legacy_same_instance_box": [36883, 56003], "author_mining_maxneg0": [36798, 55973]}, "wall_seconds": 1.0742183309048414}
{"state": "AUTHOR200_CASE_COMPLETED", "cases": 67, "fold": 1, "episode": 16, "IU": {"author_standard": [17977, 21717], "legacy_same_instance_box": [17977, 21717], "author_mining_maxneg0": [17983, 21719]}, "wall_seconds": 1.0809765495359898}
{"state": "AUTHOR200_CASE_COMPLETED", "cases": 68, "fold": 1, "episode": 17, "IU": {"author_standard": [917, 1283], "legacy_same_instance_box": [917, 1283], "author_mining_maxneg0": [908, 1280]}, "wall_seconds": 1.062957962974906}
{"state": "AUTHOR200_CASE_COMPLETED", "cases": 69, "fold": 1, "episode": 18, "IU": {"author_standard": [10635, 12959], "legacy_same_instance_box": [10635, 12959], "author_mining_maxneg0": [10637, 12958]}, "wall_seconds": 1.1723444573581219}
{"state": "AUTHOR200_CASE_COMPLETED", "cases": 70, "fold": 1, "episode": 19, "IU": {"author_standard": [1597, 1834], "legacy_same_instance_box": [1597, 1834], "author_mining_maxneg0": [1597, 1837]}, "wall_seconds": 1.062480514869094}
{"state": "AUTHOR200_CASE_COMPLETED", "cases": 71, "fold": 1, "episode": 20, "IU": {"author_standard": [0, 221], "legacy_same_instance_box": [0, 221], "author_mining_maxneg0": [0, 221]}, "wall_seconds": 1.0900894068181515}
{"state": "AUTHOR200_CASE_COMPLETED", "cases": 72, "fold": 1, "episode": 21, "IU": {"author_standard": [48862, 50749], "legacy_same_instance_box": [48862, 50749], "author_mining_maxneg0": [48860, 50746]}, "wall_seconds": 1.0690649077296257}
{"state": "AUTHOR200_CASE_COMPLETED", "cases": 73, "fold": 1, "episode": 22, "IU": {"author_standard": [0, 10044], "legacy_same_instance_box": [0, 10044], "author_mining_maxneg0": [0, 10044]}, "wall_seconds": 1.0697882361710072}
{"state": "AUTHOR200_CASE_COMPLETED", "cases": 74, "fold": 1, "episode": 23, "IU": {"author_standard": [16792, 17318], "legacy_same_instance_box": [16792, 17318], "author_mining_maxneg0": [16767, 17310]}, "wall_seconds": 1.0752064604312181}
{"state": "AUTHOR200_CASE_COMPLETED", "cases": 75, "fold": 1, "episode": 24, "IU": {"author_standard": [154556, 168484], "legacy_same_instance_box": [154556, 168484], "author_mining_maxneg0": [0, 166348]}, "wall_seconds": 1.0756296571344137}
{"state": "AUTHOR200_CASE_COMPLETED", "cases": 76, "fold": 1, "episode": 25, "IU": {"author_standard": [0, 1065], "legacy_same_instance_box": [0, 1065], "author_mining_maxneg0": [0, 1065]}, "wall_seconds": 1.0600268356502056}
{"state": "AUTHOR200_CASE_COMPLETED", "cases": 77, "fold": 1, "episode": 26, "IU": {"author_standard": [0, 4085], "legacy_same_instance_box": [0, 4085], "author_mining_maxneg0": [0, 4085]}, "wall_seconds": 1.07232079282403}
{"state": "AUTHOR200_CASE_COMPLETED", "cases": 78, "fold": 1, "episode": 27, "IU": {"author_standard": [0, 23473], "legacy_same_instance_box": [0, 23473], "author_mining_maxneg0": [0, 23473]}, "wall_seconds": 1.087426844984293}
{"state": "AUTHOR200_CASE_COMPLETED", "cases": 79, "fold": 1, "episode": 28, "IU": {"author_standard": [30898, 38516], "legacy_same_instance_box": [30898, 38516], "author_mining_maxneg0": [30910, 38526]}, "wall_seconds": 1.0645686276257038}
{"state": "AUTHOR200_CASE_COMPLETED", "cases": 80, "fold": 1, "episode": 29, "IU": {"author_standard": [0, 33975], "legacy_same_instance_box": [0, 33975], "author_mining_maxneg0": [0, 33975]}, "wall_seconds": 1.0548964403569698}
{"state": "AUTHOR200_CASE_COMPLETED", "cases": 81, "fold": 1, "episode": 30, "IU": {"author_standard": [0, 834], "legacy_same_instance_box": [0, 834], "author_mining_maxneg0": [0, 834]}, "wall_seconds": 1.0813541859388351}
{"state": "AUTHOR200_CASE_COMPLETED", "cases": 82, "fold": 1, "episode": 31, "IU": {"author_standard": [175, 372], "legacy_same_instance_box": [175, 372], "author_mining_maxneg0": [174, 366]}, "wall_seconds": 1.0626208372414112}
{"state": "AUTHOR200_CASE_COMPLETED", "cases": 83, "fold": 1, "episode": 32, "IU": {"author_standard": [1339, 1511], "legacy_same_instance_box": [1339, 1511], "author_mining_maxneg0": [1339, 1515]}, "wall_seconds": 1.0634132698178291}
{"state": "AUTHOR200_CASE_COMPLETED", "cases": 84, "fold": 1, "episode": 33, "IU": {"author_standard": [62616, 69498], "legacy_same_instance_box": [62616, 69498], "author_mining_maxneg0": [62608, 69494]}, "wall_seconds": 1.0677989330142736}
{"state": "AUTHOR200_CASE_COMPLETED", "cases": 85, "fold": 1, "episode": 34, "IU": {"author_standard": [1895, 2703], "legacy_same_instance_box": [1895, 2703], "author_mining_maxneg0": [1893, 2690]}, "wall_seconds": 1.0722765810787678}
{"state": "AUTHOR200_CASE_COMPLETED", "cases": 86, "fold": 1, "episode": 35, "IU": {"author_standard": [5596, 6821], "legacy_same_instance_box": [5596, 6821], "author_mining_maxneg0": [5597, 6821]}, "wall_seconds": 1.0687376465648413}
{"state": "AUTHOR200_CASE_COMPLETED", "cases": 87, "fold": 1, "episode": 36, "IU": {"author_standard": [799, 1690], "legacy_same_instance_box": [799, 1690], "author_mining_maxneg0": [800, 1690]}, "wall_seconds": 1.0563995745033026}
{"state": "AUTHOR200_CASE_COMPLETED", "cases": 88, "fold": 1, "episode": 37, "IU": {"author_standard": [0, 255698], "legacy_same_instance_box": [0, 255698], "author_mining_maxneg0": [0, 255698]}, "wall_seconds": 1.0812841095030308}
{"state": "AUTHOR200_CASE_COMPLETED", "cases": 89, "fold": 1, "episode": 38, "IU": {"author_standard": [4305, 4747], "legacy_same_instance_box": [4305, 4747], "author_mining_maxneg0": [4302, 4747]}, "wall_seconds": 1.0644062608480453}
{"state": "AUTHOR200_CASE_COMPLETED", "cases": 90, "fold": 1, "episode": 39, "IU": {"author_standard": [3859, 4067], "legacy_same_instance_box": [3859, 4067], "author_mining_maxneg0": [3859, 4067]}, "wall_seconds": 1.115970065817237}
{"state": "AUTHOR200_CASE_COMPLETED", "cases": 91, "fold": 1, "episode": 40, "IU": {"author_standard": [2036, 2270], "legacy_same_instance_box": [2036, 2270], "author_mining_maxneg0": [2036, 2268]}, "wall_seconds": 1.1006947960704565}
{"state": "AUTHOR200_CASE_COMPLETED", "cases": 92, "fold": 1, "episode": 41, "IU": {"author_standard": [37692, 43600], "legacy_same_instance_box": [37692, 43600], "author_mining_maxneg0": [37759, 43653]}, "wall_seconds": 1.096395131200552}
{"state": "AUTHOR200_CASE_COMPLETED", "cases": 93, "fold": 1, "episode": 42, "IU": {"author_standard": [802, 1199], "legacy_same_instance_box": [802, 1199], "author_mining_maxneg0": [802, 1199]}, "wall_seconds": 1.1241034157574177}
{"state": "AUTHOR200_CASE_COMPLETED", "cases": 94, "fold": 1, "episode": 43, "IU": {"author_standard": [0, 2173], "legacy_same_instance_box": [0, 2173], "author_mining_maxneg0": [0, 2173]}, "wall_seconds": 1.091841159388423}
{"state": "AUTHOR200_CASE_COMPLETED", "cases": 95, "fold": 1, "episode": 44, "IU": {"author_standard": [0, 5137], "legacy_same_instance_box": [0, 5137], "author_mining_maxneg0": [0, 5137]}, "wall_seconds": 1.09473448805511}
{"state": "AUTHOR200_CASE_COMPLETED", "cases": 96, "fold": 1, "episode": 45, "IU": {"author_standard": [0, 5651], "legacy_same_instance_box": [0, 5651], "author_mining_maxneg0": [0, 5651]}, "wall_seconds": 1.0774072892963886}
{"state": "AUTHOR200_CASE_COMPLETED", "cases": 97, "fold": 1, "episode": 46, "IU": {"author_standard": [0, 315], "legacy_same_instance_box": [0, 315], "author_mining_maxneg0": [0, 315]}, "wall_seconds": 1.0657305046916008}
{"state": "AUTHOR200_CASE_COMPLETED", "cases": 98, "fold": 1, "episode": 47, "IU": {"author_standard": [39378, 47134], "legacy_same_instance_box": [39378, 47134], "author_mining_maxneg0": [39216, 47119]}, "wall_seconds": 1.074038663879037}
{"state": "AUTHOR200_CASE_COMPLETED", "cases": 99, "fold": 1, "episode": 48, "IU": {"author_standard": [30961, 34514], "legacy_same_instance_box": [30961, 34514], "author_mining_maxneg0": [30788, 34413]}, "wall_seconds": 1.0622952058911324}
{"state": "AUTHOR200_CASE_COMPLETED", "cases": 100, "fold": 1, "episode": 49, "IU": {"author_standard": [6279, 6895], "legacy_same_instance_box": [6279, 6895], "author_mining_maxneg0": [6275, 6894]}, "wall_seconds": 1.065089913085103}
loading annotations into memory...
Done (t=2.50s)
creating index...
index created!
Dataset Initialized: Fold 2, total 1000 episodes.
{"state": "AUTHOR200_CASE_COMPLETED", "cases": 101, "fold": 2, "episode": 0, "IU": {"author_standard": [61280, 64640], "legacy_same_instance_box": [61280, 64640], "author_mining_maxneg0": [61272, 64617]}, "wall_seconds": 1.0737764425575733}
{"state": "AUTHOR200_CASE_COMPLETED", "cases": 102, "fold": 2, "episode": 1, "IU": {"author_standard": [14293, 15286], "legacy_same_instance_box": [14293, 15286], "author_mining_maxneg0": [14303, 15334]}, "wall_seconds": 1.068508218973875}
{"state": "AUTHOR200_CASE_COMPLETED", "cases": 103, "fold": 2, "episode": 2, "IU": {"author_standard": [661, 938], "legacy_same_instance_box": [661, 938], "author_mining_maxneg0": [661, 937]}, "wall_seconds": 1.0724226348102093}
{"state": "AUTHOR200_CASE_COMPLETED", "cases": 104, "fold": 2, "episode": 3, "IU": {"author_standard": [4154, 4369], "legacy_same_instance_box": [4154, 4369], "author_mining_maxneg0": [4154, 4367]}, "wall_seconds": 1.0595863591879606}
{"state": "AUTHOR200_CASE_COMPLETED", "cases": 105, "fold": 2, "episode": 4, "IU": {"author_standard": [51745, 58909], "legacy_same_instance_box": [51745, 58909], "author_mining_maxneg0": [51761, 58909]}, "wall_seconds": 1.080636091530323}
{"state": "AUTHOR200_CASE_COMPLETED", "cases": 106, "fold": 2, "episode": 5, "IU": {"author_standard": [0, 26000], "legacy_same_instance_box": [0, 26000], "author_mining_maxneg0": [0, 26000]}, "wall_seconds": 1.0699609462171793}
{"state": "AUTHOR200_CASE_COMPLETED", "cases": 107, "fold": 2, "episode": 6, "IU": {"author_standard": [0, 2338], "legacy_same_instance_box": [0, 2338], "author_mining_maxneg0": [0, 2338]}, "wall_seconds": 1.0631422530859709}
{"state": "AUTHOR200_CASE_COMPLETED", "cases": 108, "fold": 2, "episode": 7, "IU": {"author_standard": [81, 108], "legacy_same_instance_box": [81, 108], "author_mining_maxneg0": [81, 109]}, "wall_seconds": 1.0609947983175516}
{"state": "AUTHOR200_CASE_COMPLETED", "cases": 109, "fold": 2, "episode": 8, "IU": {"author_standard": [51327, 71060], "legacy_same_instance_box": [51327, 71060], "author_mining_maxneg0": [51303, 70913]}, "wall_seconds": 1.102638939395547}
{"state": "AUTHOR200_CASE_COMPLETED", "cases": 110, "fold": 2, "episode": 9, "IU": {"author_standard": [0, 31030], "legacy_same_instance_box": [0, 31030], "author_mining_maxneg0": [0, 31030]}, "wall_seconds": 1.0596618186682463}
{"state": "AUTHOR200_CASE_COMPLETED", "cases": 111, "fold": 2, "episode": 10, "IU": {"author_standard": [2294, 7909], "legacy_same_instance_box": [2294, 7909], "author_mining_maxneg0": [2293, 7898]}, "wall_seconds": 1.0639847982674837}
{"state": "AUTHOR200_CASE_COMPLETED", "cases": 112, "fold": 2, "episode": 11, "IU": {"author_standard": [1173, 1987], "legacy_same_instance_box": [1173, 1987], "author_mining_maxneg0": [1174, 2023]}, "wall_seconds": 1.0956313088536263}
{"state": "AUTHOR200_CASE_COMPLETED", "cases": 113, "fold": 2, "episode": 12, "IU": {"author_standard": [90392, 108692], "legacy_same_instance_box": [90392, 108692], "author_mining_maxneg0": [90430, 108707]}, "wall_seconds": 1.1038804799318314}
{"state": "AUTHOR200_CASE_COMPLETED", "cases": 114, "fold": 2, "episode": 13, "IU": {"author_standard": [36059, 38745], "legacy_same_instance_box": [36059, 38745], "author_mining_maxneg0": [36063, 38732]}, "wall_seconds": 1.0910304989665747}
{"state": "AUTHOR200_CASE_COMPLETED", "cases": 115, "fold": 2, "episode": 14, "IU": {"author_standard": [9838, 10772], "legacy_same_instance_box": [9838, 10772], "author_mining_maxneg0": [9837, 10772]}, "wall_seconds": 1.0990489348769188}
{"state": "AUTHOR200_CASE_COMPLETED", "cases": 116, "fold": 2, "episode": 15, "IU": {"author_standard": [29570, 37105], "legacy_same_instance_box": [29570, 37105], "author_mining_maxneg0": [29246, 36917]}, "wall_seconds": 1.09835203923285}
{"state": "AUTHOR200_CASE_COMPLETED", "cases": 117, "fold": 2, "episode": 16, "IU": {"author_standard": [7070, 8158], "legacy_same_instance_box": [7070, 8158], "author_mining_maxneg0": [7070, 8154]}, "wall_seconds": 1.0604604948312044}
{"state": "AUTHOR200_CASE_COMPLETED", "cases": 118, "fold": 2, "episode": 17, "IU": {"author_standard": [34258, 36500], "legacy_same_instance_box": [34258, 36500], "author_mining_maxneg0": [34260, 36500]}, "wall_seconds": 1.0728234816342592}
{"state": "AUTHOR200_CASE_COMPLETED", "cases": 119, "fold": 2, "episode": 18, "IU": {"author_standard": [141629, 170930], "legacy_same_instance_box": [141629, 170930], "author_mining_maxneg0": [142080, 171062]}, "wall_seconds": 1.076751783490181}
{"state": "AUTHOR200_CASE_COMPLETED", "cases": 120, "fold": 2, "episode": 19, "IU": {"author_standard": [14585, 16314], "legacy_same_instance_box": [14585, 16314], "author_mining_maxneg0": [14583, 16312]}, "wall_seconds": 1.0640806425362825}
{"state": "AUTHOR200_CASE_COMPLETED", "cases": 121, "fold": 2, "episode": 20, "IU": {"author_standard": [269, 345], "legacy_same_instance_box": [269, 345], "author_mining_maxneg0": [269, 345]}, "wall_seconds": 1.0664218794554472}
{"state": "AUTHOR200_CASE_COMPLETED", "cases": 122, "fold": 2, "episode": 21, "IU": {"author_standard": [9957, 11230], "legacy_same_instance_box": [9957, 11230], "author_mining_maxneg0": [9947, 11187]}, "wall_seconds": 1.0977327525615692}
{"state": "AUTHOR200_CASE_COMPLETED", "cases": 123, "fold": 2, "episode": 22, "IU": {"author_standard": [0, 8288], "legacy_same_instance_box": [0, 8288], "author_mining_maxneg0": [0, 8288]}, "wall_seconds": 1.07306769490242}
{"state": "AUTHOR200_CASE_COMPLETED", "cases": 124, "fold": 2, "episode": 23, "IU": {"author_standard": [2718, 4596], "legacy_same_instance_box": [2718, 4596], "author_mining_maxneg0": [2718, 4618]}, "wall_seconds": 1.0615338236093521}
{"state": "AUTHOR200_CASE_COMPLETED", "cases": 125, "fold": 2, "episode": 24, "IU": {"author_standard": [0, 1587], "legacy_same_instance_box": [0, 1587], "author_mining_maxneg0": [0, 1587]}, "wall_seconds": 1.0689141377806664}
{"state": "AUTHOR200_CASE_COMPLETED", "cases": 126, "fold": 2, "episode": 25, "IU": {"author_standard": [0, 2746], "legacy_same_instance_box": [0, 2746], "author_mining_maxneg0": [0, 2746]}, "wall_seconds": 1.0789710357785225}
{"state": "AUTHOR200_CASE_COMPLETED", "cases": 127, "fold": 2, "episode": 26, "IU": {"author_standard": [75017, 83210], "legacy_same_instance_box": [75017, 83210], "author_mining_maxneg0": [74865, 83181]}, "wall_seconds": 1.0614162627607584}
{"state": "AUTHOR200_CASE_COMPLETED", "cases": 128, "fold": 2, "episode": 27, "IU": {"author_standard": [2168, 5103], "legacy_same_instance_box": [2168, 5103], "author_mining_maxneg0": [2174, 5107]}, "wall_seconds": 1.0719693768769503}
{"state": "AUTHOR200_CASE_COMPLETED", "cases": 129, "fold": 2, "episode": 28, "IU": {"author_standard": [0, 520], "legacy_same_instance_box": [0, 520], "author_mining_maxneg0": [0, 2023]}, "wall_seconds": 1.0669290255755186}
{"state": "AUTHOR200_CASE_COMPLETED", "cases": 130, "fold": 2, "episode": 29, "IU": {"author_standard": [2370, 3545], "legacy_same_instance_box": [2370, 3545], "author_mining_maxneg0": [2369, 3545]}, "wall_seconds": 1.070098938420415}
{"state": "AUTHOR200_CASE_COMPLETED", "cases": 131, "fold": 2, "episode": 30, "IU": {"author_standard": [1037, 1544], "legacy_same_instance_box": [1037, 1544], "author_mining_maxneg0": [1038, 1544]}, "wall_seconds": 1.0715825203806162}
{"state": "AUTHOR200_CASE_COMPLETED", "cases": 132, "fold": 2, "episode": 31, "IU": {"author_standard": [0, 2285], "legacy_same_instance_box": [0, 2285], "author_mining_maxneg0": [0, 2285]}, "wall_seconds": 1.1167231239378452}
{"state": "AUTHOR200_CASE_COMPLETED", "cases": 133, "fold": 2, "episode": 32, "IU": {"author_standard": [339, 486], "legacy_same_instance_box": [339, 486], "author_mining_maxneg0": [341, 483]}, "wall_seconds": 1.1072266455739737}
{"state": "AUTHOR200_CASE_COMPLETED", "cases": 134, "fold": 2, "episode": 33, "IU": {"author_standard": [0, 1183], "legacy_same_instance_box": [0, 1183], "author_mining_maxneg0": [0, 1183]}, "wall_seconds": 1.0631528347730637}
{"state": "AUTHOR200_CASE_COMPLETED", "cases": 135, "fold": 2, "episode": 34, "IU": {"author_standard": [45424, 52655], "legacy_same_instance_box": [45424, 52655], "author_mining_maxneg0": [45419, 52655]}, "wall_seconds": 1.073750488460064}
{"state": "AUTHOR200_CASE_COMPLETED", "cases": 136, "fold": 2, "episode": 35, "IU": {"author_standard": [0, 11194], "legacy_same_instance_box": [0, 11194], "author_mining_maxneg0": [0, 11194]}, "wall_seconds": 1.0892335753887892}
{"state": "AUTHOR200_CASE_COMPLETED", "cases": 137, "fold": 2, "episode": 36, "IU": {"author_standard": [0, 519], "legacy_same_instance_box": [0, 519], "author_mining_maxneg0": [0, 512]}, "wall_seconds": 1.0778776668012142}
{"state": "AUTHOR200_CASE_COMPLETED", "cases": 138, "fold": 2, "episode": 37, "IU": {"author_standard": [3665, 4051], "legacy_same_instance_box": [3665, 4051], "author_mining_maxneg0": [3665, 4048]}, "wall_seconds": 1.0625219643115997}
{"state": "AUTHOR200_CASE_COMPLETED", "cases": 139, "fold": 2, "episode": 38, "IU": {"author_standard": [848, 3095], "legacy_same_instance_box": [848, 3095], "author_mining_maxneg0": [846, 3082]}, "wall_seconds": 1.071930868551135}
{"state": "AUTHOR200_CASE_COMPLETED", "cases": 140, "fold": 2, "episode": 39, "IU": {"author_standard": [40549, 43270], "legacy_same_instance_box": [40549, 43270], "author_mining_maxneg0": [40544, 43256]}, "wall_seconds": 1.0614823196083307}
{"state": "AUTHOR200_CASE_COMPLETED", "cases": 141, "fold": 2, "episode": 40, "IU": {"author_standard": [7440, 11054], "legacy_same_instance_box": [7440, 11054], "author_mining_maxneg0": [7285, 10282]}, "wall_seconds": 1.070083947852254}
{"state": "AUTHOR200_CASE_COMPLETED", "cases": 142, "fold": 2, "episode": 41, "IU": {"author_standard": [23182, 26973], "legacy_same_instance_box": [23182, 26973], "author_mining_maxneg0": [23085, 26956]}, "wall_seconds": 1.0669909548014402}
{"state": "AUTHOR200_CASE_COMPLETED", "cases": 143, "fold": 2, "episode": 42, "IU": {"author_standard": [1311, 1566], "legacy_same_instance_box": [1311, 1566], "author_mining_maxneg0": [1311, 1561]}, "wall_seconds": 1.0852702111005783}
{"state": "AUTHOR200_CASE_COMPLETED", "cases": 144, "fold": 2, "episode": 43, "IU": {"author_standard": [0, 1904], "legacy_same_instance_box": [0, 1904], "author_mining_maxneg0": [0, 3879]}, "wall_seconds": 1.0690867770463228}
{"state": "AUTHOR200_CASE_COMPLETED", "cases": 145, "fold": 2, "episode": 44, "IU": {"author_standard": [23022, 26387], "legacy_same_instance_box": [23022, 26387], "author_mining_maxneg0": [23072, 26536]}, "wall_seconds": 1.0717888455837965}
{"state": "AUTHOR200_CASE_COMPLETED", "cases": 146, "fold": 2, "episode": 45, "IU": {"author_standard": [0, 620], "legacy_same_instance_box": [0, 620], "author_mining_maxneg0": [0, 620]}, "wall_seconds": 1.068431444466114}
{"state": "AUTHOR200_CASE_COMPLETED", "cases": 147, "fold": 2, "episode": 46, "IU": {"author_standard": [3369, 4147], "legacy_same_instance_box": [3369, 4147], "author_mining_maxneg0": [3396, 4155]}, "wall_seconds": 1.0682787243276834}
{"state": "AUTHOR200_CASE_COMPLETED", "cases": 148, "fold": 2, "episode": 47, "IU": {"author_standard": [90526, 112378], "legacy_same_instance_box": [90526, 112378], "author_mining_maxneg0": [90595, 112424]}, "wall_seconds": 1.0659874733537436}
{"state": "AUTHOR200_CASE_COMPLETED", "cases": 149, "fold": 2, "episode": 48, "IU": {"author_standard": [0, 90108], "legacy_same_instance_box": [0, 90108], "author_mining_maxneg0": [0, 90108]}, "wall_seconds": 1.0777198523283005}
{"state": "AUTHOR200_CASE_COMPLETED", "cases": 150, "fold": 2, "episode": 49, "IU": {"author_standard": [0, 338], "legacy_same_instance_box": [0, 338], "author_mining_maxneg0": [0, 338]}, "wall_seconds": 1.0718848686665297}
loading annotations into memory...
Done (t=2.56s)
creating index...
index created!
Dataset Initialized: Fold 3, total 1000 episodes.
{"state": "AUTHOR200_CASE_COMPLETED", "cases": 151, "fold": 3, "episode": 0, "IU": {"author_standard": [161, 302], "legacy_same_instance_box": [161, 302], "author_mining_maxneg0": [161, 302]}, "wall_seconds": 1.0805803667753935}
{"state": "AUTHOR200_CASE_COMPLETED", "cases": 152, "fold": 3, "episode": 1, "IU": {"author_standard": [0, 177], "legacy_same_instance_box": [0, 177], "author_mining_maxneg0": [0, 177]}, "wall_seconds": 1.05346386320889}
{"state": "AUTHOR200_CASE_COMPLETED", "cases": 153, "fold": 3, "episode": 2, "IU": {"author_standard": [768, 1093], "legacy_same_instance_box": [768, 1093], "author_mining_maxneg0": [768, 1095]}, "wall_seconds": 1.617827195674181}
{"state": "AUTHOR200_CASE_COMPLETED", "cases": 154, "fold": 3, "episode": 3, "IU": {"author_standard": [919, 1190], "legacy_same_instance_box": [919, 1190], "author_mining_maxneg0": [919, 1186]}, "wall_seconds": 1.0605875235050917}
{"state": "AUTHOR200_CASE_COMPLETED", "cases": 155, "fold": 3, "episode": 4, "IU": {"author_standard": [6807, 7923], "legacy_same_instance_box": [6807, 7923], "author_mining_maxneg0": [0, 7659]}, "wall_seconds": 1.06435632891953}
{"state": "AUTHOR200_CASE_COMPLETED", "cases": 156, "fold": 3, "episode": 5, "IU": {"author_standard": [32678, 34610], "legacy_same_instance_box": [32678, 34610], "author_mining_maxneg0": [32680, 34610]}, "wall_seconds": 1.0709378700703382}
{"state": "AUTHOR200_CASE_COMPLETED", "cases": 157, "fold": 3, "episode": 6, "IU": {"author_standard": [2077, 2474], "legacy_same_instance_box": [2077, 2474], "author_mining_maxneg0": [2071, 2468]}, "wall_seconds": 1.0583265107125044}
{"state": "AUTHOR200_CASE_COMPLETED", "cases": 158, "fold": 3, "episode": 7, "IU": {"author_standard": [10935, 32712], "legacy_same_instance_box": [10935, 32712], "author_mining_maxneg0": [0, 32573]}, "wall_seconds": 1.06964242272079}
{"state": "AUTHOR200_CASE_COMPLETED", "cases": 159, "fold": 3, "episode": 8, "IU": {"author_standard": [0, 418], "legacy_same_instance_box": [0, 418], "author_mining_maxneg0": [0, 418]}, "wall_seconds": 1.0690719299018383}
{"state": "AUTHOR200_CASE_COMPLETED", "cases": 160, "fold": 3, "episode": 9, "IU": {"author_standard": [0, 381], "legacy_same_instance_box": [0, 381], "author_mining_maxneg0": [0, 381]}, "wall_seconds": 1.084480319172144}
{"state": "AUTHOR200_CASE_COMPLETED", "cases": 161, "fold": 3, "episode": 10, "IU": {"author_standard": [95978, 102856], "legacy_same_instance_box": [95978, 102856], "author_mining_maxneg0": [95983, 102856]}, "wall_seconds": 1.0949443653225899}
{"state": "AUTHOR200_CASE_COMPLETED", "cases": 162, "fold": 3, "episode": 11, "IU": {"author_standard": [0, 13416], "legacy_same_instance_box": [0, 13416], "author_mining_maxneg0": [0, 13416]}, "wall_seconds": 1.0730264578014612}
{"state": "AUTHOR200_CASE_COMPLETED", "cases": 163, "fold": 3, "episode": 12, "IU": {"author_standard": [38856, 90126], "legacy_same_instance_box": [38856, 90126], "author_mining_maxneg0": [38019, 45048]}, "wall_seconds": 1.0810986813157797}
{"state": "AUTHOR200_CASE_COMPLETED", "cases": 164, "fold": 3, "episode": 13, "IU": {"author_standard": [0, 1197], "legacy_same_instance_box": [0, 1197], "author_mining_maxneg0": [0, 1197]}, "wall_seconds": 1.0999599397182465}
{"state": "AUTHOR200_CASE_COMPLETED", "cases": 165, "fold": 3, "episode": 14, "IU": {"author_standard": [11005, 12691], "legacy_same_instance_box": [11005, 12691], "author_mining_maxneg0": [10964, 12648]}, "wall_seconds": 1.1010181568562984}
{"state": "AUTHOR200_CASE_COMPLETED", "cases": 166, "fold": 3, "episode": 15, "IU": {"author_standard": [1057, 1221], "legacy_same_instance_box": [1057, 1221], "author_mining_maxneg0": [1056, 1220]}, "wall_seconds": 1.0992709677666426}
{"state": "AUTHOR200_CASE_COMPLETED", "cases": 167, "fold": 3, "episode": 16, "IU": {"author_standard": [399, 683], "legacy_same_instance_box": [399, 683], "author_mining_maxneg0": [399, 683]}, "wall_seconds": 1.09003134816885}
{"state": "AUTHOR200_CASE_COMPLETED", "cases": 168, "fold": 3, "episode": 17, "IU": {"author_standard": [10737, 12949], "legacy_same_instance_box": [10737, 12949], "author_mining_maxneg0": [10730, 12925]}, "wall_seconds": 1.0882697571069002}
{"state": "AUTHOR200_CASE_COMPLETED", "cases": 169, "fold": 3, "episode": 18, "IU": {"author_standard": [9505, 10286], "legacy_same_instance_box": [9505, 10286], "author_mining_maxneg0": [9505, 10286]}, "wall_seconds": 1.0928447898477316}
{"state": "AUTHOR200_CASE_COMPLETED", "cases": 170, "fold": 3, "episode": 19, "IU": {"author_standard": [0, 129], "legacy_same_instance_box": [0, 129], "author_mining_maxneg0": [0, 129]}, "wall_seconds": 1.0857082922011614}
{"state": "AUTHOR200_CASE_COMPLETED", "cases": 171, "fold": 3, "episode": 20, "IU": {"author_standard": [577, 678], "legacy_same_instance_box": [577, 678], "author_mining_maxneg0": [577, 678]}, "wall_seconds": 1.0803450178354979}
{"state": "AUTHOR200_CASE_COMPLETED", "cases": 172, "fold": 3, "episode": 21, "IU": {"author_standard": [830, 1408], "legacy_same_instance_box": [830, 1408], "author_mining_maxneg0": [829, 1382]}, "wall_seconds": 1.0630044601857662}
{"state": "AUTHOR200_CASE_COMPLETED", "cases": 173, "fold": 3, "episode": 22, "IU": {"author_standard": [766, 851], "legacy_same_instance_box": [766, 851], "author_mining_maxneg0": [762, 850]}, "wall_seconds": 1.0702932048588991}
{"state": "AUTHOR200_CASE_COMPLETED", "cases": 174, "fold": 3, "episode": 23, "IU": {"author_standard": [2925, 3096], "legacy_same_instance_box": [2925, 3096], "author_mining_maxneg0": [2919, 3093]}, "wall_seconds": 1.0670204535126686}
{"state": "AUTHOR200_CASE_COMPLETED", "cases": 175, "fold": 3, "episode": 24, "IU": {"author_standard": [12188, 13590], "legacy_same_instance_box": [12188, 13590], "author_mining_maxneg0": [12193, 13600]}, "wall_seconds": 1.0721972659230232}
{"state": "AUTHOR200_CASE_COMPLETED", "cases": 176, "fold": 3, "episode": 25, "IU": {"author_standard": [18632, 24132], "legacy_same_instance_box": [18632, 24132], "author_mining_maxneg0": [18640, 24127]}, "wall_seconds": 1.0667331963777542}
{"state": "AUTHOR200_CASE_COMPLETED", "cases": 177, "fold": 3, "episode": 26, "IU": {"author_standard": [0, 758], "legacy_same_instance_box": [0, 758], "author_mining_maxneg0": [0, 758]}, "wall_seconds": 1.0877706967294216}
{"state": "AUTHOR200_CASE_COMPLETED", "cases": 178, "fold": 3, "episode": 27, "IU": {"author_standard": [3840, 4253], "legacy_same_instance_box": [3840, 4253], "author_mining_maxneg0": [3840, 4253]}, "wall_seconds": 1.088688438758254}
{"state": "AUTHOR200_CASE_COMPLETED", "cases": 179, "fold": 3, "episode": 28, "IU": {"author_standard": [0, 45751], "legacy_same_instance_box": [0, 45751], "author_mining_maxneg0": [0, 45751]}, "wall_seconds": 1.0795235186815262}
{"state": "AUTHOR200_CASE_COMPLETED", "cases": 180, "fold": 3, "episode": 29, "IU": {"author_standard": [11558, 12397], "legacy_same_instance_box": [11558, 12397], "author_mining_maxneg0": [11561, 12400]}, "wall_seconds": 1.0640185866504908}
{"state": "AUTHOR200_CASE_COMPLETED", "cases": 181, "fold": 3, "episode": 30, "IU": {"author_standard": [0, 1308], "legacy_same_instance_box": [0, 1308], "author_mining_maxneg0": [0, 1308]}, "wall_seconds": 1.1002022065222263}
{"state": "AUTHOR200_CASE_COMPLETED", "cases": 182, "fold": 3, "episode": 31, "IU": {"author_standard": [16054, 17204], "legacy_same_instance_box": [16054, 17204], "author_mining_maxneg0": [16024, 17192]}, "wall_seconds": 1.0623362120240927}
{"state": "AUTHOR200_CASE_COMPLETED", "cases": 183, "fold": 3, "episode": 32, "IU": {"author_standard": [11236, 12485], "legacy_same_instance_box": [11236, 12485], "author_mining_maxneg0": [11236, 12485]}, "wall_seconds": 1.0661916323006153}
{"state": "AUTHOR200_CASE_COMPLETED", "cases": 184, "fold": 3, "episode": 33, "IU": {"author_standard": [0, 74258], "legacy_same_instance_box": [0, 74258], "author_mining_maxneg0": [0, 74258]}, "wall_seconds": 1.0701165050268173}
{"state": "AUTHOR200_CASE_COMPLETED", "cases": 185, "fold": 3, "episode": 34, "IU": {"author_standard": [4838, 5237], "legacy_same_instance_box": [4838, 5237], "author_mining_maxneg0": [4835, 5237]}, "wall_seconds": 1.102552579715848}
{"state": "AUTHOR200_CASE_COMPLETED", "cases": 186, "fold": 3, "episode": 35, "IU": {"author_standard": [21023, 23294], "legacy_same_instance_box": [21023, 23294], "author_mining_maxneg0": [21024, 23292]}, "wall_seconds": 1.1530180722475052}
{"state": "AUTHOR200_CASE_COMPLETED", "cases": 187, "fold": 3, "episode": 36, "IU": {"author_standard": [119879, 127726], "legacy_same_instance_box": [119879, 127726], "author_mining_maxneg0": [120440, 127741]}, "wall_seconds": 1.0940779112279415}
{"state": "AUTHOR200_CASE_COMPLETED", "cases": 188, "fold": 3, "episode": 37, "IU": {"author_standard": [404, 538], "legacy_same_instance_box": [404, 538], "author_mining_maxneg0": [404, 538]}, "wall_seconds": 1.0969868320971727}
{"state": "AUTHOR200_CASE_COMPLETED", "cases": 189, "fold": 3, "episode": 38, "IU": {"author_standard": [0, 363], "legacy_same_instance_box": [0, 363], "author_mining_maxneg0": [0, 363]}, "wall_seconds": 1.1069598775357008}
{"state": "AUTHOR200_CASE_COMPLETED", "cases": 190, "fold": 3, "episode": 39, "IU": {"author_standard": [12426, 13431], "legacy_same_instance_box": [12426, 13431], "author_mining_maxneg0": [12405, 13423]}, "wall_seconds": 1.0792610421776772}
{"state": "AUTHOR200_CASE_COMPLETED", "cases": 191, "fold": 3, "episode": 40, "IU": {"author_standard": [18806, 31044], "legacy_same_instance_box": [18806, 31044], "author_mining_maxneg0": [18808, 30966]}, "wall_seconds": 1.0671756267547607}
{"state": "AUTHOR200_CASE_COMPLETED", "cases": 192, "fold": 3, "episode": 41, "IU": {"author_standard": [4812, 5175], "legacy_same_instance_box": [4812, 5175], "author_mining_maxneg0": [4813, 5176]}, "wall_seconds": 1.0938367992639542}
{"state": "AUTHOR200_CASE_COMPLETED", "cases": 193, "fold": 3, "episode": 42, "IU": {"author_standard": [369, 558], "legacy_same_instance_box": [369, 558], "author_mining_maxneg0": [369, 558]}, "wall_seconds": 1.0709495935589075}
{"state": "AUTHOR200_CASE_COMPLETED", "cases": 194, "fold": 3, "episode": 43, "IU": {"author_standard": [58020, 121403], "legacy_same_instance_box": [58020, 121403], "author_mining_maxneg0": [58006, 121376]}, "wall_seconds": 1.072143891826272}
{"state": "AUTHOR200_CASE_COMPLETED", "cases": 195, "fold": 3, "episode": 44, "IU": {"author_standard": [29260, 40104], "legacy_same_instance_box": [29260, 40104], "author_mining_maxneg0": [0, 39499]}, "wall_seconds": 1.073097525164485}
{"state": "AUTHOR200_CASE_COMPLETED", "cases": 196, "fold": 3, "episode": 45, "IU": {"author_standard": [466, 864], "legacy_same_instance_box": [466, 864], "author_mining_maxneg0": [466, 862]}, "wall_seconds": 1.0799221955239773}
{"state": "AUTHOR200_CASE_COMPLETED", "cases": 197, "fold": 3, "episode": 46, "IU": {"author_standard": [4013, 4735], "legacy_same_instance_box": [4013, 4735], "author_mining_maxneg0": [4015, 4735]}, "wall_seconds": 1.069757403805852}
{"state": "AUTHOR200_CASE_COMPLETED", "cases": 198, "fold": 3, "episode": 47, "IU": {"author_standard": [58368, 69098], "legacy_same_instance_box": [58368, 69098], "author_mining_maxneg0": [58308, 69095]}, "wall_seconds": 1.0629089307039976}
{"state": "AUTHOR200_CASE_COMPLETED", "cases": 199, "fold": 3, "episode": 48, "IU": {"author_standard": [40377, 48842], "legacy_same_instance_box": [40377, 48842], "author_mining_maxneg0": [40378, 48845]}, "wall_seconds": 1.075533078983426}
{"state": "AUTHOR200_CASE_COMPLETED", "cases": 200, "fold": 3, "episode": 49, "IU": {"author_standard": [20415, 22441], "legacy_same_instance_box": [20415, 22441], "author_mining_maxneg0": [12055, 22294]}, "wall_seconds": 1.0659488663077354}
