/root/miniconda3/lib/python3.12/site-packages/torchvision/transforms/functional.py:154: UserWarning: The given NumPy array is not writable, and PyTorch does not support non-writable tensors. This means writing to this tensor will result in undefined behavior. You may want to copy the array to protect its data or make it writable before converting it to a tensor. This type of warning will be suppressed for the rest of this program. (Triggered internally at /pytorch/torch/csrc/utils/tensor_numpy.cpp:213.)
  img = torch.from_numpy(pic.transpose((2, 0, 1))).contiguous()
{"images": 16, "rows": 141}
{"images": 32, "rows": 267}
{"images": 48, "rows": 381}
{"images": 64, "rows": 519}
{"images": 80, "rows": 654}
{"images": 96, "rows": 777}
{"images": 112, "rows": 897}
{"images": 128, "rows": 1056}
{"images": 144, "rows": 1197}
{"images": 160, "rows": 1314}
{"images": 176, "rows": 1449}
{"images": 192, "rows": 1596}
{"images": 208, "rows": 1740}
{"images": 224, "rows": 1860}
{"images": 240, "rows": 1980}
{"images": 256, "rows": 2133}
{
  "central": {
    "original_iou_head": {
      "mean_iou": 0.7015116670375835,
      "mean_boundary_iou": 0.6086273158192704,
      "mean_delta_iou": 0.0,
      "image_cluster_delta95": [
        0.0,
        0.0
      ]
    },
    "largest_original_mask": {
      "mean_iou": 0.6479737500775561,
      "mean_boundary_iou": 0.5364273018886077,
      "mean_delta_iou": -0.0535379169600274,
      "image_cluster_delta95": [
        -0.08808447034021263,
        -0.0229818460776025
      ]
    },
    "perturb_consistency": {
      "mean_iou": 0.7361841320842365,
      "mean_boundary_iou": 0.630120877917417,
      "mean_delta_iou": 0.03467246504665282,
      "image_cluster_delta95": [
        0.013194436313604604,
        0.055279575561691066
      ]
    }
  },
  "near_boundary": {
    "original_iou_head": {
      "mean_iou": 0.4563173084006224,
      "mean_boundary_iou": 0.41667953542119185,
      "mean_delta_iou": 0.0,
      "image_cluster_delta95": [
        0.0,
        0.0
      ]
    },
    "largest_original_mask": {
      "mean_iou": 0.5008318584401552,
      "mean_boundary_iou": 0.41987780792904006,
      "mean_delta_iou": 0.044514550039532766,
      "image_cluster_delta95": [
        0.007327923553201535,
        0.07990972776186442
      ]
    },
    "perturb_consistency": {
      "mean_iou": 0.5076135633535287,
      "mean_boundary_iou": 0.4485071699069965,
      "mean_delta_iou": 0.05129625495290629,
      "image_cluster_delta95": [
        0.02472898348141705,
        0.08018964013558472
      ]
    }
  },
  "box": {
    "original_iou_head": {
      "mean_iou": 0.8414226495879044,
      "mean_boundary_iou": 0.7285830515245277,
      "mean_delta_iou": 0.0,
      "image_cluster_delta95": [
        0.0,
        0.0
      ]
    },
    "largest_original_mask": {
      "mean_iou": 0.8216318029704535,
      "mean_boundary_iou": 0.7057512868345444,
      "mean_delta_iou": -0.019790846617451008,
      "image_cluster_delta95": [
        -0.028775452366710818,
        -0.010606479603184112
      ]
    },
    "perturb_consistency": {
      "mean_iou": 0.8422723417431756,
      "mean_boundary_iou": 0.7345411972829212,
      "mean_delta_iou": 0.0008496921552710935,
      "image_cluster_delta95": [
        -0.004410204858022163,
        0.00677803866613167
      ]
    }
  }
}
