/root/autodl-tmp/demo1_sam/runs/takeover_20261001_v1/tools/takeover_train_rank.py:61: UserWarning: Converting a tensor with requires_grad=True to a scalar may lead to unexpected behavior.
Consider using tensor.detach() first. (Triggered internally at /pytorch/torch/csrc/autograd/generated/python_variable_methods.cpp:838.)
  optimizer.zero_grad(set_to_none=True);loss=nn.functional.cross_entropy(model(tx[indices]),ty[indices]);loss.backward();nn.utils.clip_grad_norm_(model.parameters(),1);optimizer.step();total+=float(loss)*len(indices)
{"variant": "geometry_distilled", "seed": 2027, "best_epoch": 25, "epoch": 25, "train_cross_entropy": 0.6629569771644156, "validation_cross_entropy": 0.6457203030586243, "validation_target_agreement": 0.7125468254089355, "validation_mean_iou": 0.6275657588342147}
{"variant": "geometry_distilled", "seed": 2027, "best_epoch": 43, "epoch": 50, "train_cross_entropy": 0.6206530056478158, "validation_cross_entropy": 0.639593780040741, "validation_target_agreement": 0.720973789691925, "validation_mean_iou": 0.6230880013513537}
{"variant": "geometry_distilled", "seed": 2027, "best_epoch": 43, "epoch": 75, "train_cross_entropy": 0.600670700055358, "validation_cross_entropy": 0.6421194672584534, "validation_target_agreement": 0.7237827777862549, "validation_mean_iou": 0.6262169820575831}
{"variant": "geometry_distilled", "seed": 2027, "best_epoch": 43, "epoch": 100, "train_cross_entropy": 0.5722425047970131, "validation_cross_entropy": 0.6555062532424927, "validation_target_agreement": 0.7228464484214783, "validation_mean_iou": 0.6213609221219127}
{"status": "COMPLETED", "variant": "geometry_distilled", "seed": 2027, "epochs": 100, "selected_epoch": 43, "selection_criterion": "teacher CE", "parameter_count": 4481, "wall_seconds": 3.6363695953041315}
{"variant": "geometry_distilled", "seed": 2028, "best_epoch": 25, "epoch": 25, "train_cross_entropy": 0.6605144047256484, "validation_cross_entropy": 0.6473872065544128, "validation_target_agreement": 0.7153558135032654, "validation_mean_iou": 0.6241394483022165}
{"variant": "geometry_distilled", "seed": 2028, "best_epoch": 46, "epoch": 50, "train_cross_entropy": 0.6279151255236061, "validation_cross_entropy": 0.6379262208938599, "validation_target_agreement": 0.7284644246101379, "validation_mean_iou": 0.6255513831320842}
{"variant": "geometry_distilled", "seed": 2028, "best_epoch": 63, "epoch": 75, "train_cross_entropy": 0.6009142205740888, "validation_cross_entropy": 0.6383001208305359, "validation_target_agreement": 0.7265917658805847, "validation_mean_iou": 0.6268069035188483}
{"variant": "geometry_distilled", "seed": 2028, "best_epoch": 63, "epoch": 100, "train_cross_entropy": 0.566311137390092, "validation_cross_entropy": 0.6534212827682495, "validation_target_agreement": 0.7181648015975952, "validation_mean_iou": 0.6192069558547347}
{"status": "COMPLETED", "variant": "geometry_distilled", "seed": 2028, "epochs": 113, "selected_epoch": 63, "selection_criterion": "teacher CE", "parameter_count": 4481, "wall_seconds": 6.552307741716504}
{"variant": "geometry_distilled", "seed": 2029, "best_epoch": 23, "epoch": 25, "train_cross_entropy": 0.6632148728536095, "validation_cross_entropy": 0.651263415813446, "validation_target_agreement": 0.7116104960441589, "validation_mean_iou": 0.6344625563745607}
{"variant": "geometry_distilled", "seed": 2029, "best_epoch": 37, "epoch": 50, "train_cross_entropy": 0.6294830103910869, "validation_cross_entropy": 0.6417396068572998, "validation_target_agreement": 0.720973789691925, "validation_mean_iou": 0.6295826571967121}
{"variant": "geometry_distilled", "seed": 2029, "best_epoch": 37, "epoch": 75, "train_cross_entropy": 0.5841771387405592, "validation_cross_entropy": 0.656782865524292, "validation_target_agreement": 0.7237827777862549, "validation_mean_iou": 0.6246868736698368}
{"variant": "geometry_distilled", "seed": 2029, "best_epoch": 37, "epoch": 100, "train_cross_entropy": 0.5670387161431937, "validation_cross_entropy": 0.6715601086616516, "validation_target_agreement": 0.7200374603271484, "validation_mean_iou": 0.6293046062479518}
{"status": "COMPLETED", "variant": "geometry_distilled", "seed": 2029, "epochs": 100, "selected_epoch": 37, "selection_criterion": "teacher CE", "parameter_count": 4481, "wall_seconds": 6.715533589944243}
{"variant": "latent_distilled", "seed": 2027, "best_epoch": 4, "epoch": 25, "train_cross_entropy": 0.158157176127246, "validation_cross_entropy": 1.1277740001678467, "validation_target_agreement": 0.6741573214530945, "validation_mean_iou": 0.6121390114927162}
{"variant": "latent_distilled", "seed": 2027, "best_epoch": 4, "epoch": 50, "train_cross_entropy": 0.05918061573615501, "validation_cross_entropy": 1.644761323928833, "validation_target_agreement": 0.6544944047927856, "validation_mean_iou": 0.6177527623422966}
{"variant": "latent_distilled", "seed": 2027, "best_epoch": 4, "epoch": 75, "train_cross_entropy": 0.03610397548101706, "validation_cross_entropy": 1.8793193101882935, "validation_target_agreement": 0.6629213690757751, "validation_mean_iou": 0.61607609944335}
{"variant": "latent_distilled", "seed": 2027, "best_epoch": 4, "epoch": 100, "train_cross_entropy": 0.03436289790212633, "validation_cross_entropy": 2.0640909671783447, "validation_target_agreement": 0.6685393452644348, "validation_mean_iou": 0.6257270576882766}
{"status": "COMPLETED", "variant": "latent_distilled", "seed": 2027, "epochs": 100, "selected_epoch": 4, "selection_criterion": "teacher CE", "parameter_count": 53633, "wall_seconds": 6.690982908010483}
{"variant": "latent_distilled", "seed": 2028, "best_epoch": 6, "epoch": 25, "train_cross_entropy": 0.13807666537854463, "validation_cross_entropy": 1.1645334959030151, "validation_target_agreement": 0.6750936508178711, "validation_mean_iou": 0.6121246138013633}
{"variant": "latent_distilled", "seed": 2028, "best_epoch": 6, "epoch": 50, "train_cross_entropy": 0.046538226484581724, "validation_cross_entropy": 1.6116045713424683, "validation_target_agreement": 0.6853932738304138, "validation_mean_iou": 0.622533515729456}
{"variant": "latent_distilled", "seed": 2028, "best_epoch": 6, "epoch": 75, "train_cross_entropy": 0.03755192160501594, "validation_cross_entropy": 1.9085078239440918, "validation_target_agreement": 0.670412003993988, "validation_mean_iou": 0.6095714017953306}
{"variant": "latent_distilled", "seed": 2028, "best_epoch": 6, "epoch": 100, "train_cross_entropy": 0.034220960288122125, "validation_cross_entropy": 2.0938615798950195, "validation_target_agreement": 0.6863296031951904, "validation_mean_iou": 0.6065793732982008}
{"status": "COMPLETED", "variant": "latent_distilled", "seed": 2028, "epochs": 100, "selected_epoch": 6, "selection_criterion": "teacher CE", "parameter_count": 53633, "wall_seconds": 6.6554767601192}
{"variant": "latent_distilled", "seed": 2029, "best_epoch": 5, "epoch": 25, "train_cross_entropy": 0.14593125793836623, "validation_cross_entropy": 1.175513505935669, "validation_target_agreement": 0.687265932559967, "validation_mean_iou": 0.615223486919397}
{"variant": "latent_distilled", "seed": 2029, "best_epoch": 5, "epoch": 50, "train_cross_entropy": 0.05613960449021018, "validation_cross_entropy": 1.6654107570648193, "validation_target_agreement": 0.6779026389122009, "validation_mean_iou": 0.6129532061927836}
{"variant": "latent_distilled", "seed": 2029, "best_epoch": 5, "epoch": 75, "train_cross_entropy": 0.030642671401420782, "validation_cross_entropy": 1.8118128776550293, "validation_target_agreement": 0.6947565674781799, "validation_mean_iou": 0.6158391565055583}
{"variant": "latent_distilled", "seed": 2029, "best_epoch": 5, "epoch": 100, "train_cross_entropy": 0.03514215219163358, "validation_cross_entropy": 1.9033803939819336, "validation_target_agreement": 0.6807116270065308, "validation_mean_iou": 0.6110213508166961}
{"status": "COMPLETED", "variant": "latent_distilled", "seed": 2029, "epochs": 100, "selected_epoch": 5, "selection_criterion": "teacher CE", "parameter_count": 53633, "wall_seconds": 6.936883231624961}
{"variant": "geometry_supervised", "seed": 2027, "best_epoch": 24, "epoch": 25, "train_cross_entropy": 0.7710532910992604, "validation_cross_entropy": 0.7974479794502258, "validation_target_agreement": 0.6544944047927856, "validation_mean_iou": 0.6326194707163214}
{"variant": "geometry_supervised", "seed": 2027, "best_epoch": 49, "epoch": 50, "train_cross_entropy": 0.7241039021832251, "validation_cross_entropy": 0.7978984713554382, "validation_target_agreement": 0.6713483333587646, "validation_mean_iou": 0.6422955516086731}
{"variant": "geometry_supervised", "seed": 2027, "best_epoch": 55, "epoch": 75, "train_cross_entropy": 0.699569730036593, "validation_cross_entropy": 0.8091882467269897, "validation_target_agreement": 0.6807116270065308, "validation_mean_iou": 0.6421707832548367}
{"variant": "geometry_supervised", "seed": 2027, "best_epoch": 78, "epoch": 100, "train_cross_entropy": 0.666370950670685, "validation_cross_entropy": 0.827687680721283, "validation_target_agreement": 0.6797752976417542, "validation_mean_iou": 0.6432668840313303}
{"variant": "geometry_supervised", "seed": 2027, "best_epoch": 78, "epoch": 125, "train_cross_entropy": 0.632098056763704, "validation_cross_entropy": 0.8558410406112671, "validation_target_agreement": 0.6797752976417542, "validation_mean_iou": 0.6416489634840086}
{"status": "COMPLETED", "variant": "geometry_supervised", "seed": 2027, "epochs": 128, "selected_epoch": 78, "selection_criterion": "validation meanIoU", "parameter_count": 4481, "wall_seconds": 8.800025682896376}
{"variant": "geometry_supervised", "seed": 2028, "best_epoch": 24, "epoch": 25, "train_cross_entropy": 0.7685126249800251, "validation_cross_entropy": 0.8036561608314514, "validation_target_agreement": 0.6544944047927856, "validation_mean_iou": 0.6339054006237876}
{"variant": "geometry_supervised", "seed": 2028, "best_epoch": 38, "epoch": 50, "train_cross_entropy": 0.7217469058906423, "validation_cross_entropy": 0.8078883290290833, "validation_target_agreement": 0.6694756746292114, "validation_mean_iou": 0.6412058623290138}
{"variant": "geometry_supervised", "seed": 2028, "best_epoch": 38, "epoch": 75, "train_cross_entropy": 0.6851517595822298, "validation_cross_entropy": 0.838601291179657, "validation_target_agreement": 0.6750936508178711, "validation_mean_iou": 0.6403300113062377}
{"variant": "geometry_supervised", "seed": 2028, "best_epoch": 38, "epoch": 100, "train_cross_entropy": 0.6554730796109774, "validation_cross_entropy": 0.8732466101646423, "validation_target_agreement": 0.6750936508178711, "validation_mean_iou": 0.6396419890880245}
{"status": "COMPLETED", "variant": "geometry_supervised", "seed": 2028, "epochs": 100, "selected_epoch": 38, "selection_criterion": "validation meanIoU", "parameter_count": 4481, "wall_seconds": 6.6867635399103165}
{"variant": "geometry_supervised", "seed": 2029, "best_epoch": 17, "epoch": 25, "train_cross_entropy": 0.7663214953080958, "validation_cross_entropy": 0.8075530529022217, "validation_target_agreement": 0.6554307341575623, "validation_mean_iou": 0.6348311039650595}
{"variant": "geometry_supervised", "seed": 2029, "best_epoch": 45, "epoch": 50, "train_cross_entropy": 0.7235535199911562, "validation_cross_entropy": 0.8052770495414734, "validation_target_agreement": 0.6713483333587646, "validation_mean_iou": 0.6409142046794908}
{"variant": "geometry_supervised", "seed": 2029, "best_epoch": 61, "epoch": 75, "train_cross_entropy": 0.6841748852825925, "validation_cross_entropy": 0.837959885597229, "validation_target_agreement": 0.670412003993988, "validation_mean_iou": 0.6362087267451398}
{"variant": "geometry_supervised", "seed": 2029, "best_epoch": 61, "epoch": 100, "train_cross_entropy": 0.6499813695050046, "validation_cross_entropy": 0.8421708345413208, "validation_target_agreement": 0.6732209920883179, "validation_mean_iou": 0.6393105411528184}
{"status": "COMPLETED", "variant": "geometry_supervised", "seed": 2029, "epochs": 111, "selected_epoch": 61, "selection_criterion": "validation meanIoU", "parameter_count": 4481, "wall_seconds": 7.293879523873329}
{"variant": "latent_supervised", "seed": 2027, "best_epoch": 5, "epoch": 25, "train_cross_entropy": 0.11936736867299842, "validation_cross_entropy": 1.5166374444961548, "validation_target_agreement": 0.6479400992393494, "validation_mean_iou": 0.6474793214770257}
{"variant": "latent_supervised", "seed": 2027, "best_epoch": 5, "epoch": 50, "train_cross_entropy": 0.03604839412967923, "validation_cross_entropy": 2.138201951980591, "validation_target_agreement": 0.6376404762268066, "validation_mean_iou": 0.6444189950547042}
{"variant": "latent_supervised", "seed": 2027, "best_epoch": 5, "epoch": 75, "train_cross_entropy": 0.030521120374827557, "validation_cross_entropy": 2.4850850105285645, "validation_target_agreement": 0.6348314881324768, "validation_mean_iou": 0.6468882348240371}
{"variant": "latent_supervised", "seed": 2027, "best_epoch": 5, "epoch": 100, "train_cross_entropy": 0.027789536199894414, "validation_cross_entropy": 2.6288554668426514, "validation_target_agreement": 0.6245318651199341, "validation_mean_iou": 0.640630044414496}
{"status": "COMPLETED", "variant": "latent_supervised", "seed": 2027, "epochs": 100, "selected_epoch": 5, "selection_criterion": "validation meanIoU", "parameter_count": 53633, "wall_seconds": 6.835117779672146}
{"variant": "latent_supervised", "seed": 2028, "best_epoch": 12, "epoch": 25, "train_cross_entropy": 0.14130764548565042, "validation_cross_entropy": 1.3620754480361938, "validation_target_agreement": 0.6460674405097961, "validation_mean_iou": 0.6451452126913588}
{"variant": "latent_supervised", "seed": 2028, "best_epoch": 12, "epoch": 50, "train_cross_entropy": 0.038991012470338246, "validation_cross_entropy": 1.9240050315856934, "validation_target_agreement": 0.6694756746292114, "validation_mean_iou": 0.6478687297466582}
{"variant": "latent_supervised", "seed": 2028, "best_epoch": 12, "epoch": 75, "train_cross_entropy": 0.025488068005161783, "validation_cross_entropy": 2.2001025676727295, "validation_target_agreement": 0.6516854166984558, "validation_mean_iou": 0.6469249750962086}
{"variant": "latent_supervised", "seed": 2028, "best_epoch": 12, "epoch": 100, "train_cross_entropy": 0.016344585332389007, "validation_cross_entropy": 2.3905770778656006, "validation_target_agreement": 0.6544944047927856, "validation_mean_iou": 0.6462434440804237}
{"status": "COMPLETED", "variant": "latent_supervised", "seed": 2028, "epochs": 100, "selected_epoch": 12, "selection_criterion": "validation meanIoU", "parameter_count": 53633, "wall_seconds": 6.802885135635734}
{"variant": "latent_supervised", "seed": 2029, "best_epoch": 11, "epoch": 25, "train_cross_entropy": 0.13447837748132957, "validation_cross_entropy": 1.3516522645950317, "validation_target_agreement": 0.6647940278053284, "validation_mean_iou": 0.6487563451646118}
{"variant": "latent_supervised", "seed": 2029, "best_epoch": 11, "epoch": 50, "train_cross_entropy": 0.051604699727673516, "validation_cross_entropy": 1.9093574285507202, "validation_target_agreement": 0.6404494643211365, "validation_mean_iou": 0.6445176032150157}
{"variant": "latent_supervised", "seed": 2029, "best_epoch": 11, "epoch": 75, "train_cross_entropy": 0.024802629538561556, "validation_cross_entropy": 2.143108606338501, "validation_target_agreement": 0.6507490873336792, "validation_mean_iou": 0.6472308314086905}
{"variant": "latent_supervised", "seed": 2029, "best_epoch": 11, "epoch": 100, "train_cross_entropy": 0.027433533989944428, "validation_cross_entropy": 2.430689573287964, "validation_target_agreement": 0.6526217460632324, "validation_mean_iou": 0.644358046353818}
{"status": "COMPLETED", "variant": "latent_supervised", "seed": 2029, "epochs": 100, "selected_epoch": 11, "selection_criterion": "validation meanIoU", "parameter_count": 53633, "wall_seconds": 6.8175351191312075}
