1. Independence of recall, false-alarm area and target area (complete FoRIS, 1024 frame; episodes)
   set          n   FoRIS | rho(F,g) [95%]            rho(r,g) [95%]            rho(F,r) | slope log F on log g | F %image mean / median
   COCO        1800  60.33 | +0.06 [+0.02,+0.11]      -0.05 [-0.09,+0.00]      +0.04    | +0.08                 |  3.05 / 0.87
   PASCAL-Part  598  52.03 | -0.07 [-0.15,+0.01]      -0.19 [-0.27,-0.12]      +0.04    | -0.09                 |  4.62 / 2.28
   SUIM         582  61.44 | +0.23 [+0.15,+0.31]      +0.01 [-0.07,+0.08]      +0.05    | +0.30                 |  7.92 / 0.93
   PACO-Part    599  41.95 | +0.02 [-0.06,+0.10]      -0.21 [-0.29,-0.13]      +0.06    | -0.03                 | 10.58 / 6.02
   LVIS         599  44.22 | +0.09 [+0.01,+0.17]      +0.11 [+0.03,+0.20]      +0.08    | +0.09                 |  3.03 / 1.00

2. By target share of the image: recall and false-alarm area do not follow the target
   COCO
     bin      n    mean IoU  recall mean/median  F %image mean/median  F tokens(median)  pred/true(median)
     0.2-1%   139     41.6   0.816 / 0.897       3.79 / 0.88            36.1           1.92
     1-5%     717     55.2   0.826 / 0.915       3.31 / 0.81            33.2           1.22
     5-20%    585     71.2   0.831 / 0.922       2.59 / 0.78            31.9           1.00
     >20%     359     71.9   0.775 / 0.863       2.98 / 1.05            43.1           0.92
   PASCAL-Part
     bin      n    mean IoU  recall mean/median  F %image mean/median  F tokens(median)  pred/true(median)
     0.2-1%    22     29.4   0.909 / 0.938       2.46 / 1.83            74.8           3.45
     1-5%     112     40.1   0.811 / 0.926       5.82 / 2.83           116.0           2.14
     5-20%    216     57.2   0.747 / 0.834       4.46 / 2.62           107.3           1.04
     >20%     243     67.0   0.733 / 0.813       4.46 / 2.03            83.1           0.90
   SUIM
     bin      n    mean IoU  recall mean/median  F %image mean/median  F tokens(median)  pred/true(median)
     0.2-1%    28     38.5   0.825 / 0.881       4.41 / 0.33            13.3           1.72
     1-5%     128     60.8   0.767 / 0.868       4.75 / 0.23             9.4           0.98
     5-20%    174     59.2   0.769 / 0.891       9.34 / 0.87            35.4           1.01
     >20%     248     65.8   0.767 / 0.862       8.92 / 2.01            82.4           0.95
   PACO-Part
     bin      n    mean IoU  recall mean/median  F %image mean/median  F tokens(median)  pred/true(median)
     0.2-1%    16     17.2   0.860 / 0.982       5.38 / 3.34           136.6           5.73
     1-5%     145     31.8   0.789 / 0.943       9.57 / 4.38           179.2           2.36
     5-20%    284     43.4   0.762 / 0.929      11.83 / 7.66           313.9           1.47
     >20%     154     56.1   0.713 / 0.859       9.75 / 5.47           223.9           1.02
   LVIS
     bin      n    mean IoU  recall mean/median  F %image mean/median  F tokens(median)  pred/true(median)
     <0.2%     98     16.6   0.651 / 0.746       2.07 / 0.76            31.2           8.74
     0.2-1%   177     37.3   0.806 / 0.924       2.64 / 0.58            23.6           2.15
     1-5%     172     46.7   0.804 / 0.949       4.22 / 1.61            66.2           1.71
     5-20%    111     71.0   0.826 / 0.947       3.07 / 0.80            32.6           1.02
     >20%      41     77.2   0.819 / 0.925       1.89 / 0.90            36.9           0.96

3. Class mIoU if one side were removed (label diagnostic, not an attainable gain)
   set          FoRIS |  F=0    FN=0 |  F/2    F/4  | F=0 only where F>g  (episodes with F>g) | top 10% episodes hold of sum F
   COCO         60.33 | 79.91 [79.4,81.8]  75.25 | 67.58  72.67  | 71.41               (19.1%)          | 56.5%
   PASCAL-Part  52.03 | 77.32 [74.8,80.2]  68.33 | 60.24  66.64  | 65.36               (18.7%)          | 41.9%
   SUIM         61.44 | 76.82 [74.4,79.3]  79.20 | 67.70  71.75  | 70.10               (17.0%)          | 56.3%
   PACO-Part    41.95 | 75.44 [73.2,77.5]  56.86 | 51.35  59.36  | 64.31               (39.4%)          | 36.7%
   LVIS         44.22 | 79.79 [77.1,81.0]  53.38 | 51.60  58.41  | 71.66               (42.7%)          | 54.7%

4. Every stored arm in the same coordinates: pooled recall, pooled false-alarm area per unit target area
   COCO
     native    mIoU 60.33 | recall 77.7% | sum F / sum g 0.250 | F=0 ceiling 79.91 | episodes F>g 19.1%
     rcg       mIoU 61.72 | recall 77.7% | sum F / sum g 0.228 | F=0 ceiling 79.88 | episodes F>g 16.6%
     rcg_fine  mIoU 62.15 | recall 78.0% | sum F / sum g 0.225 | F=0 ceiling 80.09 | episodes F>g 16.2%
     rcg2      mIoU 62.36 | recall 78.1% | sum F / sum g 0.218 | F=0 ceiling 77.84 | episodes F>g 13.2%
   PASCAL-Part
     native    mIoU 52.03 | recall 73.4% | sum F / sum g 0.194 | F=0 ceiling 77.32 | episodes F>g 18.7%
     rcg       mIoU 53.63 | recall 74.2% | sum F / sum g 0.182 | F=0 ceiling 76.92 | episodes F>g 15.9%
     rcg_fine  mIoU 53.63 | recall 74.3% | sum F / sum g 0.183 | F=0 ceiling 76.95 | episodes F>g 15.7%
     rcg2      mIoU 53.50 | recall 77.2% | sum F / sum g 0.207 | F=0 ceiling 74.21 | episodes F>g 12.2%
   SUIM
     native    mIoU 61.44 | recall 76.3% | sum F / sum g 0.321 | F=0 ceiling 76.82 | episodes F>g 17.0%
     rcg       mIoU 61.28 | recall 77.5% | sum F / sum g 0.328 | F=0 ceiling 77.71 | episodes F>g 15.8%
     rcg_fine  mIoU 61.67 | recall 77.7% | sum F / sum g 0.327 | F=0 ceiling 77.87 | episodes F>g 15.8%
     rcg2      mIoU 61.17 | recall 81.6% | sum F / sum g 0.399 | F=0 ceiling 79.12 | episodes F>g 16.7%
   PACO-Part
     native    mIoU 41.95 | recall 70.1% | sum F / sum g 0.678 | F=0 ceiling 75.44 | episodes F>g 39.4%
     rcg       mIoU 42.22 | recall 70.0% | sum F / sum g 0.679 | F=0 ceiling 74.61 | episodes F>g 37.7%
     rcg_fine  mIoU 42.16 | recall 70.0% | sum F / sum g 0.681 | F=0 ceiling 74.51 | episodes F>g 37.6%
     rcg2      mIoU 41.84 | recall 71.7% | sum F / sum g 0.759 | F=0 ceiling 72.63 | episodes F>g 33.6%
   LVIS
     native    mIoU 44.22 | recall 80.8% | sum F / sum g 0.567 | F=0 ceiling 79.79 | episodes F>g 42.7%
     rcg       mIoU 44.53 | recall 80.8% | sum F / sum g 0.496 | F=0 ceiling 74.46 | episodes F>g 36.2%
     rcg_fine  mIoU 45.09 | recall 81.2% | sum F / sum g 0.489 | F=0 ceiling 73.82 | episodes F>g 35.4%
     rcg2      mIoU 46.66 | recall 80.2% | sum F / sum g 0.432 | F=0 ceiling 70.30 | episodes F>g 30.9%

5. Independence model: IoU_i = r_j g_i / (g_i + F_j), (r_j, F_j) drawn from the same set regardless of g_i (episode mean IoU)
   set           actual  model | per bin actual/model
   COCO           62.7   62.1 |  0.2-1% 41.6/40.5  1-5% 55.2/53.4  5-20% 71.2/69.0  >20% 71.9/76.6
   PASCAL-Part    56.5   57.8 |  0.2-1% 29.4/21.5  1-5% 40.1/40.1  5-20% 57.2/58.5  >20% 67.0/69.6
   SUIM           61.0   58.8 |  0.2-1% 38.5/30.6  1-5% 60.8/46.3  5-20% 59.2/59.1  >20% 65.8/69.0
   PACO-Part      43.1   44.3 |  0.2-1% 17.2/13.4  1-5% 31.8/28.0  5-20% 43.4/45.5  >20% 56.1/60.7
   LVIS           45.6   43.8 |  <0.2% 16.6/14.7  0.2-1% 37.3/32.3  1-5% 46.7/50.7  5-20% 71.0/66.0  >20% 77.2/73.6
   transplant: targets of the row set meet the (recall, false alarm) pairs of the column set
                       COCO PASCAL-Part        SUIM   PACO-Part        LVIS
   COCO                62.0        49.6        53.4        38.3        59.7
   PASCAL-Part         68.4        57.8        59.2        47.9        65.6
   SUIM                67.3        56.9        58.7        47.1        65.0
   PACO-Part           66.8        55.4        57.3        44.3        64.3
   LVIS                44.8        32.6        39.2        23.3        43.9

6. What one level for all episodes can trade on the stored RCG fine field (levels 0.30-0.70)
   COCO        at 0.50: mIoU 62.15, recall 78.0%, sum F / sum g 0.225 | sum F halves at 0.650: recall 64.1%, mIoU 57.50 | same recall with half the false alarms would read 68.93 | best level per episode 70.17 (recall 86.8%, sum F / sum g 0.215)
   PASCAL-Part at 0.50: mIoU 53.63, recall 74.3%, sum F / sum g 0.183 | sum F halves at 0.637: recall 58.0%, mIoU 49.48 | same recall with half the false alarms would read 61.65 | best level per episode 61.95 (recall 86.1%, sum F / sum g 0.202)
   SUIM        at 0.50: mIoU 61.67, recall 77.7%, sum F / sum g 0.327 | sum F halves at 0.662: recall 57.7%, mIoU 52.44 | same recall with half the false alarms would read 68.28 | best level per episode 69.80 (recall 89.0%, sum F / sum g 0.305)
   PACO-Part   at 0.50: mIoU 42.16, recall 70.0%, sum F / sum g 0.681 | sum F halves at 0.650: recall 54.2%, mIoU 42.21 | same recall with half the false alarms would read 51.25 | best level per episode 54.46 (recall 82.1%, sum F / sum g 0.584)
   LVIS        at 0.50: mIoU 45.09, recall 81.2%, sum F / sum g 0.489 | sum F halves at 0.637: recall 68.8%, mIoU 43.72 | same recall with half the false alarms would read 51.58 | best level per episode 54.98 (recall 88.2%, sum F / sum g 0.512)

7. COCO public 4000, FoRIS score without CRF at 0.5: which classes are hard
   over 80 classes: rho(class IoU, median F) -0.69, rho(class IoU, median g) +0.35, rho(class IoU, median recall) +0.39, rho(median F, median g) +0.16
   inside a class: mean rho(F,g) +0.09, rho(r,g) -0.04; all 4000: rho(F,g) +0.10, class mIoU 60.41, F=0 ceiling 80.44
   largest median false alarm: bowl IoU 33 g 3.2% F 5.59%; carrot IoU 44 g 5.4% F 4.16%; book IoU 31 g 2.1% F 3.84%; broccoli IoU 58 g 9.6% F 3.62%; dining_table IoU 33 g 20.3% F 3.35%; chair IoU 32 g 4.5% F 3.18%; sink IoU 46 g 4.9% F 3.05%; oven IoU 41 g 6.6% F 2.83%
   smallest median false alarm: toaster IoU 61 g 1.5% F 0.44%; baseball_glove IoU 67 g 1.3% F 0.43%; bear IoU 88 g 13.8% F 0.42%; surfboard IoU 76 g 2.6% F 0.41%; fire_hydrant IoU 88 g 6.8% F 0.33%; frisbee IoU 77 g 1.7% F 0.23%; tennis_racket IoU 76 g 1.8% F 0.16%; sports_ball IoU 80 g 1.6% F 0.12%

8. COCO fresh600 on the 64 x 64 grid, FoRIS response min-max > 0.5: where the false alarms are
   class mIoU 60.32; without any false alarm 82.70; without any miss 72.70; without false alarms beyond 4.5 tokens of the truth 71.04; without those within 1.5 tokens 64.43
   false-alarm mass: within 1.5 tokens of the truth 20.2%, beyond 4.5 tokens 64.5%, in a predicted component that touches the truth 69.5%
   by score level: inside a wrong peak (> 0.75, mostly not truth) 25.5%, low skirt of a component with a right peak 42.5%, low region with no right peak 32.0%
   rho(false-alarm tokens, truth tokens) +0.09; the highest token lies on the truth in 82.3% of episodes
