
== COCO-D n=600
  foris: episodes with recall>=0.5: 89%;  fitted length L = 1.20 tokens (median abs log error of the radius 0.068)
    truth tokens   n   excess radius d, quartiles 25/50/75   mask/truth median   model at fitted L   | all episodes: mask tokens 10/50/90 percentile
       20-40      34    0.14 /  0.91 /  3.07          1.64            1.04          |     32 /     64 /    316
       40-80      89   -0.04 /  0.61 /  2.46          1.30            1.02          |     42 /     79 /    313
       80-160     85   -0.08 /  0.31 /  1.75          1.11            1.00          |     82 /    130 /    401
      160-320     95   -0.08 /  0.19 /  1.73          1.04            1.00          |    166 /    260 /    493
      320-640     99   -0.31 /  0.03 /  0.46          1.01            1.00          |    267 /    445 /    641
      640-1280    78   -1.29 / -0.15 /  0.32          0.98            1.00          |    570 /    837 /   1315
     1280-4097    55   -2.48 / -0.72 / -0.07          0.94            1.00          |    775 /   1492 /   2345
  rcg  : episodes with recall>=0.5: 88%;  fitted length L = 1.75 tokens (median abs log error of the radius 0.063)

== PASCAL-Part n=598
  foris: episodes with recall>=0.5: 84%;  fitted length L = 5.15 tokens (median abs log error of the radius 0.130)
    truth tokens   n   excess radius d, quartiles 25/50/75   mask/truth median   model at fitted L   | all episodes: mask tokens 10/50/90 percentile
       20-40      14    1.06 /  2.56 /  3.62          3.15            2.95          |     36 /    108 /    236
       40-80      33    1.02 /  2.66 /  3.40          2.60            2.03          |     62 /    144 /    581
       80-160     43    0.90 /  1.60 /  3.73          1.69            1.55          |    118 /    198 /    551
      160-320     74    0.06 /  1.33 /  4.29          1.32            1.21          |    191 /    332 /    720
      320-640     88   -0.55 /  0.45 /  1.97          1.08            1.08          |    275 /    459 /    781
      640-1280    90   -1.24 /  0.03 /  1.89          1.00            1.02          |    446 /    843 /   1250
     1280-4097   148   -2.98 / -0.85 /  0.06          0.93            1.00          |   1033 /   1773 /   2855
  rcg  : episodes with recall>=0.5: 82%;  fitted length L = 4.30 tokens (median abs log error of the radius 0.128)

== SUIM n=582
  foris: episodes with recall>=0.5: 85%;  fitted length L = 1.65 tokens (median abs log error of the radius 0.075)
    truth tokens   n   excess radius d, quartiles 25/50/75   mask/truth median   model at fitted L   | all episodes: mask tokens 10/50/90 percentile
       10-20      12    0.71 /  6.24 /  8.89         12.96            1.31          |     19 /    217 /    627
       20-40      12   -0.02 /  0.33 /  1.92          1.20            1.16          |     21 /     39 /    613
       40-80      33   -0.17 /  0.06 /  0.27          1.03            1.05          |     29 /     66 /    201
       80-160     59   -0.33 / -0.09 /  0.50          0.97            1.02          |     74 /    110 /    935
      160-320     69   -0.45 / -0.01 /  1.71          1.00            1.00          |    156 /    260 /   1500
      320-640     63   -0.39 / -0.08 /  1.45          0.99            1.00          |    330 /    505 /   1518
      640-1280    89   -0.71 /  0.63 /  5.50          1.08            1.00          |    455 /    966 /   2411
     1280-4097   155   -2.61 / -0.55 /  0.70          0.96            1.00          |    943 /   2067 /   3166
  rcg  : episodes with recall>=0.5: 82%;  fitted length L = 1.35 tokens (median abs log error of the radius 0.060)

== PACO-Part n=599
  foris: episodes with recall>=0.5: 80%;  fitted length L = 6.85 tokens (median abs log error of the radius 0.210)
    truth tokens   n   excess radius d, quartiles 25/50/75   mask/truth median   model at fitted L   | all episodes: mask tokens 10/50/90 percentile
       20-40       9    2.66 /  3.15 /  4.39          4.04            4.09          |     73 /    141 /    465
       40-80      31    1.94 /  5.49 /  6.93          5.45            2.99          |     73 /    290 /    775
       80-160     62    2.09 /  3.67 /  9.07          2.53            1.91          |    129 /    293 /   1088
      160-320    109    1.11 /  3.57 /  7.63          2.02            1.41          |    213 /    447 /   1419
      320-640    114    1.19 /  3.17 /  6.55          1.60            1.21          |    329 /    700 /   1578
      640-1280   103    0.38 /  2.10 /  5.86          1.28            1.07          |    515 /   1112 /   2074
     1280-4097    49   -1.06 /  0.16 /  1.78          1.02            1.02          |    569 /   1643 /   2889
  rcg  : episodes with recall>=0.5: 79%;  fitted length L = 7.15 tokens (median abs log error of the radius 0.220)

== LVIS n=599
  foris: episodes with recall>=0.5: 85%;  fitted length L = 1.45 tokens (median abs log error of the radius 0.217)
    truth tokens   n   excess radius d, quartiles 25/50/75   mask/truth median   model at fitted L   | all episodes: mask tokens 10/50/90 percentile
        0-5       44    0.57 /  2.46 /  4.47         21.87            3.17          |      2 /     28 /    205
        5-10      40    0.20 /  1.56 /  4.07          4.20            1.64          |      7 /     45 /    227
       10-20      63    0.22 /  1.92 /  3.75          3.72            1.32          |     12 /     50 /    304
       20-40      73    0.14 /  0.79 /  2.54          1.67            1.13          |     22 /     41 /    315
       40-80      75    0.58 /  1.97 /  3.87          2.18            1.04          |     52 /    115 /    542
       80-160     61    0.01 /  0.63 /  3.04          1.23            1.01          |     88 /    163 /    358
      160-320     46    0.11 /  0.74 /  1.67          1.19            1.00          |    170 /    268 /    505
      320-640     52   -0.47 /  0.08 /  0.62          1.01            1.00          |    270 /    420 /    700
      640-1280    32   -1.26 / -0.12 /  0.73          0.99            1.00          |    549 /    788 /   1239
     1280-4097    21   -1.29 / -0.32 /  0.02          0.98            1.00          |    931 /   1586 /   2105
  rcg  : episodes with recall>=0.5: 77%;  fitted length L = 0.40 tokens (median abs log error of the radius 0.165)

all five datasets pooled, foris: L = 2.10 tokens (median abs log error 0.159)
all five datasets pooled, rcg: L = 1.55 tokens (median abs log error 0.130)
