
== COCO-D n=600  RCG fine at 0.5: 63.99
  level whose area equals the true area  all +6.85;  only for targets <1% / 1-5% / 5-20% / >20%: +0.40 / +2.58 / +0.87 / +2.77
  best level per episode                 all +7.14;  only for targets <1% / 1-5% / 5-20% / >20%: -0.04 / +2.21 / +1.45 / +3.46
  mask at 0.5 more than 2x too big: 38% / 21% / 4% / 2%;  more than 2x too small: 3% / 5% / 7% / 11%;  episodes per band: 39 / 228 / 210 / 123
  best single level for the whole band: 0.61 / 0.65 / 0.47 / 0.38

== PASCAL-Part n=598  RCG fine at 0.5: 53.63
  level whose area equals the true area  all +7.31;  only for targets <1% / 1-5% / 5-20% / >20%: +0.41 / +2.24 / +1.73 / +2.51
  best level per episode                 all +8.32;  only for targets <1% / 1-5% / 5-20% / >20%: +0.30 / +2.00 / +2.60 / +3.23
  mask at 0.5 more than 2x too big: 59% / 46% / 6% / 0%;  more than 2x too small: 7% / 3% / 10% / 15%;  episodes per band: 27 / 112 / 216 / 243
  best single level for the whole band: 0.54 / 0.64 / 0.49 / 0.35

== SUIM n=582  RCG fine at 0.5: 61.67
  level whose area equals the true area  all +9.72;  only for targets <1% / 1-5% / 5-20% / >20%: +0.96 / +1.13 / +2.24 / +4.89
  best level per episode                 all +8.12;  only for targets <1% / 1-5% / 5-20% / >20%: -1.22 / +0.73 / +2.31 / +6.37
  mask at 0.5 more than 2x too big: 44% / 16% / 20% / 7%;  more than 2x too small: 3% / 7% / 11% / 12%;  episodes per band: 32 / 128 / 174 / 248
  best single level for the whole band: 0.70 / 0.70 / 0.57 / 0.34

== PACO-Part n=599  RCG fine at 0.5: 42.16
  level whose area equals the true area  all +9.37;  only for targets <1% / 1-5% / 5-20% / >20%: +0.37 / +1.94 / +3.77 / +2.85
  best level per episode                 all +12.30;  only for targets <1% / 1-5% / 5-20% / >20%: +0.41 / +2.25 / +5.40 / +3.99
  mask at 0.5 more than 2x too big: 88% / 56% / 33% / 10%;  more than 2x too small: 0% / 3% / 8% / 17%;  episodes per band: 16 / 145 / 284 / 154
  best single level for the whole band: 0.70 / 0.70 / 0.61 / 0.36

== LVIS n=599  RCG fine at 0.5: 45.09
  level whose area equals the true area  all +8.31;  only for targets <1% / 1-5% / 5-20% / >20%: +4.64 / +2.64 / +0.49 / +0.46
  best level per episode                 all +9.90;  only for targets <1% / 1-5% / 5-20% / >20%: +4.83 / +3.27 / +1.18 / +0.55
  mask at 0.5 more than 2x too big: 48% / 37% / 6% / 0%;  more than 2x too small: 16% / 3% / 7% / 10%;  episodes per band: 275 / 172 / 111 / 41
  best single level for the whole band: 0.61 / 0.69 / 0.51 / 0.39
