
== COCO-D n=600  FoRIS 62.42  RCG 63.59 (+1.16)  RCG+fine 63.99
  RCG swapped in only for target share <1% / 1-5% / 5-20% / >20%: +0.14 (n=39, mean dIoU +2.6) / +0.72 (n=228, mean dIoU +1.6) / +0.29 (n=210, mean dIoU +0.8) / -0.00 (n=123, mean dIoU -0.0)
  episodes moving >5 IoU points: 23% (up 14%, down 9%)
  per-episode better of the two (label oracle): +2.39
  use RCG only when the FoRIS mask covers >= 0.5% / 1% / 2% / 5% of the image: +1.16 / +1.17 / +1.17 / +0.89
  RCG mask area / FoRIS mask area, median 1.00; over-covered >2x: FoRIS 15%, RCG 13%

== PASCAL-Part n=598  FoRIS 52.03  RCG 53.63 (+1.60)  RCG+fine 53.63
  RCG swapped in only for target share <1% / 1-5% / 5-20% / >20%: +0.15 (n=27, mean dIoU +3.6) / +0.91 (n=112, mean dIoU +2.5) / +0.41 (n=216, mean dIoU +1.1) / +0.10 (n=243, mean dIoU +0.4)
  episodes moving >5 IoU points: 29% (up 18%, down 11%)
  per-episode better of the two (label oracle): +3.01
  use RCG only when the FoRIS mask covers >= 0.5% / 1% / 2% / 5% of the image: +1.60 / +1.60 / +1.57 / +1.32
  RCG mask area / FoRIS mask area, median 0.99; over-covered >2x: FoRIS 17%, RCG 13%

== SUIM n=582  FoRIS 61.44  RCG 61.28 (-0.16)  RCG+fine 61.67
  RCG swapped in only for target share <1% / 1-5% / 5-20% / >20%: +0.11 (n=32, mean dIoU +2.8) / -0.26 (n=128, mean dIoU -1.4) / -0.17 (n=174, mean dIoU -0.8) / +0.16 (n=248, mean dIoU +0.4)
  episodes moving >5 IoU points: 29% (up 14%, down 15%)
  per-episode better of the two (label oracle): +2.19
  use RCG only when the FoRIS mask covers >= 0.5% / 1% / 2% / 5% of the image: -0.16 / -0.16 / -0.16 / +0.09
  RCG mask area / FoRIS mask area, median 1.02; over-covered >2x: FoRIS 15%, RCG 15%

== PACO-Part n=599  FoRIS 41.95  RCG 42.22 (+0.27)  RCG+fine 42.16
  RCG swapped in only for target share <1% / 1-5% / 5-20% / >20%: +0.07 (n=16, mean dIoU +4.6) / +0.07 (n=145, mean dIoU +0.5) / +0.35 (n=284, mean dIoU +0.5) / -0.24 (n=154, mean dIoU -0.6)
  episodes moving >5 IoU points: 26% (up 14%, down 12%)
  per-episode better of the two (label oracle): +2.09
  use RCG only when the FoRIS mask covers >= 0.5% / 1% / 2% / 5% of the image: +0.27 / +0.27 / +0.31 / +0.24
  RCG mask area / FoRIS mask area, median 1.00; over-covered >2x: FoRIS 35%, RCG 34%

== LVIS n=599  FoRIS 44.22  RCG 44.53 (+0.30)  RCG+fine 45.09
  RCG swapped in only for target share <1% / 1-5% / 5-20% / >20%: +0.10 (n=275, mean dIoU -0.3) / +0.25 (n=172, mean dIoU +0.8) / -0.05 (n=111, mean dIoU -0.3) / -0.01 (n=41, mean dIoU +0.3)
  episodes moving >5 IoU points: 34% (up 15%, down 18%)
  per-episode better of the two (label oracle): +2.83
  use RCG only when the FoRIS mask covers >= 0.5% / 1% / 2% / 5% of the image: +0.95 / +1.09 / +0.74 / +0.29
  RCG mask area / FoRIS mask area, median 0.97; over-covered >2x: FoRIS 41%, RCG 34%

== sampling noise (episode bootstrap, RCG as the stand-in for the graph family)
  LVIS: sd of the paired difference to FoRIS at n=200 / 600 / 1400: 0.73 / 0.38 / 0.20;  sd of an unpaired score at n=200: 2.19
  PACO-Part: sd of the paired difference to FoRIS at n=200 / 600 / 1400: 0.46 / 0.25 / 0.14;  sd of an unpaired score at n=200: 1.89
  LVIS, RCG only where the FoRIS mask >= 1% of the image, vs FoRIS: 95% interval [+0.55, +1.61]
  same rule vs unconditional RCG: [+0.38, +1.43]
