
== LVIS n=599  FoRIS 44.22
  bin      n   share  tokens(med)  mean IoU  IoU<0.2  empty  pred/true(med)  >2x  best-level IoU  perfect-bin gain
  <0.2%     98    16%          3      16.6      72%     0%          8.74   79%         25.6          +11.10
  0.2-1%   177    30%         20      37.3      40%     0%          2.15   51%         51.5          +17.44
  1-5%     172    29%         85      46.7      26%     0%          1.71   42%         59.2          +14.74
  5-20%    111    19%        405      71.0       9%     0%          1.02    6%         77.7           +5.64
  >20%      41     7%       1337      77.2       2%     0%          0.96    0%         84.9           +1.90

== PACO-Part n=599  FoRIS 41.95
  bin      n   share  tokens(med)  mean IoU  IoU<0.2  empty  pred/true(med)  >2x  best-level IoU  perfect-bin gain
  0.2-1%    16     3%         33      17.2      62%     0%          5.73  100%         40.9           +1.45
  1-5%     145    24%        118      31.8      43%     0%          2.36   59%         45.3          +12.10
  5-20%    284    47%        386      43.4      24%     0%          1.47   34%         56.3          +25.06
  >20%     154    26%       1214      56.1      12%     0%          1.02    8%         68.3          +12.64

== COCO-D n=600  FoRIS 62.42
  bin      n   share  tokens(med)  mean IoU  IoU<0.2  empty  pred/true(med)  >2x  best-level IoU  perfect-bin gain
  0.2-1%    39     6%         35      43.5      26%     0%          1.83   44%         53.6           +1.54
  1-5%     228    38%         89      55.7      15%     0%          1.16   26%         66.6          +10.21
  5-20%    210    35%        418      72.5       6%     0%          1.00    5%         79.3           +8.47
  >20%     123    20%       1387      70.7       4%     0%          0.92    2%         79.4          +11.54

== PASCAL-Part n=598  FoRIS 52.03
  bin      n   share  tokens(med)  mean IoU  IoU<0.2  empty  pred/true(med)  >2x  best-level IoU  perfect-bin gain
  <0.2%      5     1%          6       6.9     100%     0%         13.61  100%          8.6           +0.16
  0.2-1%    22     4%         26      29.4      36%     0%          3.45   82%         46.9           +0.83
  1-5%     112    19%        105      40.1      22%     0%          2.14   55%         52.0          +13.40
  5-20%    216    36%        456      57.2      10%     0%          1.04    7%         66.9          +14.00
  >20%     243    41%       1795      67.0       7%     0%          0.90    0%         77.6          +11.53

== SUIM n=582  FoRIS 61.44
  bin      n   share  tokens(med)  mean IoU  IoU<0.2  empty  pred/true(med)  >2x  best-level IoU  perfect-bin gain
  0.2-1%    28     5%         20      38.5      43%     0%          1.72   43%         48.8           +1.41
  1-5%     128    22%        105      60.8      18%     0%          0.98   16%         65.4           +3.37
  5-20%    174    30%        437      59.2      18%     0%          1.01   20%         66.7           +9.25
  >20%     248    43%       1909      65.8       6%     0%          0.95    6%         77.6          +17.49
== LVIS n=599  FoRIS 44.22
  bin      recall>=0.5 (FoRIS mask)  recall>=0.5 and IoU<0.5  recall<0.2  recall>=0.5 at field level 0.30   episode-mean IoU if recall>=0.5 cases were perfect
  <0.2%           70%                      58%              16%                85%
  0.2-1%          88%                      54%               7%                94%
  1-5%            87%                      41%               9%                94%
  5-20%           87%                       5%               6%                96%
  >20%            90%                       0%               2%                95%

== PACO-Part n=599  FoRIS 41.95
  bin      recall>=0.5 (FoRIS mask)  recall>=0.5 and IoU<0.5  recall<0.2  recall>=0.5 at field level 0.30   episode-mean IoU if recall>=0.5 cases were perfect
  0.2-1%          88%                      88%               0%               100%
  1-5%            84%                      58%              12%                95%
  5-20%           81%                      39%              12%                94%
  >20%            73%                      14%              10%                93%

== COCO-D n=600  FoRIS 62.42
  bin      recall>=0.5 (FoRIS mask)  recall>=0.5 and IoU<0.5  recall<0.2  recall>=0.5 at field level 0.30   episode-mean IoU if recall>=0.5 cases were perfect
  0.2-1%          90%                      41%               5%                97%
  1-5%            90%                      32%               4%                97%
  5-20%           91%                       8%               5%                97%
  >20%            85%                       6%               4%                97%

== PASCAL-Part n=598  FoRIS 52.03
  bin      recall>=0.5 (FoRIS mask)  recall>=0.5 and IoU<0.5  recall<0.2  recall>=0.5 at field level 0.30   episode-mean IoU if recall>=0.5 cases were perfect
  <0.2%          100%                     100%               0%               100%
  0.2-1%         100%                      86%               0%               100%
  1-5%            88%                      54%               8%                96%
  5-20%           83%                      18%               8%                95%
  >20%            81%                       4%               5%                95%

== SUIM n=582  FoRIS 61.44
  bin      recall>=0.5 (FoRIS mask)  recall>=0.5 and IoU<0.5  recall<0.2  recall>=0.5 at field level 0.30   episode-mean IoU if recall>=0.5 cases were perfect
  0.2-1%          96%                      50%               4%               100%
  1-5%            85%                      15%               7%                95%
  5-20%           85%                      19%               9%                93%
  >20%            85%                      10%               5%                97%
