0
400
800
1200
1600
hard4 mIoU 95.75 pixel acc 98.78 classes with IoU<0.5: 0
soft4 mIoU 98.61 pixel acc 99.64 classes with IoU<0.5: 0
hard8 mIoU 91.88 pixel acc 97.56 classes with IoU<0.5: 0
soft8 mIoU 96.14 pixel acc 98.99 classes with IoU<0.5: 0
hard16 mIoU 85.51 pixel acc 95.37 classes with IoU<0.5: 1
soft16 mIoU 91.52 pixel acc 97.72 classes with IoU<0.5: 1
hard32 mIoU 75.97 pixel acc 91.68 classes with IoU<0.5: 9
soft32 mIoU 83.06 pixel acc 95.09 classes with IoU<0.5: 7
image-class pairs: 16909  per image: 8.45
  pairs covering < 1 cells of 16x16: 3.4%
  pairs covering < 4 cells of 16x16: 12.1%
  pairs covering < 16 cells of 16x16: 28.7%
  pairs covering < 64 cells of 16x16: 51.9%
  pairs covering < 0.1% of the image: 4.5%
  pairs covering < 0.5% of the image: 16.6%
  pairs covering < 1.0% of the image: 25.3%
  pairs covering < 5.0% of the image: 51.3%
