eager_p1_mb1_cached_sdpa 0
eager_p1_mb1_factor_projected_sdpa 0
eager_p1_mb1_cached_merged_explicit 0
eager_p1_mb1_cached_merged_sdpa 0
eager_p1_mb1_factor_merged_explicit 0
eager_p1_mb1_factor_merged_sdpa 0
eager_p128_mb8_dense_assoc_explicit 0
eager_p128_mb8_factor_projected_explicit 0
eager_p128_mb8_cached_merged_explicit 0
eager_p128_mb8_cached_merged_sdpa 0
eager_p128_mb8_factor_merged_explicit 0
eager_p128_mb8_factor_merged_sdpa 0
eager_p128_mb128_dense_assoc_explicit 0
eager_p128_mb128_factor_projected_explicit 0
eager_p128_mb128_cached_merged_explicit 0
eager_p128_mb128_cached_merged_sdpa 0
eager_p128_mb128_factor_merged_explicit 0
eager_p128_mb128_factor_merged_sdpa 0
compile_p1_mb1_cached_sdpa 0
compile_p1_mb1_factor_projected_sdpa 0
compile_p1_mb1_cached_merged_explicit 0
compile_p1_mb1_cached_merged_sdpa 0
compile_p1_mb1_factor_merged_explicit 0
compile_p1_mb1_factor_merged_sdpa 0
compile_p128_mb8_dense_assoc_explicit 0
compile_p128_mb8_factor_projected_explicit 0
compile_p128_mb8_cached_merged_explicit 0
compile_p128_mb8_cached_merged_sdpa 0
compile_p128_mb8_factor_merged_explicit 0
compile_p128_mb8_factor_merged_sdpa 0
compile_p128_mb128_dense_assoc_explicit 0
compile_p128_mb128_factor_projected_explicit 0
compile_p128_mb128_cached_merged_explicit 0
compile_p128_mb128_cached_merged_sdpa 0
compile_p128_mb128_factor_merged_explicit 0
compile_p128_mb128_factor_merged_sdpa 0
