{"progress": "1/26", "label": "compile_p128_mb8_cached_merged_explicit_auto_auto"}
{"label": "compile_p128_mb8_cached_merged_explicit_auto_auto", "status": "DONE"}
{"progress": "2/26", "label": "compile_p128_mb8_cached_merged_sdpa_auto_auto"}
{"label": "compile_p128_mb8_cached_merged_sdpa_auto_auto", "status": "DONE"}
{"progress": "3/26", "label": "compile_p128_mb8_factor_merged_explicit_auto_auto"}
{"label": "compile_p128_mb8_factor_merged_explicit_auto_auto", "status": "DONE"}
{"progress": "4/26", "label": "compile_p128_mb8_dense_assoc_explicit_associated_sparse"}
{"label": "compile_p128_mb8_dense_assoc_explicit_associated_sparse", "status": "DONE"}
{"progress": "5/26", "label": "compile_p128_mb8_dense_assoc_explicit_projected_dense"}
{"label": "compile_p128_mb8_dense_assoc_explicit_projected_dense", "status": "DONE"}
{"progress": "6/26", "label": "compile_p128_mb8_factor_projected_explicit_auto_auto"}
{"label": "compile_p128_mb8_factor_projected_explicit_auto_auto", "status": "DONE"}
{"progress": "7/26", "label": "compile_p128_mb8_dense_phase_explicit_auto_auto"}
{"label": "compile_p128_mb8_dense_phase_explicit_auto_auto", "status": "DONE"}
{"progress": "8/26", "label": "compile_p128_mb8_dense_phase_explicit_associated_sparse"}
{"label": "compile_p128_mb8_dense_phase_explicit_associated_sparse", "status": "DONE"}
{"progress": "9/26", "label": "compile_p128_mb8_dense_phase_explicit_projected_dense"}
{"label": "compile_p128_mb8_dense_phase_explicit_projected_dense", "status": "DONE"}
{"progress": "10/26", "label": "compile_p128_mb8_cached_phase_sdpa_auto_auto"}
{"label": "compile_p128_mb8_cached_phase_sdpa_auto_auto", "status": "DONE"}
{"progress": "11/26", "label": "compile_p128_mb8_factor_phase_explicit_auto_auto"}
{"label": "compile_p128_mb8_factor_phase_explicit_auto_auto", "status": "DONE"}
{"progress": "12/26", "label": "compile_p128_mb128_cached_merged_explicit_auto_auto"}
{"label": "compile_p128_mb128_cached_merged_explicit_auto_auto", "status": "DONE"}
{"progress": "13/26", "label": "compile_p128_mb128_cached_merged_sdpa_auto_auto"}
{"label": "compile_p128_mb128_cached_merged_sdpa_auto_auto", "status": "DONE"}
{"progress": "14/26", "label": "compile_p128_mb128_factor_merged_explicit_auto_auto"}
{"label": "compile_p128_mb128_factor_merged_explicit_auto_auto", "status": "DONE"}
{"progress": "15/26", "label": "compile_p128_mb128_dense_assoc_explicit_associated_sparse"}
{"label": "compile_p128_mb128_dense_assoc_explicit_associated_sparse", "status": "DONE"}
{"progress": "16/26", "label": "compile_p128_mb128_dense_assoc_explicit_projected_dense"}
{"label": "compile_p128_mb128_dense_assoc_explicit_projected_dense", "status": "DONE"}
{"progress": "17/26", "label": "compile_p128_mb128_factor_projected_explicit_auto_auto"}
{"label": "compile_p128_mb128_factor_projected_explicit_auto_auto", "status": "DONE"}
{"progress": "18/26", "label": "compile_p128_mb128_dense_phase_explicit_auto_auto"}
{"label": "compile_p128_mb128_dense_phase_explicit_auto_auto", "status": "DONE"}
{"progress": "19/26", "label": "compile_p128_mb128_dense_phase_explicit_associated_sparse"}
{"label": "compile_p128_mb128_dense_phase_explicit_associated_sparse", "status": "DONE"}
{"progress": "20/26", "label": "compile_p128_mb128_dense_phase_explicit_projected_dense"}
{"label": "compile_p128_mb128_dense_phase_explicit_projected_dense", "status": "DONE"}
{"progress": "21/26", "label": "compile_p128_mb128_cached_phase_sdpa_auto_auto"}
{"label": "compile_p128_mb128_cached_phase_sdpa_auto_auto", "status": "DONE"}
{"progress": "22/26", "label": "compile_p128_mb128_factor_phase_explicit_auto_auto"}
{"label": "compile_p128_mb128_factor_phase_explicit_auto_auto", "status": "DONE"}
{"progress": "23/26", "label": "compile_p128_mb8_factor_implicit_explicit_auto_auto"}
{"label": "compile_p128_mb8_factor_implicit_explicit_auto_auto", "status": "DONE"}
{"progress": "24/26", "label": "compile_p128_mb8_factor_implicit_phase_explicit_auto_auto"}
{"label": "compile_p128_mb8_factor_implicit_phase_explicit_auto_auto", "status": "DONE"}
{"progress": "25/26", "label": "compile_p128_mb128_factor_implicit_explicit_auto_auto"}
{"label": "compile_p128_mb128_factor_implicit_explicit_auto_auto", "status": "DONE"}
{"progress": "26/26", "label": "compile_p128_mb128_factor_implicit_phase_explicit_auto_auto"}
{"label": "compile_p128_mb128_factor_implicit_phase_explicit_auto_auto", "status": "DONE"}
